../Core/Src/bno055.c:90:29:bno055_init	32	static
../Core/Src/bno055.c:186:29:bno055_write_register	8	static
../Core/Src/bno055.c:221:29:bno055_read_register	8	static
../Core/Src/bno055.c:368:29:bno055_read_page_id	24	static
../Core/Src/bno055.c:417:29:bno055_write_page_id	24	static
../Core/Src/bno055.c:252:29:bno055_read_chip_id	24	static
../Core/Src/bno055.c:304:29:bno055_read_sw_rev_id	24	static
../Core/Src/bno055.c:473:29:bno055_read_accel_rev_id	24	static
../Core/Src/bno055.c:525:29:bno055_read_mag_rev_id	24	static
../Core/Src/bno055.c:579:29:bno055_read_gyro_rev_id	24	static
../Core/Src/bno055.c:632:29:bno055_read_bl_rev_id	24	static
../Core/Src/bno055.c:689:29:bno055_read_accel_x	24	static
../Core/Src/bno055.c:755:29:bno055_read_accel_y	24	static
../Core/Src/bno055.c:823:29:bno055_read_accel_z	24	static
../Core/Src/bno055.c:894:29:bno055_read_accel_xyz	24	static
../Core/Src/bno055.c:988:29:bno055_read_mag_x	24	static
../Core/Src/bno055.c:1056:29:bno055_read_mag_y	24	static
../Core/Src/bno055.c:1125:29:bno055_read_mag_z	24	static
../Core/Src/bno055.c:1197:29:bno055_read_mag_xyz	24	static
../Core/Src/bno055.c:1291:29:bno055_read_gyro_x	24	static
../Core/Src/bno055.c:1354:29:bno055_read_gyro_y	24	static
../Core/Src/bno055.c:1412:29:bno055_read_gyro_z	24	static
../Core/Src/bno055.c:1478:29:bno055_read_gyro_xyz	24	static
../Core/Src/bno055.c:1566:29:bno055_read_euler_h	24	static
../Core/Src/bno055.c:1628:29:bno055_read_euler_r	24	static
../Core/Src/bno055.c:1691:29:bno055_read_euler_p	24	static
../Core/Src/bno055.c:1761:29:bno055_read_euler_hrp	24	static
../Core/Src/bno055.c:1856:29:bno055_read_quaternion_w	24	static
../Core/Src/bno055.c:1920:29:bno055_read_quaternion_x	24	static
../Core/Src/bno055.c:1984:29:bno055_read_quaternion_y	24	static
../Core/Src/bno055.c:2048:29:bno055_read_quaternion_z	24	static
../Core/Src/bno055.c:2121:29:bno055_read_quaternion_wxyz	24	static
../Core/Src/bno055.c:2231:29:bno055_read_linear_accel_x	24	static
../Core/Src/bno055.c:2295:29:bno055_read_linear_accel_y	24	static
../Core/Src/bno055.c:2359:29:bno055_read_linear_accel_z	24	static
../Core/Src/bno055.c:2429:29:bno055_read_linear_accel_xyz	24	static
../Core/Src/bno055.c:2519:29:bno055_read_gravity_x	24	static
../Core/Src/bno055.c:2583:29:bno055_read_gravity_y	24	static
../Core/Src/bno055.c:2647:29:bno055_read_gravity_z	24	static
../Core/Src/bno055.c:2718:29:bno055_read_gravity_xyz	24	static
../Core/Src/bno055.c:2808:29:bno055_read_temp_data	24	static
../Core/Src/bno055.c:3298:29:bno055_convert_float_mag_x_uT	16	static
../Core/Src/bno055.c:3335:29:bno055_convert_float_mag_y_uT	16	static
../Core/Src/bno055.c:3372:29:bno055_convert_float_mag_z_uT	16	static
../Core/Src/bno055.c:3414:29:bno055_convert_float_mag_xyz_uT	16	static
../Core/Src/bno055.c:4283:29:bno055_convert_float_linear_accel_x_msq	16	static
../Core/Src/bno055.c:4317:29:bno055_convert_float_linear_accel_y_msq	16	static
../Core/Src/bno055.c:4350:29:bno055_convert_float_linear_accel_z_msq	16	static
../Core/Src/bno055.c:4391:29:bno055_convert_float_linear_accel_xyz_msq	16	static
../Core/Src/bno055.c:4427:29:bno055_convert_gravity_float_x_msq	16	static
../Core/Src/bno055.c:4461:29:bno055_convert_gravity_float_y_msq	16	static
../Core/Src/bno055.c:4494:29:bno055_convert_gravity_float_z_msq	16	static
../Core/Src/bno055.c:4535:29:bno055_convert_float_gravity_xyz_msq	16	static
../Core/Src/bno055.c:5111:29:bno055_convert_double_mag_x_uT	16	static
../Core/Src/bno055.c:5149:29:bno055_convert_double_mag_y_uT	16	static
../Core/Src/bno055.c:5187:29:bno055_convert_double_mag_z_uT	16	static
../Core/Src/bno055.c:5229:29:bno055_convert_double_mag_xyz_uT	16	static
../Core/Src/bno055.c:6106:29:bno055_convert_double_linear_accel_x_msq	16	static
../Core/Src/bno055.c:6141:29:bno055_convert_double_linear_accel_y_msq	16	static
../Core/Src/bno055.c:6176:29:bno055_convert_double_linear_accel_z_msq	16	static
../Core/Src/bno055.c:6216:29:bno055_convert_double_linear_accel_xyz_msq	16	static
../Core/Src/bno055.c:6253:29:bno055_convert_gravity_double_x_msq	16	static
../Core/Src/bno055.c:6287:29:bno055_convert_gravity_double_y_msq	16	static
../Core/Src/bno055.c:6321:29:bno055_convert_gravity_double_z_msq	16	static
../Core/Src/bno055.c:6361:29:bno055_convert_double_gravity_xyz_msq	16	static
../Core/Src/bno055.c:6496:29:bno055_get_mag_calib_stat	24	static
../Core/Src/bno055.c:6548:29:bno055_get_accel_calib_stat	24	static
../Core/Src/bno055.c:6600:29:bno055_get_gyro_calib_stat	24	static
../Core/Src/bno055.c:6652:29:bno055_get_sys_calib_stat	24	static
../Core/Src/bno055.c:6708:29:bno055_get_selftest_accel	24	static
../Core/Src/bno055.c:6764:29:bno055_get_selftest_mag	24	static
../Core/Src/bno055.c:6820:29:bno055_get_selftest_gyro	24	static
../Core/Src/bno055.c:6876:29:bno055_get_selftest_mcu	24	static
../Core/Src/bno055.c:6939:29:bno055_get_intr_stat_gyro_any_motion	24	static
../Core/Src/bno055.c:7001:29:bno055_get_intr_stat_gyro_highrate	24	static
../Core/Src/bno055.c:7064:29:bno055_get_intr_stat_accel_high_g	24	static
../Core/Src/bno055.c:7126:29:bno055_get_intr_stat_accel_any_motion	24	static
../Core/Src/bno055.c:7189:29:bno055_get_intr_stat_accel_no_motion	24	static
../Core/Src/bno055.c:7243:29:bno055_get_stat_main_clk	24	static
../Core/Src/bno055.c:7295:29:bno055_get_sys_stat_code	24	static
../Core/Src/bno055.c:7348:29:bno055_get_sys_error_code	24	static
../Core/Src/bno055.c:7404:29:bno055_get_accel_unit	24	static
../Core/Src/bno055.c:7538:29:bno055_get_gyro_unit	24	static
../Core/Src/bno055.c:7672:29:bno055_get_euler_unit	24	static
../Core/Src/bno055.c:7806:29:bno055_get_tilt_unit	24	static
../Core/Src/bno055.c:7941:29:bno055_get_temp_unit	24	static
../Core/Src/bno055.c:8074:29:bno055_get_data_output_format	24	static
../Core/Src/bno055.c:8229:29:bno055_get_operation_mode	24	static
../Core/Src/bno055.c:8309:29:bno055_set_operation_mode	24	static
../Core/Src/bno055.c:7461:29:bno055_set_accel_unit	24	static
../Core/Src/bno055.c:2863:29:bno055_convert_float_accel_x_msq	24	static
../Core/Src/bno055.c:2918:29:bno055_convert_float_accel_x_mg	24	static
../Core/Src/bno055.c:2971:29:bno055_convert_float_accel_y_msq	24	static
../Core/Src/bno055.c:3023:29:bno055_convert_float_accel_y_mg	24	static
../Core/Src/bno055.c:3076:29:bno055_convert_float_accel_z_msq	24	static
../Core/Src/bno055.c:3130:29:bno055_convert_float_accel_z_mg	24	static
../Core/Src/bno055.c:3187:29:bno055_convert_float_accel_xyz_msq	32	static
../Core/Src/bno055.c:3245:29:bno055_convert_float_accel_xyz_mg	32	static
../Core/Src/bno055.c:4678:29:bno055_convert_double_accel_x_msq	24	static
../Core/Src/bno055.c:4732:29:bno055_convert_double_accel_x_mg	24	static
../Core/Src/bno055.c:4786:29:bno055_convert_double_accel_y_msq	24	static
../Core/Src/bno055.c:4839:29:bno055_convert_double_accel_y_mg	24	static
../Core/Src/bno055.c:4890:29:bno055_convert_double_accel_z_msq	24	static
../Core/Src/bno055.c:4942:29:bno055_convert_double_accel_z_mg	24	static
../Core/Src/bno055.c:5000:29:bno055_convert_double_accel_xyz_msq	32	static
../Core/Src/bno055.c:5057:29:bno055_convert_double_accel_xyz_mg	32	static
../Core/Src/bno055.c:7595:29:bno055_set_gyro_unit	24	static
../Core/Src/bno055.c:3450:29:bno055_convert_float_gyro_x_dps	24	static
../Core/Src/bno055.c:3502:29:bno055_convert_float_gyro_x_rps	24	static
../Core/Src/bno055.c:3554:29:bno055_convert_float_gyro_y_dps	24	static
../Core/Src/bno055.c:3607:29:bno055_convert_float_gyro_y_rps	24	static
../Core/Src/bno055.c:3659:29:bno055_convert_float_gyro_z_dps	24	static
../Core/Src/bno055.c:3711:29:bno055_convert_float_gyro_z_rps	24	static
../Core/Src/bno055.c:3769:29:bno055_convert_float_gyro_xyz_dps	32	static
../Core/Src/bno055.c:3827:29:bno055_convert_float_gyro_xyz_rps	32	static
../Core/Src/bno055.c:5267:29:bno055_convert_double_gyro_x_dps	24	static
../Core/Src/bno055.c:5320:29:bno055_convert_double_gyro_x_rps	24	static
../Core/Src/bno055.c:5373:29:bno055_convert_double_gyro_y_dps	24	static
../Core/Src/bno055.c:5426:29:bno055_convert_double_gyro_y_rps	24	static
../Core/Src/bno055.c:5479:29:bno055_convert_double_gyro_z_dps	24	static
../Core/Src/bno055.c:5532:29:bno055_convert_double_gyro_z_rps	24	static
../Core/Src/bno055.c:5589:29:bno055_convert_double_gyro_xyz_dps	32	static
../Core/Src/bno055.c:5646:29:bno055_convert_double_gyro_xyz_rps	32	static
../Core/Src/bno055.c:7729:29:bno055_set_euler_unit	24	static
../Core/Src/bno055.c:3878:29:bno055_convert_float_euler_h_deg	24	static
../Core/Src/bno055.c:3929:29:bno055_convert_float_euler_h_rad	24	static
../Core/Src/bno055.c:3977:29:bno055_convert_float_euler_r_deg	24	static
../Core/Src/bno055.c:4025:29:bno055_convert_float_euler_r_rad	24	static
../Core/Src/bno055.c:4073:29:bno055_convert_float_euler_p_deg	24	static
../Core/Src/bno055.c:4122:29:bno055_convert_float_euler_p_rad	24	static
../Core/Src/bno055.c:4177:29:bno055_convert_float_euler_hpr_deg	32	static
../Core/Src/bno055.c:4234:29:bno055_convert_float_euler_hpr_rad	32	static
../Core/Src/bno055.c:5697:29:bno055_convert_double_euler_h_deg	24	static
../Core/Src/bno055.c:5746:29:bno055_convert_double_euler_h_rad	24	static
../Core/Src/bno055.c:5795:29:bno055_convert_double_euler_r_deg	24	static
../Core/Src/bno055.c:5844:29:bno055_convert_double_euler_r_rad	24	static
../Core/Src/bno055.c:5893:29:bno055_convert_double_euler_p_deg	24	static
../Core/Src/bno055.c:5942:29:bno055_convert_double_euler_p_rad	24	static
../Core/Src/bno055.c:5997:29:bno055_convert_double_euler_hpr_deg	32	static
../Core/Src/bno055.c:6054:29:bno055_convert_double_euler_hpr_rad	24	static
../Core/Src/bno055.c:7866:29:bno055_set_tilt_unit	24	static
../Core/Src/bno055.c:7998:29:bno055_set_temp_unit	24	static
../Core/Src/bno055.c:4571:29:bno055_convert_float_temp_fahrenheit	24	static
../Core/Src/bno055.c:4623:29:bno055_convert_float_temp_celsius	24	static
../Core/Src/bno055.c:6397:29:bno055_convert_double_temp_fahrenheit	24	static
../Core/Src/bno055.c:6446:29:bno055_convert_double_temp_celsius	24	static
../Core/Src/bno055.c:8131:29:bno055_set_data_output_format	24	static
../Core/Src/bno055.c:8429:29:bno055_get_power_mode	24	static
../Core/Src/bno055.c:8496:29:bno055_set_power_mode	24	static
../Core/Src/bno055.c:8573:29:bno055_get_intr_rst	24	static
../Core/Src/bno055.c:8630:29:bno055_set_intr_rst	24	static
../Core/Src/bno055.c:8691:29:bno055_get_clk_src	24	static
../Core/Src/bno055.c:8747:29:bno055_set_clk_src	24	static
../Core/Src/bno055.c:8809:29:bno055_get_sys_rst	24	static
../Core/Src/bno055.c:8866:29:bno055_set_sys_rst	24	static
../Core/Src/bno055.c:8928:29:bno055_get_selftest	24	static
../Core/Src/bno055.c:8987:29:bno055_set_selftest	24	static
../Core/Src/bno055.c:9064:29:bno055_get_temp_source	24	static
../Core/Src/bno055.c:9121:29:bno055_set_temp_source	24	static
../Core/Src/bno055.c:9214:29:bno055_get_axis_remap_value	24	static
../Core/Src/bno055.c:9287:29:bno055_set_axis_remap_value	24	static
../Core/Src/bno055.c:9390:29:bno055_get_remap_x_sign	24	static
../Core/Src/bno055.c:9446:29:bno055_set_remap_x_sign	24	static
../Core/Src/bno055.c:9522:29:bno055_get_remap_y_sign	24	static
../Core/Src/bno055.c:9578:29:bno055_set_remap_y_sign	24	static
../Core/Src/bno055.c:9654:29:bno055_get_remap_z_sign	24	static
../Core/Src/bno055.c:9710:29:bno055_set_remap_z_sign	24	static
../Core/Src/bno055.c:9795:29:bno055_read_sic_matrix	40	static
../Core/Src/bno055.c:9973:29:bno055_write_sic_matrix	32	static
../Core/Src/bno055.c:10312:29:bno055_read_accel_offset	24	static
../Core/Src/bno055.c:10452:29:bno055_write_accel_offset	32	static
../Core/Src/bno055.c:10631:29:bno055_read_mag_offset	24	static
../Core/Src/bno055.c:10761:29:bno055_write_mag_offset	32	static
../Core/Src/bno055.c:10951:29:bno055_read_gyro_offset	24	static
../Core/Src/bno055.c:11065:29:bno055_write_gyro_offset	32	static
../Core/Src/bno055.c:11218:29:bno055_get_accel_range	24	static
../Core/Src/bno055.c:11277:29:bno055_set_accel_range	24	static
../Core/Src/bno055.c:11377:29:bno055_get_accel_bw	24	static
../Core/Src/bno055.c:11440:29:bno055_set_accel_bw	24	static
../Core/Src/bno055.c:11537:29:bno055_get_accel_power_mode	24	static
../Core/Src/bno055.c:11597:29:bno055_set_accel_power_mode	24	static
../Core/Src/bno055.c:11697:29:bno055_get_mag_data_output_rate	24	static
../Core/Src/bno055.c:11760:29:bno055_set_mag_data_output_rate	24	static
../Core/Src/bno055.c:11859:29:bno055_get_mag_operation_mode	24	static
../Core/Src/bno055.c:11918:29:bno055_set_mag_operation_mode	24	static
../Core/Src/bno055.c:12015:29:bno055_get_mag_power_mode	24	static
../Core/Src/bno055.c:12074:29:bno055_set_mag_power_mode	24	static
../Core/Src/bno055.c:12171:29:bno055_get_gyro_range	24	static
../Core/Src/bno055.c:12231:29:bno055_set_gyro_range	24	static
../Core/Src/bno055.c:12331:29:bno055_get_gyro_bw	24	static
../Core/Src/bno055.c:12534:29:bno055_get_gyro_power_mode	24	static
../Core/Src/bno055.c:12718:29:bno055_get_accel_sleep_tmr_mode	24	static
../Core/Src/bno055.c:12775:29:bno055_set_accel_sleep_tmr_mode	24	static
../Core/Src/bno055.c:12879:29:bno055_get_accel_sleep_durn	24	static
../Core/Src/bno055.c:12945:29:bno055_set_accel_sleep_durn	24	static
../Core/Src/bno055.c:13035:29:bno055_get_gyro_sleep_durn	24	static
../Core/Src/bno055.c:13087:29:bno055_set_gyro_sleep_durn	24	static
../Core/Src/bno055.c:13177:29:bno055_get_gyro_auto_sleep_durn	24	static
../Core/Src/bno055.c:13230:29:bno055_gyro_set_auto_sleep_durn	32	static
../Core/Src/bno055.c:12393:29:bno055_set_gyro_bw	24	static
../Core/Src/bno055.c:12594:29:bno055_set_gyro_power_mode	24	static
../Core/Src/bno055.c:13413:29:bno055_get_mag_sleep_mode	24	static
../Core/Src/bno055.c:13465:29:bno055_set_mag_sleep_mode	24	static
../Core/Src/bno055.c:13548:29:bno055_get_mag_sleep_durn	24	static
../Core/Src/bno055.c:13600:29:bno055_set_mag_sleep_durn	24	static
../Core/Src/bno055.c:13707:29:bno055_get_intr_mask_gyro_any_motion	24	static
../Core/Src/bno055.c:13783:29:bno055_set_intr_mask_gyro_any_motion	24	static
../Core/Src/bno055.c:13879:29:bno055_get_intr_mask_gyro_highrate	24	static
../Core/Src/bno055.c:13970:29:bno055_set_intr_mask_gyro_highrate	24	static
../Core/Src/bno055.c:14047:29:bno055_get_intr_mask_accel_high_g	24	static
../Core/Src/bno055.c:14118:29:bno055_set_intr_mask_accel_high_g	24	static
../Core/Src/bno055.c:14195:29:bno055_get_intr_mask_accel_any_motion	24	static
../Core/Src/bno055.c:14265:29:bno055_set_intr_mask_accel_any_motion	24	static
../Core/Src/bno055.c:14339:29:bno055_get_intr_mask_accel_no_motion	24	static
../Core/Src/bno055.c:14413:29:bno055_set_intr_mask_accel_no_motion	24	static
../Core/Src/bno055.c:14495:29:bno055_get_intr_gyro_any_motion	24	static
../Core/Src/bno055.c:14570:29:bno055_set_intr_gyro_any_motion	24	static
../Core/Src/bno055.c:14666:29:bno055_get_intr_gyro_highrate	24	static
../Core/Src/bno055.c:14757:29:bno055_set_intr_gyro_highrate	24	static
../Core/Src/bno055.c:14833:29:bno055_get_intr_accel_high_g	24	static
../Core/Src/bno055.c:14904:29:bno055_set_intr_accel_high_g	24	static
../Core/Src/bno055.c:14979:29:bno055_get_intr_accel_any_motion	24	static
../Core/Src/bno055.c:15049:29:bno055_set_intr_accel_any_motion	24	static
../Core/Src/bno055.c:15128:29:bno055_get_intr_accel_no_motion	24	static
../Core/Src/bno055.c:15202:29:bno055_set_intr_accel_no_motion	24	static
../Core/Src/bno055.c:15274:29:bno055_get_accel_any_motion_thres	24	static
../Core/Src/bno055.c:15339:29:bno055_set_accel_any_motion_thres	24	static
../Core/Src/bno055.c:15428:29:bno055_get_accel_any_motion_durn	24	static
../Core/Src/bno055.c:15485:29:bno055_set_accel_any_motion_durn	24	static
../Core/Src/bno055.c:15580:29:bno055_get_accel_any_motion_no_motion_axis_enable	24	static
../Core/Src/bno055.c:15669:29:bno055_set_accel_any_motion_no_motion_axis_enable	32	static
../Core/Src/bno055.c:15805:29:bno055_get_accel_high_g_axis_enable	24	static
../Core/Src/bno055.c:15894:29:bno055_set_accel_high_g_axis_enable	32	static
../Core/Src/bno055.c:16024:29:bno055_get_accel_high_g_durn	24	static
../Core/Src/bno055.c:16080:29:bno055_set_accel_high_g_durn	24	static
../Core/Src/bno055.c:16172:29:bno055_get_accel_high_g_thres	24	static
../Core/Src/bno055.c:16233:29:bno055_set_accel_high_g_thres	24	static
../Core/Src/bno055.c:16325:29:bno055_get_accel_slow_no_motion_thres	24	static
../Core/Src/bno055.c:16386:29:bno055_set_accel_slow_no_motion_thres	24	static
../Core/Src/bno055.c:16474:29:bno055_get_accel_slow_no_motion_enable	24	static
../Core/Src/bno055.c:16529:29:bno055_set_accel_slow_no_motion_enable	24	static
../Core/Src/bno055.c:16614:29:bno055_get_accel_slow_no_motion_durn	24	static
../Core/Src/bno055.c:16666:29:bno055_set_accel_slow_no_motion_durn	24	static
../Core/Src/bno055.c:16762:29:bno055_get_gyro_any_motion_axis_enable	24	static
../Core/Src/bno055.c:16851:29:bno055_set_gyro_any_motion_axis_enable	32	static
../Core/Src/bno055.c:16988:29:bno055_get_gyro_highrate_axis_enable	24	static
../Core/Src/bno055.c:17077:29:bno055_set_gyro_highrate_axis_enable	32	static
../Core/Src/bno055.c:17206:29:bno055_get_gyro_any_motion_filter	24	static
../Core/Src/bno055.c:17261:29:bno055_set_gyro_any_motion_filter	24	static
../Core/Src/bno055.c:17349:29:bno055_get_gyro_highrate_filter	24	static
../Core/Src/bno055.c:17404:29:bno055_set_gyro_highrate_filter	24	static
../Core/Src/bno055.c:17496:29:bno055_get_gyro_highrate_x_thres	24	static
../Core/Src/bno055.c:17557:29:bno055_set_gyro_highrate_x_thres	24	static
../Core/Src/bno055.c:17652:29:bno055_get_gyro_highrate_x_hyst	24	static
../Core/Src/bno055.c:17715:29:bno055_set_gyro_highrate_x_hyst	24	static
../Core/Src/bno055.c:17801:29:bno055_get_gyro_highrate_x_durn	24	static
../Core/Src/bno055.c:17855:29:bno055_set_gyro_highrate_x_durn	24	static
../Core/Src/bno055.c:17947:29:bno055_get_gyro_highrate_y_thres	24	static
../Core/Src/bno055.c:18008:29:bno055_set_gyro_highrate_y_thres	24	static
../Core/Src/bno055.c:18102:29:bno055_get_gyro_highrate_y_hyst	24	static
../Core/Src/bno055.c:18164:29:bno055_set_gyro_highrate_y_hyst	24	static
../Core/Src/bno055.c:18249:29:bno055_get_gyro_highrate_y_durn	24	static
../Core/Src/bno055.c:18303:29:bno055_set_gyro_highrate_y_durn	24	static
../Core/Src/bno055.c:18395:29:bno055_get_gyro_highrate_z_thres	24	static
../Core/Src/bno055.c:18456:29:bno055_set_gyro_highrate_z_thres	24	static
../Core/Src/bno055.c:18550:29:bno055_get_gyro_highrate_z_hyst	24	static
../Core/Src/bno055.c:18612:29:bno055_set_gyro_highrate_z_hyst	24	static
../Core/Src/bno055.c:18697:29:bno055_get_gyro_highrate_z_durn	24	static
../Core/Src/bno055.c:18751:29:bno055_set_gyro_highrate_z_durn	24	static
../Core/Src/bno055.c:18842:29:bno055_get_gyro_any_motion_thres	24	static
../Core/Src/bno055.c:18902:29:bno055_set_gyro_any_motion_thres	24	static
../Core/Src/bno055.c:18992:29:bno055_get_gyro_any_motion_slope_samples	24	static
../Core/Src/bno055.c:19050:29:bno055_set_gyro_any_motion_slope_samples	24	static
../Core/Src/bno055.c:19134:29:bno055_get_gyro_any_motion_awake_durn	24	static
../Core/Src/bno055.c:19185:29:bno055_set_gyro_any_motion_awake_durn	24	static
