../Core/Src/kalman.c:3:6:init_kalman	16	static
../Core/Src/kalman.c:30:6:vec_cross	0	static
../Core/Src/kalman.c:36:7:vec_dot	0	static
../Core/Src/kalman.c:40:7:magnitude	8	static
../Core/Src/kalman.c:42:7:magnitudeq	8	static
../Core/Src/kalman.c:46:6:skew	0	static
../Core/Src/kalman.c:52:6:transpose3	0	static
../Core/Src/kalman.c:58:6:transpose6	12	static
../Core/Src/kalman.c:64:6:mat_mul3	16	static
../Core/Src/kalman.c:76:6:mat_mul6	28	static
../Core/Src/kalman.c:88:6:mat_add6	20	static
../Core/Src/kalman.c:96:6:mat_sub6	20	static
../Core/Src/kalman.c:104:6:cholesky	48	static
../Core/Src/kalman.c:121:6:kalman_predict	520	static
../Core/Src/kalman.c:193:6:kalman_correction	2056	static
