../Core/Src/kalman.c:3:6:init_kalman	8	static
../Core/Src/kalman.c:27:6:vec_cross	0	static
../Core/Src/kalman.c:33:7:vec_dot	0	static
../Core/Src/kalman.c:37:7:magnitude	8	static
../Core/Src/kalman.c:41:7:magnitudeq	8	static
../Core/Src/kalman.c:45:6:skew	0	static
../Core/Src/kalman.c:52:6:transpose3	0	static
../Core/Src/kalman.c:58:6:transpose6	12	static
../Core/Src/kalman.c:64:6:mat_mul6	28	static
../Core/Src/kalman.c:76:6:mat_add6	20	static
../Core/Src/kalman.c:84:6:mat_sub6	20	static
../Core/Src/kalman.c:92:6:cholesky	48	static
../Core/Src/kalman.c:109:6:kalman_predict	520	static
../Core/Src/kalman.c:177:6:kalman_correction	2048	static
