../Core/Src/stm32h7xx_hal_msp.c:65:6:HAL_MspInit	8	static
../Core/Src/stm32h7xx_hal_msp.c:89:6:HAL_I2C_MspInit	232	static
../Core/Src/stm32h7xx_hal_msp.c:136:6:HAL_I2C_MspDeInit	8	static
../Core/Src/stm32h7xx_hal_msp.c:167:6:HAL_TIM_Base_MspInit	8	static
../Core/Src/stm32h7xx_hal_msp.c:184:6:HAL_TIM_MspPostInit	32	static
../Core/Src/stm32h7xx_hal_msp.c:218:6:HAL_TIM_Base_MspDeInit	0	static
../Core/Src/stm32h7xx_hal_msp.c:240:6:HAL_UART_MspInit	232	static
../Core/Src/stm32h7xx_hal_msp.c:288:6:HAL_UART_MspDeInit	0	static
