../Core/Src/main.c:84:5:main	40	static
../Core/Src/main.c:171:6:SystemClock_Config	120	static
../Core/Src/main.c:222:13:MX_I2C1_Init	8	static
../Core/Src/main.c:270:13:MX_TIM1_Init	112	static
../Core/Src/main.c:358:13:MX_USART1_UART_Init	8	static
../Core/Src/main.c:406:13:MX_GPIO_Init	56	static
../Core/Src/main.c:475:6:StartDefaultTask	16	static
../Core/Src/main.c:488:6:MPU_Config	24	static
../Core/Src/main.c:523:6:HAL_TIM_PeriodElapsedCallback	16	static
../Core/Src/main.c:540:6:Error_Handler	4	static,ignoring_inline_asm
