../Core/Src/main.c:84:20:tca_ch	24	static
../Core/Src/main.c:87:18:bno055_i2c_read	32	static
../Core/Src/main.c:96:18:bno055_i2c_write	32	static
../Core/Src/main.c:108:21:quat_to_yaw	24	static
../Core/Src/main.c:114:21:wrap_pi	16	static
../Core/Src/main.c:128:5:main	8	static
../Core/Src/main.c:212:6:SystemClock_Config	120	static
../Core/Src/main.c:263:13:MX_I2C1_Init	8	static
../Core/Src/main.c:311:13:MX_TIM1_Init	112	static
../Core/Src/main.c:399:13:MX_USART1_UART_Init	8	static
../Core/Src/main.c:447:13:MX_GPIO_Init	56	static
../Core/Src/main.c:515:6:StartDefaultTask	472	static
../Core/Src/main.c:589:6:MPU_Config	24	static
../Core/Src/main.c:624:6:HAL_TIM_PeriodElapsedCallback	16	static
../Core/Src/main.c:641:6:Error_Handler	4	static,ignoring_inline_asm
