Archive member included to satisfy reference by file (symbol)

/home/jonathan/st/stm32cubeide_1.19.0/plugins/com.st.stm32cube.ide.mcu.externaltools.gnu-tools-for-stm32.13.3.rel1.linux64_1.0.0.202410170706/tools/bin/../lib/gcc/arm-none-eabi/13.3.1/../../../../arm-none-eabi/lib/thumb/v7e-m+dp/hard/libc_nano.a(libc_a-exit.o)
                              /home/jonathan/st/stm32cubeide_1.19.0/plugins/com.st.stm32cube.ide.mcu.externaltools.gnu-tools-for-stm32.13.3.rel1.linux64_1.0.0.202410170706/tools/bin/../lib/gcc/arm-none-eabi/13.3.1/../../../../arm-none-eabi/lib/thumb/v7e-m+dp/hard/crt0.o (exit)
/home/jonathan/st/stm32cubeide_1.19.0/plugins/com.st.stm32cube.ide.mcu.externaltools.gnu-tools-for-stm32.13.3.rel1.linux64_1.0.0.202410170706/tools/bin/../lib/gcc/arm-none-eabi/13.3.1/../../../../arm-none-eabi/lib/thumb/v7e-m+dp/hard/libc_nano.a(libc_a-nano-vfprintf_float.o)
                              (_printf_float)
/home/jonathan/st/stm32cubeide_1.19.0/plugins/com.st.stm32cube.ide.mcu.externaltools.gnu-tools-for-stm32.13.3.rel1.linux64_1.0.0.202410170706/tools/bin/../lib/gcc/arm-none-eabi/13.3.1/../../../../arm-none-eabi/lib/thumb/v7e-m+dp/hard/libc_nano.a(libc_a-nano-vfprintf_i.o)
                              /home/jonathan/st/stm32cubeide_1.19.0/plugins/com.st.stm32cube.ide.mcu.externaltools.gnu-tools-for-stm32.13.3.rel1.linux64_1.0.0.202410170706/tools/bin/../lib/gcc/arm-none-eabi/13.3.1/../../../../arm-none-eabi/lib/thumb/v7e-m+dp/hard/libc_nano.a(libc_a-nano-vfprintf_float.o) (_printf_common)
/home/jonathan/st/stm32cubeide_1.19.0/plugins/com.st.stm32cube.ide.mcu.externaltools.gnu-tools-for-stm32.13.3.rel1.linux64_1.0.0.202410170706/tools/bin/../lib/gcc/arm-none-eabi/13.3.1/../../../../arm-none-eabi/lib/thumb/v7e-m+dp/hard/libc_nano.a(libc_a-nano-vfscanf_float.o)
                              (_scanf_float)
/home/jonathan/st/stm32cubeide_1.19.0/plugins/com.st.stm32cube.ide.mcu.externaltools.gnu-tools-for-stm32.13.3.rel1.linux64_1.0.0.202410170706/tools/bin/../lib/gcc/arm-none-eabi/13.3.1/../../../../arm-none-eabi/lib/thumb/v7e-m+dp/hard/libc_nano.a(libc_a-findfp.o)
                              ./Middlewares/Third_Party/FreeRTOS/Source/tasks.o (__sf)
/home/jonathan/st/stm32cubeide_1.19.0/plugins/com.st.stm32cube.ide.mcu.externaltools.gnu-tools-for-stm32.13.3.rel1.linux64_1.0.0.202410170706/tools/bin/../lib/gcc/arm-none-eabi/13.3.1/../../../../arm-none-eabi/lib/thumb/v7e-m+dp/hard/libc_nano.a(libc_a-fwalk.o)
                              /home/jonathan/st/stm32cubeide_1.19.0/plugins/com.st.stm32cube.ide.mcu.externaltools.gnu-tools-for-stm32.13.3.rel1.linux64_1.0.0.202410170706/tools/bin/../lib/gcc/arm-none-eabi/13.3.1/../../../../arm-none-eabi/lib/thumb/v7e-m+dp/hard/libc_nano.a(libc_a-findfp.o) (_fwalk_sglue)
/home/jonathan/st/stm32cubeide_1.19.0/plugins/com.st.stm32cube.ide.mcu.externaltools.gnu-tools-for-stm32.13.3.rel1.linux64_1.0.0.202410170706/tools/bin/../lib/gcc/arm-none-eabi/13.3.1/../../../../arm-none-eabi/lib/thumb/v7e-m+dp/hard/libc_nano.a(libc_a-printf.o)
                              ./Core/Src/kalman.o (printf)
/home/jonathan/st/stm32cubeide_1.19.0/plugins/com.st.stm32cube.ide.mcu.externaltools.gnu-tools-for-stm32.13.3.rel1.linux64_1.0.0.202410170706/tools/bin/../lib/gcc/arm-none-eabi/13.3.1/../../../../arm-none-eabi/lib/thumb/v7e-m+dp/hard/libc_nano.a(libc_a-sprintf.o)
                              /home/jonathan/st/stm32cubeide_1.19.0/plugins/com.st.stm32cube.ide.mcu.externaltools.gnu-tools-for-stm32.13.3.rel1.linux64_1.0.0.202410170706/tools/bin/../lib/gcc/arm-none-eabi/13.3.1/../../../../arm-none-eabi/lib/thumb/v7e-m+dp/hard/libc_nano.a(libc_a-nano-vfscanf_float.o) (sprintf)
/home/jonathan/st/stm32cubeide_1.19.0/plugins/com.st.stm32cube.ide.mcu.externaltools.gnu-tools-for-stm32.13.3.rel1.linux64_1.0.0.202410170706/tools/bin/../lib/gcc/arm-none-eabi/13.3.1/../../../../arm-none-eabi/lib/thumb/v7e-m+dp/hard/libc_nano.a(libc_a-stdio.o)
                              /home/jonathan/st/stm32cubeide_1.19.0/plugins/com.st.stm32cube.ide.mcu.externaltools.gnu-tools-for-stm32.13.3.rel1.linux64_1.0.0.202410170706/tools/bin/../lib/gcc/arm-none-eabi/13.3.1/../../../../arm-none-eabi/lib/thumb/v7e-m+dp/hard/libc_nano.a(libc_a-findfp.o) (__sread)
/home/jonathan/st/stm32cubeide_1.19.0/plugins/com.st.stm32cube.ide.mcu.externaltools.gnu-tools-for-stm32.13.3.rel1.linux64_1.0.0.202410170706/tools/bin/../lib/gcc/arm-none-eabi/13.3.1/../../../../arm-none-eabi/lib/thumb/v7e-m+dp/hard/libc_nano.a(libc_a-memset.o)
                              /home/jonathan/st/stm32cubeide_1.19.0/plugins/com.st.stm32cube.ide.mcu.externaltools.gnu-tools-for-stm32.13.3.rel1.linux64_1.0.0.202410170706/tools/bin/../lib/gcc/arm-none-eabi/13.3.1/../../../../arm-none-eabi/lib/thumb/v7e-m+dp/hard/crt0.o (memset)
[...]
Memory Configuration

Name             Origin             Length             Attributes
FLASH            0x08000000         0x00200000         xr
DTCMRAM          0x20000000         0x00020000         xrw
RAM_D1           0x24000000         0x00080000         xrw
RAM_D2           0x30000000         0x00048000         xrw
RAM_D3           0x38000000         0x00010000         xrw
ITCMRAM          0x00000000         0x00010000         xrw
*default*        0x00000000         0xffffffff

Linker script and memory map

LOAD /home/jonathan/st/stm32cubeide_1.19.0/plugins/com.st.stm32cube.ide.mcu.externaltools.gnu-tools-for-stm32.13.3.rel1.linux64_1.0.0.202410170706/tools/bin/../lib/gcc/arm-none-eabi/13.3.1/thumb/v7e-m+dp/hard/crti.o
LOAD /home/jonathan/st/stm32cubeide_1.19.0/plugins/com.st.stm32cube.ide.mcu.externaltools.gnu-tools-for-stm32.13.3.rel1.linux64_1.0.0.202410170706/tools/bin/../lib/gcc/arm-none-eabi/13.3.1/thumb/v7e-m+dp/hard/crtbegin.o
LOAD /home/jonathan/st/stm32cubeide_1.19.0/plugins/com.st.stm32cube.ide.mcu.externaltools.gnu-tools-for-stm32.13.3.rel1.linux64_1.0.0.202410170706/tools/bin/../lib/gcc/arm-none-eabi/13.3.1/../../../../arm-none-eabi/lib/thumb/v7e-m+dp/hard/crt0.o
LOAD ./Core/Src/bno055.o
LOAD ./Core/Src/freertos.o
LOAD ./Core/Src/kalman.o
LOAD ./Core/Src/main.o
LOAD ./Core/Src/mpu6050.o
LOAD ./Core/Src/stm32h7xx_hal_msp.o
LOAD ./Core/Src/stm32h7xx_hal_timebase_tim.o
LOAD ./Core/Src/stm32h7xx_it.o
LOAD ./Core/Src/syscalls.o
LOAD ./Core/Src/sysmem.o
LOAD ./Core/Src/system_stm32h7xx.o
LOAD ./Core/Startup/startup_stm32h743iitx.o
LOAD ./Drivers/STM32H7xx_HAL_Driver/Src/stm32h7xx_hal.o
LOAD ./Drivers/STM32H7xx_HAL_Driver/Src/stm32h7xx_hal_cortex.o
LOAD ./Drivers/STM32H7xx_HAL_Driver/Src/stm32h7xx_hal_dma.o
LOAD ./Drivers/STM32H7xx_HAL_Driver/Src/stm32h7xx_hal_dma_ex.o
LOAD ./Drivers/STM32H7xx_HAL_Driver/Src/stm32h7xx_hal_exti.o
LOAD ./Drivers/STM32H7xx_HAL_Driver/Src/stm32h7xx_hal_flash.o
LOAD ./Drivers/STM32H7xx_HAL_Driver/Src/stm32h7xx_hal_flash_ex.o
LOAD ./Drivers/STM32H7xx_HAL_Driver/Src/stm32h7xx_hal_gpio.o
LOAD ./Drivers/STM32H7xx_HAL_Driver/Src/stm32h7xx_hal_hsem.o
LOAD ./Drivers/STM32H7xx_HAL_Driver/Src/stm32h7xx_hal_i2c.o
LOAD ./Drivers/STM32H7xx_HAL_Driver/Src/stm32h7xx_hal_i2c_ex.o
LOAD ./Drivers/STM32H7xx_HAL_Driver/Src/stm32h7xx_hal_mdma.o
LOAD ./Drivers/STM32H7xx_HAL_Driver/Src/stm32h7xx_hal_pwr.o
LOAD ./Drivers/STM32H7xx_HAL_Driver/Src/stm32h7xx_hal_pwr_ex.o
LOAD ./Drivers/STM32H7xx_HAL_Driver/Src/stm32h7xx_hal_rcc.o
LOAD ./Drivers/STM32H7xx_HAL_Driver/Src/stm32h7xx_hal_rcc_ex.o
LOAD ./Drivers/STM32H7xx_HAL_Driver/Src/stm32h7xx_hal_tim.o
LOAD ./Drivers/STM32H7xx_HAL_Driver/Src/stm32h7xx_hal_tim_ex.o
LOAD ./Drivers/STM32H7xx_HAL_Driver/Src/stm32h7xx_hal_uart.o
LOAD ./Drivers/STM32H7xx_HAL_Driver/Src/stm32h7xx_hal_uart_ex.o
LOAD ./FATFS/App/fatfs.o
LOAD ./FATFS/Target/user_diskio.o
LOAD ./Middlewares/Third_Party/FatFs/src/diskio.o
LOAD ./Middlewares/Third_Party/FatFs/src/ff.o
LOAD ./Middlewares/Third_Party/FatFs/src/ff_gen_drv.o
LOAD ./Middlewares/Third_Party/FatFs/src/option/syscall.o
LOAD ./Middlewares/Third_Party/FreeRTOS/Source/CMSIS_RTOS_V2/cmsis_os2.o
LOAD ./Middlewares/Third_Party/FreeRTOS/Source/croutine.o
LOAD ./Middlewares/Third_Party/FreeRTOS/Source/event_groups.o
LOAD ./Middlewares/Third_Party/FreeRTOS/Source/list.o
LOAD ./Middlewares/Third_Party/FreeRTOS/Source/queue.o
LOAD ./Middlewares/Third_Party/FreeRTOS/Source/stream_buffer.o
LOAD ./Middlewares/Third_Party/FreeRTOS/Source/tasks.o
LOAD ./Middlewares/Third_Party/FreeRTOS/Source/timers.o
LOAD ./Middlewares/Third_Party/FreeRTOS/Source/portable/GCC/ARM_CM4F/port.o
LOAD ./Middlewares/Third_Party/FreeRTOS/Source/portable/MemMang/heap_4.o
START GROUP
LOAD /home/jonathan/st/stm32cubeide_1.19.0/plugins/com.st.stm32cube.ide.mcu.externaltools.gnu-tools-for-stm32.13.3.rel1.linux64_1.0.0.202410170706/tools/bin/../lib/gcc/arm-none-eabi/13.3.1/../../../../arm-none-eabi/lib/thumb/v7e-m+dp/hard/libc_nano.a
LOAD /home/jonathan/st/stm32cubeide_1.19.0/plugins/com.st.stm32cube.ide.mcu.externaltools.gnu-tools-for-stm32.13.3.rel1.linux64_1.0.0.202410170706/tools/bin/../lib/gcc/arm-none-eabi/13.3.1/../../../../arm-none-eabi/lib/thumb/v7e-m+dp/hard/libm.a
END GROUP
START GROUP
LOAD /home/jonathan/st/stm32cubeide_1.19.0/plugins/com.st.stm32cube.ide.mcu.externaltools.gnu-tools-for-stm32.13.3.rel1.linux64_1.0.0.202410170706/tools/bin/../lib/gcc/arm-none-eabi/13.3.1/thumb/v7e-m+dp/hard/libgcc.a
LOAD /home/jonathan/st/stm32cubeide_1.19.0/plugins/com.st.stm32cube.ide.mcu.externaltools.gnu-tools-for-stm32.13.3.rel1.linux64_1.0.0.202410170706/tools/bin/../lib/gcc/arm-none-eabi/13.3.1/../../../../arm-none-eabi/lib/thumb/v7e-m+dp/hard/libc_nano.a
END GROUP
START GROUP
LOAD /home/jonathan/st/stm32cubeide_1.19.0/plugins/com.st.stm32cube.ide.mcu.externaltools.gnu-tools-for-stm32.13.3.rel1.linux64_1.0.0.202410170706/tools/bin/../lib/gcc/arm-none-eabi/13.3.1/thumb/v7e-m+dp/hard/libgcc.a
LOAD /home/jonathan/st/stm32cubeide_1.19.0/plugins/com.st.stm32cube.ide.mcu.externaltools.gnu-tools-for-stm32.13.3.rel1.linux64_1.0.0.202410170706/tools/bin/../lib/gcc/arm-none-eabi/13.3.1/../../../../arm-none-eabi/lib/thumb/v7e-m+dp/hard/libc_nano.a
LOAD /home/jonathan/st/stm32cubeide_1.19.0/plugins/com.st.stm32cube.ide.mcu.externaltools.gnu-tools-for-stm32.13.3.rel1.linux64_1.0.0.202410170706/tools/bin/../lib/gcc/arm-none-eabi/13.3.1/../../../../arm-none-eabi/lib/thumb/v7e-m+dp/hard/libnosys.a
END GROUP
START GROUP
LOAD /home/jonathan/st/stm32cubeide_1.19.0/plugins/com.st.stm32cube.ide.mcu.externaltools.gnu-tools-for-stm32.13.3.rel1.linux64_1.0.0.202410170706/tools/bin/../lib/gcc/arm-none-eabi/13.3.1/thumb/v7e-m+dp/hard/libgcc.a
LOAD /home/jonathan/st/stm32cubeide_1.19.0/plugins/com.st.stm32cube.ide.mcu.externaltools.gnu-tools-for-stm32.13.3.rel1.linux64_1.0.0.202410170706/tools/bin/../lib/gcc/arm-none-eabi/13.3.1/../../../../arm-none-eabi/lib/thumb/v7e-m+dp/hard/libc_nano.a
LOAD /home/jonathan/st/stm32cubeide_1.19.0/plugins/com.st.stm32cube.ide.mcu.externaltools.gnu-tools-for-stm32.13.3.rel1.linux64_1.0.0.202410170706/tools/bin/../lib/gcc/arm-none-eabi/13.3.1/../../../../arm-none-eabi/lib/thumb/v7e-m+dp/hard/libnosys.a
END GROUP
LOAD /home/jonathan/st/stm32cubeide_1.19.0/plugins/com.st.stm32cube.ide.mcu.externaltools.gnu-tools-for-stm32.13.3.rel1.linux64_1.0.0.202410170706/tools/bin/../lib/gcc/arm-none-eabi/13.3.1/thumb/v7e-m+dp/hard/crtend.o
LOAD /home/jonathan/st/stm32cubeide_1.19.0/plugins/com.st.stm32cube.ide.mcu.externaltools.gnu-tools-for-stm32.13.3.rel1.linux64_1.0.0.202410170706/tools/bin/../lib/gcc/arm-none-eabi/13.3.1/thumb/v7e-m+dp/hard/crtn.o
                0x24080000                        _estack = (ORIGIN (RAM_D1) + LENGTH (RAM_D1))
                0x00000200                        _Min_Heap_Size = 0x200
                0x00000400                        _Min_Stack_Size = 0x400

.isr_vector     0x08000000      0x298
                0x08000000                        . = ALIGN (0x4)
 *(.isr_vector)
 .isr_vector    0x08000000      0x298 ./Core/Startup/startup_stm32h743iitx.o
                0x08000000                g_pfnVectors
                0x08000298                        . = ALIGN (0x4)

.text           0x080002a0     0xc820
                0x080002a0                        . = ALIGN (0x4)
 *(.text)
 .text          0x080002a0       0x40 /home/jonathan/st/stm32cubeide_1.19.0/plugins/com.st.stm32cube.ide.mcu.externaltools.gnu-tools-for-stm32.13.3.rel1.linux64_1.0.0.202410170706/tools/bin/../lib/gcc/arm-none-eabi/13.3.1/thumb/v7e-m+dp/hard/crtbegin.o
 .text          0x080002e0       0xa0 /home/jonathan/st/stm32cubeide_1.19.0/plugins/com.st.stm32cube.ide.mcu.externaltools.gnu-tools-for-stm32.13.3.rel1.linux64_1.0.0.202410170706/tools/bin/../lib/gcc/arm-none-eabi/13.3.1/../../../../arm-none-eabi/lib/thumb/v7e-m+dp/hard/libc_nano.a(libc_a-memchr.o)
                0x080002e0                memchr
 .text          0x08000380       0x10 /home/jonathan/st/stm32cubeide_1.19.0/plugins/com.st.stm32cube.ide.mcu.externaltools.gnu-tools-for-stm32.13.3.rel1.linux64_1.0.0.202410170706/tools/bin/../lib/gcc/arm-none-eabi/13.3.1/../../../../arm-none-eabi/lib/thumb/v7e-m+dp/hard/libc_nano.a(libc_a-strlen.o)
                0x08000380                strlen
 .text          0x08000390      0x378 /home/jonathan/st/stm32cubeide_1.19.0/plugins/com.st.stm32cube.ide.mcu.externaltools.gnu-tools-for-stm32.13.3.rel1.linux64_1.0.0.202410170706/tools/bin/../lib/gcc/arm-none-eabi/13.3.1/thumb/v7e-m+dp/hard/libgcc.a(_arm_addsubdf3.o)
                0x08000390                __aeabi_drsub
                0x08000398                __aeabi_dsub
                0x08000398                __subdf3
                0x0800039c                __adddf3
                0x0800039c                __aeabi_dadd
                0x08000614                __aeabi_ui2d
                0x08000614                __floatunsidf
                0x08000634                __floatsidf
                0x08000634                __aeabi_i2d
                0x08000658                __extendsfdf2
                0x08000658                __aeabi_f2d
                0x0800069c                __aeabi_ul2d
                0x0800069c                __floatundidf
                0x080006ac                __floatdidf
                0x080006ac                __aeabi_l2d
 .text          0x08000708       0x30 /home/jonathan/st/stm32cubeide_1.19.0/plugins/com.st.stm32cube.ide.mcu.externaltools.gnu-tools-for-stm32.13.3.rel1.linux64_1.0.0.202410170706/tools/bin/../lib/gcc/arm-none-eabi/13.3.1/thumb/v7e-m+dp/hard/libgcc.a(_aeabi_uldivmod.o)
                0x08000708                __aeabi_uldivmod
 .text          0x08000738       0x30 /home/jonathan/st/stm32cubeide_1.19.0/plugins/com.st.stm32cube.ide.mcu.externaltools.gnu-tools-for-stm32.13.3.rel1.linux64_1.0.0.202410170706/tools/bin/../lib/gcc/arm-none-eabi/13.3.1/thumb/v7e-m+dp/hard/libgcc.a(_fixdfdi.o)
                0x08000738                __aeabi_d2lz
                0x08000738                __fixdfdi
 .text          0x08000768       0x40 /home/jonathan/st/stm32cubeide_1.19.0/plugins/com.st.stm32cube.ide.mcu.externaltools.gnu-tools-for-stm32.13.3.rel1.linux64_1.0.0.202410170706/tools/bin/../lib/gcc/arm-none-eabi/13.3.1/thumb/v7e-m+dp/hard/libgcc.a(_fixunsdfdi.o)
                0x08000768                __aeabi_d2ulz
                0x08000768                __fixunsdfdi
 .text          0x080007a8      0x2f8 /home/jonathan/st/stm32cubeide_1.19.0/plugins/com.st.stm32cube.ide.mcu.externaltools.gnu-tools-for-stm32.13.3.rel1.linux64_1.0.0.202410170706/tools/bin/../lib/gcc/arm-none-eabi/13.3.1/thumb/v7e-m+dp/hard/libgcc.a(_udivmoddi4.o)
                0x080007a8                __udivmoddi4
 .text          0x08000aa0        0x4 /home/jonathan/st/stm32cubeide_1.19.0/plugins/com.st.stm32cube.ide.mcu.externaltools.gnu-tools-for-stm32.13.3.rel1.linux64_1.0.0.202410170706/tools/bin/../lib/gcc/arm-none-eabi/13.3.1/thumb/v7e-m+dp/hard/libgcc.a(_dvmd_tls.o)
                0x08000aa0                __aeabi_ldiv0
                0x08000aa0                __aeabi_idiv0
 *(.text*)
 .text.bno055_init
                0x08000aa4       0xe4 ./Core/Src/bno055.o
                0x08000aa4                bno055_init
 .text.bno055_write_register
                0x08000b88       0x24 ./Core/Src/bno055.o
                0x08000b88                bno055_write_register
 .text.bno055_write_page_id
                0x08000bac       0x50 ./Core/Src/bno055.o
                0x08000bac                bno055_write_page_id
 .text.bno055_read_accel_xyz
                0x08000bfc       0x5c ./Core/Src/bno055.o
                0x08000bfc                bno055_read_accel_xyz
 .text.bno055_read_mag_xyz
                0x08000c58       0x5c ./Core/Src/bno055.o
                0x08000c58                bno055_read_mag_xyz
 .text.bno055_read_gyro_xyz
                0x08000cb4       0x5c ./Core/Src/bno055.o
                0x08000cb4                bno055_read_gyro_xyz
 .text.bno055_get_operation_mode
                0x08000d10       0x54 ./Core/Src/bno055.o
                0x08000d10                bno055_get_operation_mode
 .text.bno055_set_operation_mode
                0x08000d64       0xc4 ./Core/Src/bno055.o
                0x08000d64                bno055_set_operation_mode
 .text.init_kalman
                0x08000e28       0x84 ./Core/Src/kalman.o
                0x08000e28                init_kalman
 .text.vec_dot  0x08000eac       0x26 ./Core/Src/kalman.o
                0x08000eac                vec_dot
 .text.magnitude
                0x08000ed2       0x16 ./Core/Src/kalman.o
                0x08000ed2                magnitude
 .text.magnitudeq
                0x08000ee8       0x30 ./Core/Src/kalman.o
                0x08000ee8                magnitudeq
 .text.transpose6
                0x08000f18       0x26 ./Core/Src/kalman.o
                0x08000f18                transpose6
 *fill*         0x08000f3e        0x2 
 .text.mat_mul3
                0x08000f40       0x50 ./Core/Src/kalman.o
                0x08000f40                mat_mul3
 .text.mat_mul6
                0x08000f90       0x50 ./Core/Src/kalman.o
                0x08000f90                mat_mul6
 .text.mat_add6
                0x08000fe0       0x2e ./Core/Src/kalman.o
                0x08000fe0                mat_add6
 .text.mat_sub6
                0x0800100e       0x2e ./Core/Src/kalman.o
                0x0800100e                mat_sub6
 .text.cholesky
                0x0800103c       0xa8 ./Core/Src/kalman.o
                0x0800103c                cholesky
 .text.kalman_predict
                0x080010e4      0x23c ./Core/Src/kalman.o
                0x080010e4                kalman_predict
 .text.kalman_correction
                0x08001320      0x438 ./Core/Src/kalman.o
                0x08001320                kalman_correction
 .text.bno055_i2c_write
                0x08001758       0x28 ./Core/Src/main.o
 .text.bno055_i2c_read
                0x08001780       0x28 ./Core/Src/main.o
 .text.StartDefaultTask
                0x080017a8      0x2c8 ./Core/Src/main.o
                0x080017a8                StartDefaultTask
 .text.SystemClock_Config
                0x08001a70       0x9c ./Core/Src/main.o
                0x08001a70                SystemClock_Config
 .text.startup.main
                0x08001b0c      0x314 ./Core/Src/main.o
                0x08001b0c                main
 .text.HAL_TIM_PeriodElapsedCallback
                0x08001e20       0x14 ./Core/Src/main.o
                0x08001e20                HAL_TIM_PeriodElapsedCallback
 .text.Error_Handler
                0x08001e34        0x4 ./Core/Src/main.o
                0x08001e34                Error_Handler
 .text.setMPUFilterBandwidth
                0x08001e38       0x2c ./Core/Src/mpu6050.o
                0x08001e38                setMPUFilterBandwidth
 .text.setMPUAccelRange
                0x08001e64       0x64 ./Core/Src/mpu6050.o
                0x08001e64                setMPUAccelRange
 .text.setMPUGyroRange
                0x08001ec8       0x6c ./Core/Src/mpu6050.o
                0x08001ec8                setMPUGyroRange
 .text.mpuBegin
                0x08001f34       0x80 ./Core/Src/mpu6050.o
                0x08001f34                mpuBegin
 .text.HAL_MspInit
                0x08001fb4       0x30 ./Core/Src/stm32h7xx_hal_msp.o
                0x08001fb4                HAL_MspInit
 .text.HAL_I2C_MspInit
                0x08001fe4       0x94 ./Core/Src/stm32h7xx_hal_msp.o
                0x08001fe4                HAL_I2C_MspInit
 .text.HAL_TIM_Base_MspInit
                0x08002078       0x30 ./Core/Src/stm32h7xx_hal_msp.o
                0x08002078                HAL_TIM_Base_MspInit
 .text.HAL_TIM_MspPostInit
                0x080020a8       0x58 ./Core/Src/stm32h7xx_hal_msp.o
                0x080020a8                HAL_TIM_MspPostInit
 .text.HAL_UART_MspInit
                0x08002100       0x94 ./Core/Src/stm32h7xx_hal_msp.o
                0x08002100                HAL_UART_MspInit
 .text.HAL_InitTick
                0x08002194       0x98 ./Core/Src/stm32h7xx_hal_timebase_tim.o
                0x08002194                HAL_InitTick
 .text.NMI_Handler
                0x0800222c        0x2 ./Core/Src/stm32h7xx_it.o
                0x0800222c                NMI_Handler
 .text.HardFault_Handler
                0x0800222e        0x2 ./Core/Src/stm32h7xx_it.o
                0x0800222e                HardFault_Handler
 .text.MemManage_Handler
                0x08002230        0x2 ./Core/Src/stm32h7xx_it.o
                0x08002230                MemManage_Handler
 .text.BusFault_Handler
                0x08002232        0x2 ./Core/Src/stm32h7xx_it.o
                0x08002232                BusFault_Handler
 .text.UsageFault_Handler
                0x08002234        0x2 ./Core/Src/stm32h7xx_it.o
                0x08002234                UsageFault_Handler
 .text.DebugMon_Handler
                0x08002236        0x2 ./Core/Src/stm32h7xx_it.o
                0x08002236                DebugMon_Handler
 .text.TIM7_IRQHandler
                0x08002238        0xc ./Core/Src/stm32h7xx_it.o
                0x08002238                TIM7_IRQHandler
 .text._getpid  0x08002244        0x4 ./Core/Src/syscalls.o
                0x08002244                _getpid
 .text._kill    0x08002248       0x10 ./Core/Src/syscalls.o
                0x08002248                _kill
 .text._exit    0x08002258        0xc ./Core/Src/syscalls.o
                0x08002258                _exit
 .text._read    0x08002264       0x1c ./Core/Src/syscalls.o
                0x08002264                _read
 .text._write   0x08002280       0x1c ./Core/Src/syscalls.o
                0x08002280                _write
 .text._close   0x0800229c        0x6 ./Core/Src/syscalls.o
                0x0800229c                _close
 .text._fstat   0x080022a2        0xa ./Core/Src/syscalls.o
                0x080022a2                _fstat
 .text._isatty  0x080022ac        0x4 ./Core/Src/syscalls.o
                0x080022ac                _isatty
 .text._lseek   0x080022b0        0x4 ./Core/Src/syscalls.o
                0x080022b0                _lseek
 .text._sbrk    0x080022b4       0x40 ./Core/Src/sysmem.o
                0x080022b4                _sbrk
 .text.SystemInit
                0x080022f4       0xe4 ./Core/Src/system_stm32h7xx.o
                0x080022f4                SystemInit
 .text.ExitRun0Mode
                0x080023d8       0x18 ./Core/Src/system_stm32h7xx.o
                0x080023d8                ExitRun0Mode
 .text.Reset_Handler
                0x080023f0       0x54 ./Core/Startup/startup_stm32h743iitx.o
                0x080023f0                Reset_Handler
 .text.Default_Handler
                0x08002444        0x2 ./Core/Startup/startup_stm32h743iitx.o
                0x08002444                RTC_Alarm_IRQHandler
                0x08002444                EXTI2_IRQHandler
                0x08002444                TIM8_CC_IRQHandler
                0x08002444                HRTIM1_Master_IRQHandler
                0x08002444                UART8_IRQHandler
                0x08002444                SPI4_IRQHandler
                0x08002444                TIM1_CC_IRQHandler
                0x08002444                BDMA_Channel6_IRQHandler
                0x08002444                DMA2_Stream5_IRQHandler
                0x08002444                HRTIM1_FLT_IRQHandler
                0x08002444                JPEG_IRQHandler
                0x08002444                DMA1_Stream5_IRQHandler
                0x08002444                BDMA_Channel1_IRQHandler
                0x08002444                HRTIM1_TIMD_IRQHandler
                0x08002444                TAMP_STAMP_IRQHandler
                0x08002444                EXTI3_IRQHandler
                0x08002444                LPTIM4_IRQHandler
                0x08002444                TIM8_TRG_COM_TIM14_IRQHandler
                0x08002444                LPTIM2_IRQHandler
                0x08002444                DFSDM1_FLT1_IRQHandler
                0x08002444                DMAMUX2_OVR_IRQHandler
                0x08002444                TIM8_UP_TIM13_IRQHandler
                0x08002444                I2C3_ER_IRQHandler
                0x08002444                DFSDM1_FLT2_IRQHandler
                0x08002444                MDMA_IRQHandler
                0x08002444                LPTIM3_IRQHandler
                0x08002444                HSEM1_IRQHandler
                0x08002444                EXTI0_IRQHandler
                0x08002444                I2C2_EV_IRQHandler
                0x08002444                DMA1_Stream2_IRQHandler
                0x08002444                FPU_IRQHandler
                0x08002444                OTG_HS_WKUP_IRQHandler
                0x08002444                FDCAN1_IT1_IRQHandler
                0x08002444                LTDC_ER_IRQHandler
                0x08002444                DMA2_Stream2_IRQHandler
                0x08002444                HRTIM1_TIME_IRQHandler
                0x08002444                SPI1_IRQHandler
                0x08002444                TIM6_DAC_IRQHandler
                0x08002444                DCMI_IRQHandler
                0x08002444                HRTIM1_TIMC_IRQHandler
                0x08002444                DMA2_Stream3_IRQHandler
                0x08002444                SAI2_IRQHandler
                0x08002444                DFSDM1_FLT3_IRQHandler
                0x08002444                USART6_IRQHandler
                0x08002444                TIM17_IRQHandler
                0x08002444                USART3_IRQHandler
                0x08002444                BDMA_Channel7_IRQHandler
                0x08002444                LPTIM5_IRQHandler
                0x08002444                UART5_IRQHandler
                0x08002444                ADC3_IRQHandler
                0x08002444                DMA2_Stream0_IRQHandler
                0x08002444                TIM4_IRQHandler
                0x08002444                BDMA_Channel2_IRQHandler
                0x08002444                QUADSPI_IRQHandler
                0x08002444                I2C1_EV_IRQHandler
                0x08002444                DMA1_Stream6_IRQHandler
                0x08002444                DMAMUX1_OVR_IRQHandler
                0x08002444                DMA1_Stream1_IRQHandler
                0x08002444                TIM16_IRQHandler
                0x08002444                UART4_IRQHandler
                0x08002444                BDMA_Channel5_IRQHandler
                0x08002444                TIM3_IRQHandler
                0x08002444                RCC_IRQHandler
                0x08002444                TIM8_BRK_TIM12_IRQHandler
                0x08002444                TIM1_TRG_COM_IRQHandler
                0x08002444                Default_Handler
                0x08002444                ECC_IRQHandler
                0x08002444                CEC_IRQHandler
                0x08002444                EXTI15_10_IRQHandler
                0x08002444                BDMA_Channel0_IRQHandler
                0x08002444                ADC_IRQHandler
                0x08002444                DMA1_Stream7_IRQHandler
                0x08002444                HRTIM1_TIMA_IRQHandler
                0x08002444                SPI5_IRQHandler
                0x08002444                SDMMC1_IRQHandler
                0x08002444                TIM5_IRQHandler
                0x08002444                DMA2_Stream7_IRQHandler
                0x08002444                TIM15_IRQHandler
                0x08002444                PVD_AVD_IRQHandler
                0x08002444                I2C3_EV_IRQHandler
                0x08002444                EXTI9_5_IRQHandler
                0x08002444                RTC_WKUP_IRQHandler
                0x08002444                LTDC_IRQHandler
                0x08002444                SAI3_IRQHandler
                0x08002444                ETH_WKUP_IRQHandler
                0x08002444                SPDIF_RX_IRQHandler
                0x08002444                SPI2_IRQHandler
                0x08002444                OTG_HS_EP1_IN_IRQHandler
                0x08002444                DMA1_Stream0_IRQHandler
                0x08002444                CRS_IRQHandler
                0x08002444                EXTI4_IRQHandler
                0x08002444                RNG_IRQHandler
                0x08002444                HRTIM1_TIMB_IRQHandler
                0x08002444                FDCAN2_IT1_IRQHandler
                0x08002444                ETH_IRQHandler
                0x08002444                TIM1_UP_IRQHandler
                0x08002444                BDMA_Channel4_IRQHandler
                0x08002444                OTG_HS_EP1_OUT_IRQHandler
                0x08002444                WWDG_IRQHandler
                0x08002444                SPI6_IRQHandler
                0x08002444                MDIOS_IRQHandler
                0x08002444                I2C4_EV_IRQHandler
                0x08002444                FDCAN2_IT0_IRQHandler
                0x08002444                LPUART1_IRQHandler
                0x08002444                FDCAN1_IT0_IRQHandler
                0x08002444                TIM2_IRQHandler
                0x08002444                OTG_FS_WKUP_IRQHandler
                0x08002444                OTG_HS_IRQHandler
                0x08002444                DMA2D_IRQHandler
                0x08002444                TIM1_BRK_IRQHandler
                0x08002444                EXTI1_IRQHandler
                0x08002444                SDMMC2_IRQHandler
                0x08002444                OTG_FS_EP1_OUT_IRQHandler
                0x08002444                BDMA_Channel3_IRQHandler
                0x08002444                UART7_IRQHandler
                0x08002444                MDIOS_WKUP_IRQHandler
                0x08002444                USART2_IRQHandler
                0x08002444                DFSDM1_FLT0_IRQHandler
                0x08002444                SAI4_IRQHandler
                0x08002444                I2C2_ER_IRQHandler
                0x08002444                DMA2_Stream1_IRQHandler
                0x08002444                FLASH_IRQHandler
                0x08002444                DMA2_Stream4_IRQHandler
                0x08002444                USART1_IRQHandler
                0x08002444                OTG_FS_IRQHandler
                0x08002444                SPI3_IRQHandler
                0x08002444                WAKEUP_PIN_IRQHandler
                0x08002444                DMA1_Stream4_IRQHandler
                0x08002444                OTG_FS_EP1_IN_IRQHandler
                0x08002444                I2C1_ER_IRQHandler
                0x08002444                FMC_IRQHandler
                0x08002444                FDCAN_CAL_IRQHandler
                0x08002444                SWPMI1_IRQHandler
                0x08002444                COMP1_IRQHandler
                0x08002444                LPTIM1_IRQHandler
                0x08002444                I2C4_ER_IRQHandler
                0x08002444                DMA2_Stream6_IRQHandler
                0x08002444                SAI1_IRQHandler
                0x08002444                DMA1_Stream3_IRQHandler
 *fill*         0x08002446        0x2 
 .text.HAL_Init
                0x08002448       0x5c ./Drivers/STM32H7xx_HAL_Driver/Src/stm32h7xx_hal.o
                0x08002448                HAL_Init
 .text.HAL_IncTick
                0x080024a4       0x18 ./Drivers/STM32H7xx_HAL_Driver/Src/stm32h7xx_hal.o
                0x080024a4                HAL_IncTick
 .text.HAL_GetTick
                0x080024bc        0xc ./Drivers/STM32H7xx_HAL_Driver/Src/stm32h7xx_hal.o
                0x080024bc                HAL_GetTick
 .text.HAL_Delay
                0x080024c8       0x24 ./Drivers/STM32H7xx_HAL_Driver/Src/stm32h7xx_hal.o
                0x080024c8                HAL_Delay
 .text.HAL_GetREVID
                0x080024ec        0xc ./Drivers/STM32H7xx_HAL_Driver/Src/stm32h7xx_hal.o
                0x080024ec                HAL_GetREVID
 .text.HAL_NVIC_SetPriorityGrouping
                0x080024f8       0x24 ./Drivers/STM32H7xx_HAL_Driver/Src/stm32h7xx_hal_cortex.o
                0x080024f8                HAL_NVIC_SetPriorityGrouping
 .text.HAL_NVIC_SetPriority
                0x0800251c       0x64 ./Drivers/STM32H7xx_HAL_Driver/Src/stm32h7xx_hal_cortex.o
                0x0800251c                HAL_NVIC_SetPriority
 .text.HAL_NVIC_EnableIRQ
                0x08002580       0x1c ./Drivers/STM32H7xx_HAL_Driver/Src/stm32h7xx_hal_cortex.o
                0x08002580                HAL_NVIC_EnableIRQ
 .text.HAL_MPU_Disable
                0x0800259c       0x1c ./Drivers/STM32H7xx_HAL_Driver/Src/stm32h7xx_hal_cortex.o
                0x0800259c                HAL_MPU_Disable
 .text.HAL_MPU_Enable
                0x080025b8       0x20 ./Drivers/STM32H7xx_HAL_Driver/Src/stm32h7xx_hal_cortex.o
                0x080025b8                HAL_MPU_Enable
 .text.HAL_MPU_ConfigRegion
                0x080025d8       0x58 ./Drivers/STM32H7xx_HAL_Driver/Src/stm32h7xx_hal_cortex.o
                0x080025d8                HAL_MPU_ConfigRegion
 .text.HAL_GPIO_Init
                0x08002630      0x1d0 ./Drivers/STM32H7xx_HAL_Driver/Src/stm32h7xx_hal_gpio.o
                0x08002630                HAL_GPIO_Init
 .text.HAL_GPIO_WritePin
                0x08002800        0xa ./Drivers/STM32H7xx_HAL_Driver/Src/stm32h7xx_hal_gpio.o
                0x08002800                HAL_GPIO_WritePin
 .text.I2C_Flush_TXDR
                0x0800280a       0x1c ./Drivers/STM32H7xx_HAL_Driver/Src/stm32h7xx_hal_i2c.o
 *fill*         0x08002826        0x2 
 .text.I2C_TransferConfig
                0x08002828       0x2c ./Drivers/STM32H7xx_HAL_Driver/Src/stm32h7xx_hal_i2c.o
 .text.I2C_IsErrorOccurred
                0x08002854      0x100 ./Drivers/STM32H7xx_HAL_Driver/Src/stm32h7xx_hal_i2c.o
 .text.I2C_WaitOnTXISFlagUntilTimeout
                0x08002954       0x56 ./Drivers/STM32H7xx_HAL_Driver/Src/stm32h7xx_hal_i2c.o
 .text.I2C_WaitOnFlagUntilTimeout
                0x080029aa       0x76 ./Drivers/STM32H7xx_HAL_Driver/Src/stm32h7xx_hal_i2c.o
 .text.I2C_WaitOnSTOPFlagUntilTimeout
                0x08002a20       0x52 ./Drivers/STM32H7xx_HAL_Driver/Src/stm32h7xx_hal_i2c.o
 .text.HAL_I2C_Init
                0x08002a72       0xaa ./Drivers/STM32H7xx_HAL_Driver/Src/stm32h7xx_hal_i2c.o
                0x08002a72                HAL_I2C_Init
 .text.HAL_I2C_Master_Transmit
                0x08002b1c      0x15c ./Drivers/STM32H7xx_HAL_Driver/Src/stm32h7xx_hal_i2c.o
                0x08002b1c                HAL_I2C_Master_Transmit
 .text.HAL_I2C_Mem_Write
                0x08002c78      0x1b4 ./Drivers/STM32H7xx_HAL_Driver/Src/stm32h7xx_hal_i2c.o
                0x08002c78                HAL_I2C_Mem_Write
 .text.HAL_I2C_Mem_Read
                0x08002e2c      0x1bc ./Drivers/STM32H7xx_HAL_Driver/Src/stm32h7xx_hal_i2c.o
                0x08002e2c                HAL_I2C_Mem_Read
 .text.HAL_I2CEx_ConfigAnalogFilter
                0x08002fe8       0x4c ./Drivers/STM32H7xx_HAL_Driver/Src/stm32h7xx_hal_i2c_ex.o
                0x08002fe8                HAL_I2CEx_ConfigAnalogFilter
 .text.HAL_I2CEx_ConfigDigitalFilter
                0x08003034       0x4a ./Drivers/STM32H7xx_HAL_Driver/Src/stm32h7xx_hal_i2c_ex.o
                0x08003034                HAL_I2CEx_ConfigDigitalFilter
 *fill*         0x0800307e        0x2 
 .text.HAL_PWREx_ConfigSupply
                0x08003080       0x48 ./Drivers/STM32H7xx_HAL_Driver/Src/stm32h7xx_hal_pwr_ex.o
                0x08003080                HAL_PWREx_ConfigSupply
 .text.HAL_RCC_OscConfig
                0x080030c8      0x550 ./Drivers/STM32H7xx_HAL_Driver/Src/stm32h7xx_hal_rcc.o
                0x080030c8                HAL_RCC_OscConfig
 .text.HAL_RCC_GetSysClockFreq
                0x08003618      0x144 ./Drivers/STM32H7xx_HAL_Driver/Src/stm32h7xx_hal_rcc.o
                0x08003618                HAL_RCC_GetSysClockFreq
 .text.HAL_RCC_ClockConfig
                0x0800375c      0x24c ./Drivers/STM32H7xx_HAL_Driver/Src/stm32h7xx_hal_rcc.o
                0x0800375c                HAL_RCC_ClockConfig
 .text.HAL_RCC_GetHCLKFreq
                0x080039a8       0x44 ./Drivers/STM32H7xx_HAL_Driver/Src/stm32h7xx_hal_rcc.o
                0x080039a8                HAL_RCC_GetHCLKFreq
 .text.HAL_RCC_GetPCLK1Freq
                0x080039ec       0x24 ./Drivers/STM32H7xx_HAL_Driver/Src/stm32h7xx_hal_rcc.o
                0x080039ec                HAL_RCC_GetPCLK1Freq
 .text.HAL_RCC_GetPCLK2Freq
                0x08003a10       0x24 ./Drivers/STM32H7xx_HAL_Driver/Src/stm32h7xx_hal_rcc.o
                0x08003a10                HAL_RCC_GetPCLK2Freq
 .text.HAL_RCC_GetClockConfig
                0x08003a34       0x54 ./Drivers/STM32H7xx_HAL_Driver/Src/stm32h7xx_hal_rcc.o
                0x08003a34                HAL_RCC_GetClockConfig
 .text.RCCEx_PLL2_Config
                0x08003a88       0xec ./Drivers/STM32H7xx_HAL_Driver/Src/stm32h7xx_hal_rcc_ex.o
 .text.RCCEx_PLL3_Config
                0x08003b74       0xec ./Drivers/STM32H7xx_HAL_Driver/Src/stm32h7xx_hal_rcc_ex.o
 .text.HAL_RCCEx_PeriphCLKConfig
                0x08003c60      0x9cc ./Drivers/STM32H7xx_HAL_Driver/Src/stm32h7xx_hal_rcc_ex.o
                0x08003c60                HAL_RCCEx_PeriphCLKConfig
 .text.HAL_RCCEx_GetD3PCLK1Freq
                0x0800462c       0x24 ./Drivers/STM32H7xx_HAL_Driver/Src/stm32h7xx_hal_rcc_ex.o
                0x0800462c                HAL_RCCEx_GetD3PCLK1Freq
 .text.HAL_RCCEx_GetPLL2ClockFreq
                0x08004650      0x154 ./Drivers/STM32H7xx_HAL_Driver/Src/stm32h7xx_hal_rcc_ex.o
                0x08004650                HAL_RCCEx_GetPLL2ClockFreq
 .text.HAL_RCCEx_GetPLL3ClockFreq
                0x080047a4      0x154 ./Drivers/STM32H7xx_HAL_Driver/Src/stm32h7xx_hal_rcc_ex.o
                0x080047a4                HAL_RCCEx_GetPLL3ClockFreq
 .text.TIM_OC1_SetConfig
                0x080048f8       0x74 ./Drivers/STM32H7xx_HAL_Driver/Src/stm32h7xx_hal_tim.o
 .text.TIM_OC3_SetConfig
                0x0800496c       0x80 ./Drivers/STM32H7xx_HAL_Driver/Src/stm32h7xx_hal_tim.o
 .text.TIM_OC4_SetConfig
                0x080049ec       0x68 ./Drivers/STM32H7xx_HAL_Driver/Src/stm32h7xx_hal_tim.o
 .text.TIM_OC5_SetConfig
                0x08004a54       0x68 ./Drivers/STM32H7xx_HAL_Driver/Src/stm32h7xx_hal_tim.o
 .text.TIM_OC6_SetConfig
                0x08004abc       0x68 ./Drivers/STM32H7xx_HAL_Driver/Src/stm32h7xx_hal_tim.o
 .text.HAL_TIM_Base_Start_IT
                0x08004b24       0x7c ./Drivers/STM32H7xx_HAL_Driver/Src/stm32h7xx_hal_tim.o
                0x08004b24                HAL_TIM_Base_Start_IT
 .text.HAL_TIM_PWM_MspInit
                0x08004ba0        0x2 ./Drivers/STM32H7xx_HAL_Driver/Src/stm32h7xx_hal_tim.o
                0x08004ba0                HAL_TIM_PWM_MspInit
 .text.HAL_TIM_OC_DelayElapsedCallback
                0x08004ba2        0x2 ./Drivers/STM32H7xx_HAL_Driver/Src/stm32h7xx_hal_tim.o
                0x08004ba2                HAL_TIM_OC_DelayElapsedCallback
 .text.HAL_TIM_IC_CaptureCallback
                0x08004ba4        0x2 ./Drivers/STM32H7xx_HAL_Driver/Src/stm32h7xx_hal_tim.o
                0x08004ba4                HAL_TIM_IC_CaptureCallback
 .text.HAL_TIM_PWM_PulseFinishedCallback
                0x08004ba6        0x2 ./Drivers/STM32H7xx_HAL_Driver/Src/stm32h7xx_hal_tim.o
                0x08004ba6                HAL_TIM_PWM_PulseFinishedCallback
 .text.HAL_TIM_TriggerCallback
                0x08004ba8        0x2 ./Drivers/STM32H7xx_HAL_Driver/Src/stm32h7xx_hal_tim.o
                0x08004ba8                HAL_TIM_TriggerCallback
 .text.HAL_TIM_IRQHandler
                0x08004baa      0x140 ./Drivers/STM32H7xx_HAL_Driver/Src/stm32h7xx_hal_tim.o
                0x08004baa                HAL_TIM_IRQHandler
 *fill*         0x08004cea        0x2 
 .text.TIM_Base_SetConfig
                0x08004cec       0xa8 ./Drivers/STM32H7xx_HAL_Driver/Src/stm32h7xx_hal_tim.o
                0x08004cec                TIM_Base_SetConfig
 .text.HAL_TIM_Base_Init
                0x08004d94       0x60 ./Drivers/STM32H7xx_HAL_Driver/Src/stm32h7xx_hal_tim.o
                0x08004d94                HAL_TIM_Base_Init
 .text.HAL_TIM_PWM_Init
                0x08004df4       0x60 ./Drivers/STM32H7xx_HAL_Driver/Src/stm32h7xx_hal_tim.o
                0x08004df4                HAL_TIM_PWM_Init
 .text.TIM_OC2_SetConfig
                0x08004e54       0x80 ./Drivers/STM32H7xx_HAL_Driver/Src/stm32h7xx_hal_tim.o
                0x08004e54                TIM_OC2_SetConfig
 .text.HAL_TIM_PWM_ConfigChannel
                0x08004ed4       0xf8 ./Drivers/STM32H7xx_HAL_Driver/Src/stm32h7xx_hal_tim.o
                0x08004ed4                HAL_TIM_PWM_ConfigChannel
 .text.TIM_ETR_SetConfig
                0x08004fcc       0x14 ./Drivers/STM32H7xx_HAL_Driver/Src/stm32h7xx_hal_tim.o
                0x08004fcc                TIM_ETR_SetConfig
 .text.HAL_TIM_ConfigClockSource
                0x08004fe0      0x178 ./Drivers/STM32H7xx_HAL_Driver/Src/stm32h7xx_hal_tim.o
                0x08004fe0                HAL_TIM_ConfigClockSource
 .text.TIM_CCxChannelCmd
                0x08005158       0x1c ./Drivers/STM32H7xx_HAL_Driver/Src/stm32h7xx_hal_tim.o
                0x08005158                TIM_CCxChannelCmd
 .text.HAL_TIM_OC_Start
                0x08005174      0x120 ./Drivers/STM32H7xx_HAL_Driver/Src/stm32h7xx_hal_tim.o
                0x08005174                HAL_TIM_OC_Start
 .text.HAL_TIM_PWM_Start
                0x08005294        0x4 ./Drivers/STM32H7xx_HAL_Driver/Src/stm32h7xx_hal_tim.o
                0x08005294                HAL_TIM_PWM_Start
 .text.HAL_TIMEx_MasterConfigSynchronization
                0x08005298       0x94 ./Drivers/STM32H7xx_HAL_Driver/Src/stm32h7xx_hal_tim_ex.o
                0x08005298                HAL_TIMEx_MasterConfigSynchronization
 .text.HAL_TIMEx_ConfigBreakDeadTime
                0x0800532c       0x84 ./Drivers/STM32H7xx_HAL_Driver/Src/stm32h7xx_hal_tim_ex.o
                0x0800532c                HAL_TIMEx_ConfigBreakDeadTime
 .text.HAL_TIMEx_CommutCallback
                0x080053b0        0x2 ./Drivers/STM32H7xx_HAL_Driver/Src/stm32h7xx_hal_tim_ex.o
                0x080053b0                HAL_TIMEx_CommutCallback
 .text.HAL_TIMEx_BreakCallback
                0x080053b2        0x2 ./Drivers/STM32H7xx_HAL_Driver/Src/stm32h7xx_hal_tim_ex.o
                0x080053b2                HAL_TIMEx_BreakCallback
 .text.HAL_TIMEx_Break2Callback
                0x080053b4        0x2 ./Drivers/STM32H7xx_HAL_Driver/Src/stm32h7xx_hal_tim_ex.o
                0x080053b4                HAL_TIMEx_Break2Callback
 *fill*         0x080053b6        0x2 
 .text.UART_EndRxTransfer
                0x080053b8       0x58 ./Drivers/STM32H7xx_HAL_Driver/Src/stm32h7xx_hal_uart.o
 .text.UART_SetConfig
                0x08005410      0x2fc ./Drivers/STM32H7xx_HAL_Driver/Src/stm32h7xx_hal_uart.o
                0x08005410                UART_SetConfig
 .text.UART_AdvFeatureConfig
                0x0800570c       0xaa ./Drivers/STM32H7xx_HAL_Driver/Src/stm32h7xx_hal_uart.o
                0x0800570c                UART_AdvFeatureConfig
 .text.UART_WaitOnFlagUntilTimeout
                0x080057b6       0x90 ./Drivers/STM32H7xx_HAL_Driver/Src/stm32h7xx_hal_uart.o
                0x080057b6                UART_WaitOnFlagUntilTimeout
 .text.UART_CheckIdleState
                0x08005846       0xb6 ./Drivers/STM32H7xx_HAL_Driver/Src/stm32h7xx_hal_uart.o
                0x08005846                UART_CheckIdleState
 .text.HAL_UART_Init
                0x080058fc       0x60 ./Drivers/STM32H7xx_HAL_Driver/Src/stm32h7xx_hal_uart.o
                0x080058fc                HAL_UART_Init
 .text.UARTEx_SetNbDataToProcess
                0x0800595c       0x44 ./Drivers/STM32H7xx_HAL_Driver/Src/stm32h7xx_hal_uart_ex.o
 .text.HAL_UARTEx_DisableFifoMode
                0x080059a0       0x36 ./Drivers/STM32H7xx_HAL_Driver/Src/stm32h7xx_hal_uart_ex.o
                0x080059a0                HAL_UARTEx_DisableFifoMode
 .text.HAL_UARTEx_SetTxFifoThreshold
                0x080059d6       0x40 ./Drivers/STM32H7xx_HAL_Driver/Src/stm32h7xx_hal_uart_ex.o
                0x080059d6                HAL_UARTEx_SetTxFifoThreshold
 .text.HAL_UARTEx_SetRxFifoThreshold
                0x08005a16       0x40 ./Drivers/STM32H7xx_HAL_Driver/Src/stm32h7xx_hal_uart_ex.o
                0x08005a16                HAL_UARTEx_SetRxFifoThreshold
 *fill*         0x08005a56        0x2 
 .text.MX_FATFS_Init
                0x08005a58       0x1c ./FATFS/App/fatfs.o
                0x08005a58                MX_FATFS_Init
 .text.USER_initialize
                0x08005a74       0x10 ./FATFS/Target/user_diskio.o
                0x08005a74                USER_initialize
 .text.USER_read
                0x08005a84        0x4 ./FATFS/Target/user_diskio.o
                0x08005a84                USER_read
 .text.USER_ioctl
                0x08005a88        0x4 ./FATFS/Target/user_diskio.o
                0x08005a88                USER_ioctl
 .text.USER_write
                0x08005a8c        0x4 ./FATFS/Target/user_diskio.o
                0x08005a8c                USER_write
 .text.USER_status
                0x08005a90       0x10 ./FATFS/Target/user_diskio.o
                0x08005a90                USER_status
 .text.FATFS_LinkDriverEx
                0x08005aa0       0x40 ./Middlewares/Third_Party/FatFs/src/ff_gen_drv.o
                0x08005aa0                FATFS_LinkDriverEx
 .text.FATFS_LinkDriver
                0x08005ae0        0x6 ./Middlewares/Third_Party/FatFs/src/ff_gen_drv.o
                0x08005ae0                FATFS_LinkDriver
 .text.SysTick_Handler
                0x08005ae6       0x1a ./Middlewares/Third_Party/FreeRTOS/Source/CMSIS_RTOS_V2/cmsis_os2.o
                0x08005ae6                SysTick_Handler
 .text.osKernelInitialize
                0x08005b00       0x24 ./Middlewares/Third_Party/FreeRTOS/Source/CMSIS_RTOS_V2/cmsis_os2.o
                0x08005b00                osKernelInitialize
 .text.osKernelStart
                0x08005b24       0x34 ./Middlewares/Third_Party/FreeRTOS/Source/CMSIS_RTOS_V2/cmsis_os2.o
                0x08005b24                osKernelStart
 .text.osThreadNew
                0x08005b58       0x88 ./Middlewares/Third_Party/FreeRTOS/Source/CMSIS_RTOS_V2/cmsis_os2.o
                0x08005b58                osThreadNew
 .text.osDelay  0x08005be0       0x18 ./Middlewares/Third_Party/FreeRTOS/Source/CMSIS_RTOS_V2/cmsis_os2.o
                0x08005be0                osDelay
 .text.vApplicationGetIdleTaskMemory
                0x08005bf8       0x18 ./Middlewares/Third_Party/FreeRTOS/Source/CMSIS_RTOS_V2/cmsis_os2.o
                0x08005bf8                vApplicationGetIdleTaskMemory
 .text.vApplicationGetTimerTaskMemory
                0x08005c10       0x18 ./Middlewares/Third_Party/FreeRTOS/Source/CMSIS_RTOS_V2/cmsis_os2.o
                0x08005c10                vApplicationGetTimerTaskMemory
 .text.vListInitialise
                0x08005c28       0x16 ./Middlewares/Third_Party/FreeRTOS/Source/list.o
                0x08005c28                vListInitialise
 .text.vListInitialiseItem
                0x08005c3e        0x6 ./Middlewares/Third_Party/FreeRTOS/Source/list.o
                0x08005c3e                vListInitialiseItem
 .text.vListInsertEnd
                0x08005c44       0x16 ./Middlewares/Third_Party/FreeRTOS/Source/list.o
                0x08005c44                vListInsertEnd
 .text.vListInsert
                0x08005c5a       0x2e ./Middlewares/Third_Party/FreeRTOS/Source/list.o
                0x08005c5a                vListInsert
 .text.uxListRemove
                0x08005c88       0x20 ./Middlewares/Third_Party/FreeRTOS/Source/list.o
                0x08005c88                uxListRemove
 .text.prvIsQueueEmpty
                0x08005ca8       0x16 ./Middlewares/Third_Party/FreeRTOS/Source/queue.o
 .text.prvCopyDataToQueue
                0x08005cbe       0x66 ./Middlewares/Third_Party/FreeRTOS/Source/queue.o
 .text.prvCopyDataFromQueue
                0x08005d24       0x2a ./Middlewares/Third_Party/FreeRTOS/Source/queue.o
 .text.prvUnlockQueue
                0x08005d4e       0x6c ./Middlewares/Third_Party/FreeRTOS/Source/queue.o
 .text.xQueueGenericReset
                0x08005dba       0x7e ./Middlewares/Third_Party/FreeRTOS/Source/queue.o
                0x08005dba                xQueueGenericReset
 .text.xQueueGenericCreateStatic
                0x08005e38       0x9c ./Middlewares/Third_Party/FreeRTOS/Source/queue.o
                0x08005e38                xQueueGenericCreateStatic
 .text.xQueueGenericSend
                0x08005ed4      0x164 ./Middlewares/Third_Party/FreeRTOS/Source/queue.o
                0x08005ed4                xQueueGenericSend
 .text.xQueueGenericSendFromISR
                0x08006038       0xba ./Middlewares/Third_Party/FreeRTOS/Source/queue.o
                0x08006038                xQueueGenericSendFromISR
 .text.xQueueReceive
                0x080060f2      0x13c ./Middlewares/Third_Party/FreeRTOS/Source/queue.o
                0x080060f2                xQueueReceive
 *fill*         0x0800622e        0x2 
 .text.vQueueAddToRegistry
                0x08006230       0x24 ./Middlewares/Third_Party/FreeRTOS/Source/queue.o
                0x08006230                vQueueAddToRegistry
 .text.vQueueWaitForMessageRestricted
                0x08006254       0x46 ./Middlewares/Third_Party/FreeRTOS/Source/queue.o
                0x08006254                vQueueWaitForMessageRestricted
 *fill*         0x0800629a        0x2 
 .text.prvAddNewTaskToReadyList
                0x0800629c       0xfc ./Middlewares/Third_Party/FreeRTOS/Source/tasks.o
 .text.prvAddCurrentTaskToDelayedList
                0x08006398       0x70 ./Middlewares/Third_Party/FreeRTOS/Source/tasks.o
 .text.prvResetNextTaskUnblockTime
                0x08006408       0x24 ./Middlewares/Third_Party/FreeRTOS/Source/tasks.o
 .text.prvDeleteTCB
                0x0800642c       0x3c ./Middlewares/Third_Party/FreeRTOS/Source/tasks.o
 .text.prvIdleTask
                0x08006468       0x60 ./Middlewares/Third_Party/FreeRTOS/Source/tasks.o
 .text.prvInitialiseNewTask.constprop.0
                0x080064c8       0xb8 ./Middlewares/Third_Party/FreeRTOS/Source/tasks.o
 .text.xTaskCreateStatic
                0x08006580       0x70 ./Middlewares/Third_Party/FreeRTOS/Source/tasks.o
                0x08006580                xTaskCreateStatic
 .text.xTaskCreate
                0x080065f0       0x5c ./Middlewares/Third_Party/FreeRTOS/Source/tasks.o
                0x080065f0                xTaskCreate
 .text.vTaskStartScheduler
                0x0800664c       0xa0 ./Middlewares/Third_Party/FreeRTOS/Source/tasks.o
                0x0800664c                vTaskStartScheduler
 .text.vTaskSuspendAll
                0x080066ec       0x10 ./Middlewares/Third_Party/FreeRTOS/Source/tasks.o
                0x080066ec                vTaskSuspendAll
 .text.xTaskGetTickCount
                0x080066fc        0xc ./Middlewares/Third_Party/FreeRTOS/Source/tasks.o
                0x080066fc                xTaskGetTickCount
 .text.xTaskIncrementTick
                0x08006708      0x12c ./Middlewares/Third_Party/FreeRTOS/Source/tasks.o
                0x08006708                xTaskIncrementTick
 .text.xTaskResumeAll
                0x08006834       0xe8 ./Middlewares/Third_Party/FreeRTOS/Source/tasks.o
                0x08006834                xTaskResumeAll
 .text.vTaskDelay
                0x0800691c       0x48 ./Middlewares/Third_Party/FreeRTOS/Source/tasks.o
                0x0800691c                vTaskDelay
 .text.vTaskSwitchContext
                0x08006964       0x80 ./Middlewares/Third_Party/FreeRTOS/Source/tasks.o
                0x08006964                vTaskSwitchContext
 .text.vTaskPlaceOnEventList
                0x080069e4       0x34 ./Middlewares/Third_Party/FreeRTOS/Source/tasks.o
                0x080069e4                vTaskPlaceOnEventList
 .text.vTaskPlaceOnEventListRestricted
                0x08006a18       0x3c ./Middlewares/Third_Party/FreeRTOS/Source/tasks.o
                0x08006a18                vTaskPlaceOnEventListRestricted
 .text.xTaskRemoveFromEventList
                0x08006a54       0x84 ./Middlewares/Third_Party/FreeRTOS/Source/tasks.o
                0x08006a54                xTaskRemoveFromEventList
 .text.vTaskInternalSetTimeOutState
                0x08006ad8       0x18 ./Middlewares/Third_Party/FreeRTOS/Source/tasks.o
                0x08006ad8                vTaskInternalSetTimeOutState
 .text.xTaskCheckForTimeOut
                0x08006af0       0x78 ./Middlewares/Third_Party/FreeRTOS/Source/tasks.o
                0x08006af0                xTaskCheckForTimeOut
 .text.vTaskMissedYield
                0x08006b68        0xc ./Middlewares/Third_Party/FreeRTOS/Source/tasks.o
                0x08006b68                vTaskMissedYield
 .text.xTaskGetSchedulerState
                0x08006b74       0x20 ./Middlewares/Third_Party/FreeRTOS/Source/tasks.o
                0x08006b74                xTaskGetSchedulerState
 .text.xTaskPriorityDisinherit
                0x08006b94       0x84 ./Middlewares/Third_Party/FreeRTOS/Source/tasks.o
                0x08006b94                xTaskPriorityDisinherit
 .text.prvInsertTimerInActiveList
                0x08006c18       0x3c ./Middlewares/Third_Party/FreeRTOS/Source/timers.o
 .text.prvCheckForValidListAndQueue
                0x08006c54       0x68 ./Middlewares/Third_Party/FreeRTOS/Source/timers.o
 .text.xTimerCreateTimerTask
                0x08006cbc       0x64 ./Middlewares/Third_Party/FreeRTOS/Source/timers.o
                0x08006cbc                xTimerCreateTimerTask
 .text.xTimerGenericCommand
                0x08006d20       0x54 ./Middlewares/Third_Party/FreeRTOS/Source/timers.o
                0x08006d20                xTimerGenericCommand
 .text.prvSampleTimeNow
                0x08006d74       0xa4 ./Middlewares/Third_Party/FreeRTOS/Source/timers.o
 .text.prvTimerTask
                0x08006e18      0x1cc ./Middlewares/Third_Party/FreeRTOS/Source/timers.o
 .text.prvPortStartFirstTask
                0x08006fe4       0x28 ./Middlewares/Third_Party/FreeRTOS/Source/portable/GCC/ARM_CM4F/port.o
 .text.vPortEnableVFP
                0x0800700c       0x14 ./Middlewares/Third_Party/FreeRTOS/Source/portable/GCC/ARM_CM4F/port.o
 .text.prvTaskExitError
                0x08007020       0x40 ./Middlewares/Third_Party/FreeRTOS/Source/portable/GCC/ARM_CM4F/port.o
 .text.pxPortInitialiseStack
                0x08007060       0x24 ./Middlewares/Third_Party/FreeRTOS/Source/portable/GCC/ARM_CM4F/port.o
                0x08007060                pxPortInitialiseStack
 *fill*         0x08007084        0xc 
 .text.SVC_Handler
                0x08007090       0x24 ./Middlewares/Third_Party/FreeRTOS/Source/portable/GCC/ARM_CM4F/port.o
                0x08007090                SVC_Handler
 .text.vPortEnterCritical
                0x080070b4       0x40 ./Middlewares/Third_Party/FreeRTOS/Source/portable/GCC/ARM_CM4F/port.o
                0x080070b4                vPortEnterCritical
 .text.vPortExitCritical
                0x080070f4       0x28 ./Middlewares/Third_Party/FreeRTOS/Source/portable/GCC/ARM_CM4F/port.o
                0x080070f4                vPortExitCritical
 *fill*         0x0800711c        0x4 
 .text.PendSV_Handler
                0x08007120       0x64 ./Middlewares/Third_Party/FreeRTOS/Source/portable/GCC/ARM_CM4F/port.o
                0x08007120                PendSV_Handler
 .text.xPortSysTickHandler
                0x08007184       0x2c ./Middlewares/Third_Party/FreeRTOS/Source/portable/GCC/ARM_CM4F/port.o
                0x08007184                xPortSysTickHandler
 .text.vPortSetupTimerInterrupt
                0x080071b0       0x24 ./Middlewares/Third_Party/FreeRTOS/Source/portable/GCC/ARM_CM4F/port.o
                0x080071b0                vPortSetupTimerInterrupt
 .text.xPortStartScheduler
                0x080071d4      0x104 ./Middlewares/Third_Party/FreeRTOS/Source/portable/GCC/ARM_CM4F/port.o
                0x080071d4                xPortStartScheduler
 .text.vPortValidateInterruptPriority
                0x080072d8       0x5c ./Middlewares/Third_Party/FreeRTOS/Source/portable/GCC/ARM_CM4F/port.o
                0x080072d8                vPortValidateInterruptPriority
 .text.prvInsertBlockIntoFreeList
                0x08007334       0x4c ./Middlewares/Third_Party/FreeRTOS/Source/portable/MemMang/heap_4.o
 .text.pvPortMalloc
                0x08007380      0x130 ./Middlewares/Third_Party/FreeRTOS/Source/portable/MemMang/heap_4.o
                0x08007380                pvPortMalloc
 .text.vPortFree
                0x080074b0       0x7c ./Middlewares/Third_Party/FreeRTOS/Source/portable/MemMang/heap_4.o
                0x080074b0                vPortFree
 .text.__cvt    0x0800752c       0xa8 /home/jonathan/st/stm32cubeide_1.19.0/plugins/com.st.stm32cube.ide.mcu.externaltools.gnu-tools-for-stm32.13.3.rel1.linux64_1.0.0.202410170706/tools/bin/../lib/gcc/arm-none-eabi/13.3.1/../../../../arm-none-eabi/lib/thumb/v7e-m+dp/hard/libc_nano.a(libc_a-nano-vfprintf_float.o)
                0x0800752c                __cvt
 .text.__exponent
                0x080075d4       0x74 /home/jonathan/st/stm32cubeide_1.19.0/plugins/com.st.stm32cube.ide.mcu.externaltools.gnu-tools-for-stm32.13.3.rel1.linux64_1.0.0.202410170706/tools/bin/../lib/gcc/arm-none-eabi/13.3.1/../../../../arm-none-eabi/lib/thumb/v7e-m+dp/hard/libc_nano.a(libc_a-nano-vfprintf_float.o)
                0x080075d4                __exponent
 .text._printf_float
                0x08007648      0x434 /home/jonathan/st/stm32cubeide_1.19.0/plugins/com.st.stm32cube.ide.mcu.externaltools.gnu-tools-for-stm32.13.3.rel1.linux64_1.0.0.202410170706/tools/bin/../lib/gcc/arm-none-eabi/13.3.1/../../../../arm-none-eabi/lib/thumb/v7e-m+dp/hard/libc_nano.a(libc_a-nano-vfprintf_float.o)
                0x08007648                _printf_float
 .text._printf_common
                0x08007a7c       0xda /home/jonathan/st/stm32cubeide_1.19.0/plugins/com.st.stm32cube.ide.mcu.externaltools.gnu-tools-for-stm32.13.3.rel1.linux64_1.0.0.202410170706/tools/bin/../lib/gcc/arm-none-eabi/13.3.1/../../../../arm-none-eabi/lib/thumb/v7e-m+dp/hard/libc_nano.a(libc_a-nano-vfprintf_i.o)
                0x08007a7c                _printf_common
 *fill*         0x08007b56        0x2 
 .text._printf_i
                0x08007b58      0x23c /home/jonathan/st/stm32cubeide_1.19.0/plugins/com.st.stm32cube.ide.mcu.externaltools.gnu-tools-for-stm32.13.3.rel1.linux64_1.0.0.202410170706/tools/bin/../lib/gcc/arm-none-eabi/13.3.1/../../../../arm-none-eabi/lib/thumb/v7e-m+dp/hard/libc_nano.a(libc_a-nano-vfprintf_i.o)
                0x08007b58                _printf_i
 .text._scanf_float
                0x08007d94      0x40c /home/jonathan/st/stm32cubeide_1.19.0/plugins/com.st.stm32cube.ide.mcu.externaltools.gnu-tools-for-stm32.13.3.rel1.linux64_1.0.0.202410170706/tools/bin/../lib/gcc/arm-none-eabi/13.3.1/../../../../arm-none-eabi/lib/thumb/v7e-m+dp/hard/libc_nano.a(libc_a-nano-vfscanf_float.o)
                0x08007d94                _scanf_float
 .text.std      0x080081a0       0x6c /home/jonathan/st/stm32cubeide_1.19.0/plugins/com.st.stm32cube.ide.mcu.externaltools.gnu-tools-for-stm32.13.3.rel1.linux64_1.0.0.202410170706/tools/bin/../lib/gcc/arm-none-eabi/13.3.1/../../../../arm-none-eabi/lib/thumb/v7e-m+dp/hard/libc_nano.a(libc_a-findfp.o)
 .text.stdio_exit_handler
                0x0800820c       0x18 /home/jonathan/st/stm32cubeide_1.19.0/plugins/com.st.stm32cube.ide.mcu.externaltools.gnu-tools-for-stm32.13.3.rel1.linux64_1.0.0.202410170706/tools/bin/../lib/gcc/arm-none-eabi/13.3.1/../../../../arm-none-eabi/lib/thumb/v7e-m+dp/hard/libc_nano.a(libc_a-findfp.o)
 .text.cleanup_stdio
                0x08008224       0x40 /home/jonathan/st/stm32cubeide_1.19.0/plugins/com.st.stm32cube.ide.mcu.externaltools.gnu-tools-for-stm32.13.3.rel1.linux64_1.0.0.202410170706/tools/bin/../lib/gcc/arm-none-eabi/13.3.1/../../../../arm-none-eabi/lib/thumb/v7e-m+dp/hard/libc_nano.a(libc_a-findfp.o)
 .text.global_stdio_init.part.0
                0x08008264       0x3c /home/jonathan/st/stm32cubeide_1.19.0/plugins/com.st.stm32cube.ide.mcu.externaltools.gnu-tools-for-stm32.13.3.rel1.linux64_1.0.0.202410170706/tools/bin/../lib/gcc/arm-none-eabi/13.3.1/../../../../arm-none-eabi/lib/thumb/v7e-m+dp/hard/libc_nano.a(libc_a-findfp.o)
 .text.__sfp_lock_acquire
                0x080082a0        0xc /home/jonathan/st/stm32cubeide_1.19.0/plugins/com.st.stm32cube.ide.mcu.externaltools.gnu-tools-for-stm32.13.3.rel1.linux64_1.0.0.202410170706/tools/bin/../lib/gcc/arm-none-eabi/13.3.1/../../../../arm-none-eabi/lib/thumb/v7e-m+dp/hard/libc_nano.a(libc_a-findfp.o)
                0x080082a0                __sfp_lock_acquire
 .text.__sfp_lock_release
                0x080082ac        0xc /home/jonathan/st/stm32cubeide_1.19.0/plugins/com.st.stm32cube.ide.mcu.externaltools.gnu-tools-for-stm32.13.3.rel1.linux64_1.0.0.202410170706/tools/bin/../lib/gcc/arm-none-eabi/13.3.1/../../../../arm-none-eabi/lib/thumb/v7e-m+dp/hard/libc_nano.a(libc_a-findfp.o)
                0x080082ac                __sfp_lock_release
 .text.__sinit  0x080082b8       0x30 /home/jonathan/st/stm32cubeide_1.19.0/plugins/com.st.stm32cube.ide.mcu.externaltools.gnu-tools-for-stm32.13.3.rel1.linux64_1.0.0.202410170706/tools/bin/../lib/gcc/arm-none-eabi/13.3.1/../../../../arm-none-eabi/lib/thumb/v7e-m+dp/hard/libc_nano.a(libc_a-findfp.o)
                0x080082b8                __sinit
 .text._fwalk_sglue
                0x080082e8       0x3c /home/jonathan/st/stm32cubeide_1.19.0/plugins/com.st.stm32cube.ide.mcu.externaltools.gnu-tools-for-stm32.13.3.rel1.linux64_1.0.0.202410170706/tools/bin/../lib/gcc/arm-none-eabi/13.3.1/../../../../arm-none-eabi/lib/thumb/v7e-m+dp/hard/libc_nano.a(libc_a-fwalk.o)
                0x080082e8                _fwalk_sglue
 .text.printf   0x08008324       0x24 /home/jonathan/st/stm32cubeide_1.19.0/plugins/com.st.stm32cube.ide.mcu.externaltools.gnu-tools-for-stm32.13.3.rel1.linux64_1.0.0.202410170706/tools/bin/../lib/gcc/arm-none-eabi/13.3.1/../../../../arm-none-eabi/lib/thumb/v7e-m+dp/hard/libc_nano.a(libc_a-printf.o)
                0x08008324                printf
                0x08008324                iprintf
 .text.sprintf  0x08008348       0x44 /home/jonathan/st/stm32cubeide_1.19.0/plugins/com.st.stm32cube.ide.mcu.externaltools.gnu-tools-for-stm32.13.3.rel1.linux64_1.0.0.202410170706/tools/bin/../lib/gcc/arm-none-eabi/13.3.1/../../../../arm-none-eabi/lib/thumb/v7e-m+dp/hard/libc_nano.a(libc_a-sprintf.o)
                0x08008348                sprintf
                0x08008348                siprintf
 .text.__sread  0x0800838c       0x22 /home/jonathan/st/stm32cubeide_1.19.0/plugins/com.st.stm32cube.ide.mcu.externaltools.gnu-tools-for-stm32.13.3.rel1.linux64_1.0.0.202410170706/tools/bin/../lib/gcc/arm-none-eabi/13.3.1/../../../../arm-none-eabi/lib/thumb/v7e-m+dp/hard/libc_nano.a(libc_a-stdio.o)
                0x0800838c                __sread
 .text.__swrite
                0x080083ae       0x38 /home/jonathan/st/stm32cubeide_1.19.0/plugins/com.st.stm32cube.ide.mcu.externaltools.gnu-tools-for-stm32.13.3.rel1.linux64_1.0.0.202410170706/tools/bin/../lib/gcc/arm-none-eabi/13.3.1/../../../../arm-none-eabi/lib/thumb/v7e-m+dp/hard/libc_nano.a(libc_a-stdio.o)
                0x080083ae                __swrite
 .text.__sseek  0x080083e6       0x24 /home/jonathan/st/stm32cubeide_1.19.0/plugins/com.st.stm32cube.ide.mcu.externaltools.gnu-tools-for-stm32.13.3.rel1.linux64_1.0.0.202410170706/tools/bin/../lib/gcc/arm-none-eabi/13.3.1/../../../../arm-none-eabi/lib/thumb/v7e-m+dp/hard/libc_nano.a(libc_a-stdio.o)
                0x080083e6                __sseek
 .text.__sclose
                0x0800840a        0x8 /home/jonathan/st/stm32cubeide_1.19.0/plugins/com.st.stm32cube.ide.mcu.externaltools.gnu-tools-for-stm32.13.3.rel1.linux64_1.0.0.202410170706/tools/bin/../lib/gcc/arm-none-eabi/13.3.1/../../../../arm-none-eabi/lib/thumb/v7e-m+dp/hard/libc_nano.a(libc_a-stdio.o)
                0x0800840a                __sclose
 .text.memset   0x08008412       0x10 /home/jonathan/st/stm32cubeide_1.19.0/plugins/com.st.stm32cube.ide.mcu.externaltools.gnu-tools-for-stm32.13.3.rel1.linux64_1.0.0.202410170706/tools/bin/../lib/gcc/arm-none-eabi/13.3.1/../../../../arm-none-eabi/lib/thumb/v7e-m+dp/hard/libc_nano.a(libc_a-memset.o)
                0x08008412                memset
 *fill*         0x08008422        0x2 
 .text._localeconv_r
                0x08008424        0x8 /home/jonathan/st/stm32cubeide_1.19.0/plugins/com.st.stm32cube.ide.mcu.externaltools.gnu-tools-for-stm32.13.3.rel1.linux64_1.0.0.202410170706/tools/bin/../lib/gcc/arm-none-eabi/13.3.1/../../../../arm-none-eabi/lib/thumb/v7e-m+dp/hard/libc_nano.a(libc_a-localeconv.o)
                0x08008424                _localeconv_r
 .text._close_r
                0x0800842c       0x20 /home/jonathan/st/stm32cubeide_1.19.0/plugins/com.st.stm32cube.ide.mcu.externaltools.gnu-tools-for-stm32.13.3.rel1.linux64_1.0.0.202410170706/tools/bin/../lib/gcc/arm-none-eabi/13.3.1/../../../../arm-none-eabi/lib/thumb/v7e-m+dp/hard/libc_nano.a(libc_a-closer.o)
                0x0800842c                _close_r
 .text._reclaim_reent
                0x0800844c       0xbc /home/jonathan/st/stm32cubeide_1.19.0/plugins/com.st.stm32cube.ide.mcu.externaltools.gnu-tools-for-stm32.13.3.rel1.linux64_1.0.0.202410170706/tools/bin/../lib/gcc/arm-none-eabi/13.3.1/../../../../arm-none-eabi/lib/thumb/v7e-m+dp/hard/libc_nano.a(libc_a-reent.o)
                0x0800844c                _reclaim_reent
 .text._lseek_r
                0x08008508       0x24 /home/jonathan/st/stm32cubeide_1.19.0/plugins/com.st.stm32cube.ide.mcu.externaltools.gnu-tools-for-stm32.13.3.rel1.linux64_1.0.0.202410170706/tools/bin/../lib/gcc/arm-none-eabi/13.3.1/../../../../arm-none-eabi/lib/thumb/v7e-m+dp/hard/libc_nano.a(libc_a-lseekr.o)
                0x08008508                _lseek_r
 .text._read_r  0x0800852c       0x24 /home/jonathan/st/stm32cubeide_1.19.0/plugins/com.st.stm32cube.ide.mcu.externaltools.gnu-tools-for-stm32.13.3.rel1.linux64_1.0.0.202410170706/tools/bin/../lib/gcc/arm-none-eabi/13.3.1/../../../../arm-none-eabi/lib/thumb/v7e-m+dp/hard/libc_nano.a(libc_a-readr.o)
                0x0800852c                _read_r
 .text._write_r
                0x08008550       0x24 /home/jonathan/st/stm32cubeide_1.19.0/plugins/com.st.stm32cube.ide.mcu.externaltools.gnu-tools-for-stm32.13.3.rel1.linux64_1.0.0.202410170706/tools/bin/../lib/gcc/arm-none-eabi/13.3.1/../../../../arm-none-eabi/lib/thumb/v7e-m+dp/hard/libc_nano.a(libc_a-writer.o)
                0x08008550                _write_r
 .text.__errno  0x08008574        0xc /home/jonathan/st/stm32cubeide_1.19.0/plugins/com.st.stm32cube.ide.mcu.externaltools.gnu-tools-for-stm32.13.3.rel1.linux64_1.0.0.202410170706/tools/bin/../lib/gcc/arm-none-eabi/13.3.1/../../../../arm-none-eabi/lib/thumb/v7e-m+dp/hard/libc_nano.a(libc_a-errno.o)
                0x08008574                __errno
 .text.__libc_init_array
                0x08008580       0x48 /home/jonathan/st/stm32cubeide_1.19.0/plugins/com.st.stm32cube.ide.mcu.externaltools.gnu-tools-for-stm32.13.3.rel1.linux64_1.0.0.202410170706/tools/bin/../lib/gcc/arm-none-eabi/13.3.1/../../../../arm-none-eabi/lib/thumb/v7e-m+dp/hard/libc_nano.a(libc_a-init.o)
                0x08008580                __libc_init_array
 .text.__retarget_lock_init_recursive
                0x080085c8        0x2 /home/jonathan/st/stm32cubeide_1.19.0/plugins/com.st.stm32cube.ide.mcu.externaltools.gnu-tools-for-stm32.13.3.rel1.linux64_1.0.0.202410170706/tools/bin/../lib/gcc/arm-none-eabi/13.3.1/../../../../arm-none-eabi/lib/thumb/v7e-m+dp/hard/libc_nano.a(libc_a-lock.o)
                0x080085c8                __retarget_lock_init_recursive
 .text.__retarget_lock_acquire_recursive
                0x080085ca        0x2 /home/jonathan/st/stm32cubeide_1.19.0/plugins/com.st.stm32cube.ide.mcu.externaltools.gnu-tools-for-stm32.13.3.rel1.linux64_1.0.0.202410170706/tools/bin/../lib/gcc/arm-none-eabi/13.3.1/../../../../arm-none-eabi/lib/thumb/v7e-m+dp/hard/libc_nano.a(libc_a-lock.o)
                0x080085ca                __retarget_lock_acquire_recursive
 .text.__retarget_lock_release_recursive
                0x080085cc        0x2 /home/jonathan/st/stm32cubeide_1.19.0/plugins/com.st.stm32cube.ide.mcu.externaltools.gnu-tools-for-stm32.13.3.rel1.linux64_1.0.0.202410170706/tools/bin/../lib/gcc/arm-none-eabi/13.3.1/../../../../arm-none-eabi/lib/thumb/v7e-m+dp/hard/libc_nano.a(libc_a-lock.o)
                0x080085cc                __retarget_lock_release_recursive
 .text.memcpy   0x080085ce       0x1c /home/jonathan/st/stm32cubeide_1.19.0/plugins/com.st.stm32cube.ide.mcu.externaltools.gnu-tools-for-stm32.13.3.rel1.linux64_1.0.0.202410170706/tools/bin/../lib/gcc/arm-none-eabi/13.3.1/../../../../arm-none-eabi/lib/thumb/v7e-m+dp/hard/libc_nano.a(libc_a-memcpy-stub.o)
                0x080085ce                memcpy
 *fill*         0x080085ea        0x2 
 .text.nanf     0x080085ec        0xc /home/jonathan/st/stm32cubeide_1.19.0/plugins/com.st.stm32cube.ide.mcu.externaltools.gnu-tools-for-stm32.13.3.rel1.linux64_1.0.0.202410170706/tools/bin/../lib/gcc/arm-none-eabi/13.3.1/../../../../arm-none-eabi/lib/thumb/v7e-m+dp/hard/libc_nano.a(libm_a-sf_nan.o)
                0x080085ec                nanf
 .text.quorem   0x080085f8      0x110 /home/jonathan/st/stm32cubeide_1.19.0/plugins/com.st.stm32cube.ide.mcu.externaltools.gnu-tools-for-stm32.13.3.rel1.linux64_1.0.0.202410170706/tools/bin/../lib/gcc/arm-none-eabi/13.3.1/../../../../arm-none-eabi/lib/thumb/v7e-m+dp/hard/libc_nano.a(libc_a-dtoa.o)
 .text._dtoa_r  0x08008708      0xabc /home/jonathan/st/stm32cubeide_1.19.0/plugins/com.st.stm32cube.ide.mcu.externaltools.gnu-tools-for-stm32.13.3.rel1.linux64_1.0.0.202410170706/tools/bin/../lib/gcc/arm-none-eabi/13.3.1/../../../../arm-none-eabi/lib/thumb/v7e-m+dp/hard/libc_nano.a(libc_a-dtoa.o)
                0x08008708                _dtoa_r
 .text._free_r  0x080091c4       0x94 /home/jonathan/st/stm32cubeide_1.19.0/plugins/com.st.stm32cube.ide.mcu.externaltools.gnu-tools-for-stm32.13.3.rel1.linux64_1.0.0.202410170706/tools/bin/../lib/gcc/arm-none-eabi/13.3.1/../../../../arm-none-eabi/lib/thumb/v7e-m+dp/hard/libc_nano.a(libc_a-freer.o)
                0x080091c4                _free_r
 .text.malloc   0x08009258       0x10 /home/jonathan/st/stm32cubeide_1.19.0/plugins/com.st.stm32cube.ide.mcu.externaltools.gnu-tools-for-stm32.13.3.rel1.linux64_1.0.0.202410170706/tools/bin/../lib/gcc/arm-none-eabi/13.3.1/../../../../arm-none-eabi/lib/thumb/v7e-m+dp/hard/libc_nano.a(libc_a-malloc.o)
                0x08009258                malloc
 .text.sbrk_aligned
                0x08009268       0x44 /home/jonathan/st/stm32cubeide_1.19.0/plugins/com.st.stm32cube.ide.mcu.externaltools.gnu-tools-for-stm32.13.3.rel1.linux64_1.0.0.202410170706/tools/bin/../lib/gcc/arm-none-eabi/13.3.1/../../../../arm-none-eabi/lib/thumb/v7e-m+dp/hard/libc_nano.a(libc_a-mallocr.o)
 .text._malloc_r
                0x080092ac      0x100 /home/jonathan/st/stm32cubeide_1.19.0/plugins/com.st.stm32cube.ide.mcu.externaltools.gnu-tools-for-stm32.13.3.rel1.linux64_1.0.0.202410170706/tools/bin/../lib/gcc/arm-none-eabi/13.3.1/../../../../arm-none-eabi/lib/thumb/v7e-m+dp/hard/libc_nano.a(libc_a-mallocr.o)
                0x080092ac                _malloc_r
 .text.__malloc_lock
                0x080093ac        0xc /home/jonathan/st/stm32cubeide_1.19.0/plugins/com.st.stm32cube.ide.mcu.externaltools.gnu-tools-for-stm32.13.3.rel1.linux64_1.0.0.202410170706/tools/bin/../lib/gcc/arm-none-eabi/13.3.1/../../../../arm-none-eabi/lib/thumb/v7e-m+dp/hard/libc_nano.a(libc_a-mlock.o)
                0x080093ac                __malloc_lock
 .text.__malloc_unlock
                0x080093b8        0xc /home/jonathan/st/stm32cubeide_1.19.0/plugins/com.st.stm32cube.ide.mcu.externaltools.gnu-tools-for-stm32.13.3.rel1.linux64_1.0.0.202410170706/tools/bin/../lib/gcc/arm-none-eabi/13.3.1/../../../../arm-none-eabi/lib/thumb/v7e-m+dp/hard/libc_nano.a(libc_a-mlock.o)
                0x080093b8                __malloc_unlock
 .text._Balloc  0x080093c4       0x80 /home/jonathan/st/stm32cubeide_1.19.0/plugins/com.st.stm32cube.ide.mcu.externaltools.gnu-tools-for-stm32.13.3.rel1.linux64_1.0.0.202410170706/tools/bin/../lib/gcc/arm-none-eabi/13.3.1/../../../../arm-none-eabi/lib/thumb/v7e-m+dp/hard/libc_nano.a(libc_a-mprec.o)
                0x080093c4                _Balloc
 .text._Bfree   0x08009444       0x44 /home/jonathan/st/stm32cubeide_1.19.0/plugins/com.st.stm32cube.ide.mcu.externaltools.gnu-tools-for-stm32.13.3.rel1.linux64_1.0.0.202410170706/tools/bin/../lib/gcc/arm-none-eabi/13.3.1/../../../../arm-none-eabi/lib/thumb/v7e-m+dp/hard/libc_nano.a(libc_a-mprec.o)
                0x08009444                _Bfree
 .text.__multadd
                0x08009488       0x8c /home/jonathan/st/stm32cubeide_1.19.0/plugins/com.st.stm32cube.ide.mcu.externaltools.gnu-tools-for-stm32.13.3.rel1.linux64_1.0.0.202410170706/tools/bin/../lib/gcc/arm-none-eabi/13.3.1/../../../../arm-none-eabi/lib/thumb/v7e-m+dp/hard/libc_nano.a(libc_a-mprec.o)
                0x08009488                __multadd
 .text.__s2b    0x08009514       0x94 /home/jonathan/st/stm32cubeide_1.19.0/plugins/com.st.stm32cube.ide.mcu.externaltools.gnu-tools-for-stm32.13.3.rel1.linux64_1.0.0.202410170706/tools/bin/../lib/gcc/arm-none-eabi/13.3.1/../../../../arm-none-eabi/lib/thumb/v7e-m+dp/hard/libc_nano.a(libc_a-mprec.o)
                0x08009514                __s2b
 .text.__hi0bits
                0x080095a8       0x3e /home/jonathan/st/stm32cubeide_1.19.0/plugins/com.st.stm32cube.ide.mcu.externaltools.gnu-tools-for-stm32.13.3.rel1.linux64_1.0.0.202410170706/tools/bin/../lib/gcc/arm-none-eabi/13.3.1/../../../../arm-none-eabi/lib/thumb/v7e-m+dp/hard/libc_nano.a(libc_a-mprec.o)
                0x080095a8                __hi0bits
 .text.__lo0bits
                0x080095e6       0x5a /home/jonathan/st/stm32cubeide_1.19.0/plugins/com.st.stm32cube.ide.mcu.externaltools.gnu-tools-for-stm32.13.3.rel1.linux64_1.0.0.202410170706/tools/bin/../lib/gcc/arm-none-eabi/13.3.1/../../../../arm-none-eabi/lib/thumb/v7e-m+dp/hard/libc_nano.a(libc_a-mprec.o)
                0x080095e6                __lo0bits
 .text.__i2b    0x08009640       0x2c /home/jonathan/st/stm32cubeide_1.19.0/plugins/com.st.stm32cube.ide.mcu.externaltools.gnu-tools-for-stm32.13.3.rel1.linux64_1.0.0.202410170706/tools/bin/../lib/gcc/arm-none-eabi/13.3.1/../../../../arm-none-eabi/lib/thumb/v7e-m+dp/hard/libc_nano.a(libc_a-mprec.o)
                0x08009640                __i2b
 .text.__multiply
                0x0800966c      0x144 /home/jonathan/st/stm32cubeide_1.19.0/plugins/com.st.stm32cube.ide.mcu.externaltools.gnu-tools-for-stm32.13.3.rel1.linux64_1.0.0.202410170706/tools/bin/../lib/gcc/arm-none-eabi/13.3.1/../../../../arm-none-eabi/lib/thumb/v7e-m+dp/hard/libc_nano.a(libc_a-mprec.o)
                0x0800966c                __multiply
 .text.__pow5mult
                0x080097b0       0xb4 /home/jonathan/st/stm32cubeide_1.19.0/plugins/com.st.stm32cube.ide.mcu.externaltools.gnu-tools-for-stm32.13.3.rel1.linux64_1.0.0.202410170706/tools/bin/../lib/gcc/arm-none-eabi/13.3.1/../../../../arm-none-eabi/lib/thumb/v7e-m+dp/hard/libc_nano.a(libc_a-mprec.o)
                0x080097b0                __pow5mult
 .text.__lshift
                0x08009864       0xd8 /home/jonathan/st/stm32cubeide_1.19.0/plugins/com.st.stm32cube.ide.mcu.externaltools.gnu-tools-for-stm32.13.3.rel1.linux64_1.0.0.202410170706/tools/bin/../lib/gcc/arm-none-eabi/13.3.1/../../../../arm-none-eabi/lib/thumb/v7e-m+dp/hard/libc_nano.a(libc_a-mprec.o)
                0x08009864                __lshift
 .text.__mcmp   0x0800993c       0x36 /home/jonathan/st/stm32cubeide_1.19.0/plugins/com.st.stm32cube.ide.mcu.externaltools.gnu-tools-for-stm32.13.3.rel1.linux64_1.0.0.202410170706/tools/bin/../lib/gcc/arm-none-eabi/13.3.1/../../../../arm-none-eabi/lib/thumb/v7e-m+dp/hard/libc_nano.a(libc_a-mprec.o)
                0x0800993c                __mcmp
 *fill*         0x08009972        0x2 
 .text.__mdiff  0x08009974      0x128 /home/jonathan/st/stm32cubeide_1.19.0/plugins/com.st.stm32cube.ide.mcu.externaltools.gnu-tools-for-stm32.13.3.rel1.linux64_1.0.0.202410170706/tools/bin/../lib/gcc/arm-none-eabi/13.3.1/../../../../arm-none-eabi/lib/thumb/v7e-m+dp/hard/libc_nano.a(libc_a-mprec.o)
                0x08009974                __mdiff
 .text.__ulp    0x08009a9c       0x4c /home/jonathan/st/stm32cubeide_1.19.0/plugins/com.st.stm32cube.ide.mcu.externaltools.gnu-tools-for-stm32.13.3.rel1.linux64_1.0.0.202410170706/tools/bin/../lib/gcc/arm-none-eabi/13.3.1/../../../../arm-none-eabi/lib/thumb/v7e-m+dp/hard/libc_nano.a(libc_a-mprec.o)
                0x08009a9c                __ulp
 .text.__b2d    0x08009ae8       0x94 /home/jonathan/st/stm32cubeide_1.19.0/plugins/com.st.stm32cube.ide.mcu.externaltools.gnu-tools-for-stm32.13.3.rel1.linux64_1.0.0.202410170706/tools/bin/../lib/gcc/arm-none-eabi/13.3.1/../../../../arm-none-eabi/lib/thumb/v7e-m+dp/hard/libc_nano.a(libc_a-mprec.o)
                0x08009ae8                __b2d
 .text.__d2b    0x08009b7c       0xb0 /home/jonathan/st/stm32cubeide_1.19.0/plugins/com.st.stm32cube.ide.mcu.externaltools.gnu-tools-for-stm32.13.3.rel1.linux64_1.0.0.202410170706/tools/bin/../lib/gcc/arm-none-eabi/13.3.1/../../../../arm-none-eabi/lib/thumb/v7e-m+dp/hard/libc_nano.a(libc_a-mprec.o)
                0x08009b7c                __d2b
 .text.__ratio  0x08009c2c       0x5e /home/jonathan/st/stm32cubeide_1.19.0/plugins/com.st.stm32cube.ide.mcu.externaltools.gnu-tools-for-stm32.13.3.rel1.linux64_1.0.0.202410170706/tools/bin/../lib/gcc/arm-none-eabi/13.3.1/../../../../arm-none-eabi/lib/thumb/v7e-m+dp/hard/libc_nano.a(libc_a-mprec.o)
                0x08009c2c                __ratio
 .text.__copybits
                0x08009c8a       0x46 /home/jonathan/st/stm32cubeide_1.19.0/plugins/com.st.stm32cube.ide.mcu.externaltools.gnu-tools-for-stm32.13.3.rel1.linux64_1.0.0.202410170706/tools/bin/../lib/gcc/arm-none-eabi/13.3.1/../../../../arm-none-eabi/lib/thumb/v7e-m+dp/hard/libc_nano.a(libc_a-mprec.o)
                0x08009c8a                __copybits
 .text.__any_on
                0x08009cd0       0x42 /home/jonathan/st/stm32cubeide_1.19.0/plugins/com.st.stm32cube.ide.mcu.externaltools.gnu-tools-for-stm32.13.3.rel1.linux64_1.0.0.202410170706/tools/bin/../lib/gcc/arm-none-eabi/13.3.1/../../../../arm-none-eabi/lib/thumb/v7e-m+dp/hard/libc_nano.a(libc_a-mprec.o)
                0x08009cd0                __any_on
 .text.sulp     0x08009d12       0x34 /home/jonathan/st/stm32cubeide_1.19.0/plugins/com.st.stm32cube.ide.mcu.externaltools.gnu-tools-for-stm32.13.3.rel1.linux64_1.0.0.202410170706/tools/bin/../lib/gcc/arm-none-eabi/13.3.1/../../../../arm-none-eabi/lib/thumb/v7e-m+dp/hard/libc_nano.a(libc_a-strtod.o)
 *fill*         0x08009d46        0x2 
 .text._strtod_l
                0x08009d48      0xb34 /home/jonathan/st/stm32cubeide_1.19.0/plugins/com.st.stm32cube.ide.mcu.externaltools.gnu-tools-for-stm32.13.3.rel1.linux64_1.0.0.202410170706/tools/bin/../lib/gcc/arm-none-eabi/13.3.1/../../../../arm-none-eabi/lib/thumb/v7e-m+dp/hard/libc_nano.a(libc_a-strtod.o)
                0x08009d48                _strtod_l
 .text._strtod_r
                0x0800a87c        0xc /home/jonathan/st/stm32cubeide_1.19.0/plugins/com.st.stm32cube.ide.mcu.externaltools.gnu-tools-for-stm32.13.3.rel1.linux64_1.0.0.202410170706/tools/bin/../lib/gcc/arm-none-eabi/13.3.1/../../../../arm-none-eabi/lib/thumb/v7e-m+dp/hard/libc_nano.a(libc_a-strtod.o)
                0x0800a87c                _strtod_r
 .text._strtol_l.isra.0
                0x0800a888       0xf4 /home/jonathan/st/stm32cubeide_1.19.0/plugins/com.st.stm32cube.ide.mcu.externaltools.gnu-tools-for-stm32.13.3.rel1.linux64_1.0.0.202410170706/tools/bin/../lib/gcc/arm-none-eabi/13.3.1/../../../../arm-none-eabi/lib/thumb/v7e-m+dp/hard/libc_nano.a(libc_a-strtol.o)
 .text._strtol_r
                0x0800a97c        0x4 /home/jonathan/st/stm32cubeide_1.19.0/plugins/com.st.stm32cube.ide.mcu.externaltools.gnu-tools-for-stm32.13.3.rel1.linux64_1.0.0.202410170706/tools/bin/../lib/gcc/arm-none-eabi/13.3.1/../../../../arm-none-eabi/lib/thumb/v7e-m+dp/hard/libc_nano.a(libc_a-strtol.o)
                0x0800a97c                _strtol_r
 .text.__ssputs_r
                0x0800a980       0xb6 /home/jonathan/st/stm32cubeide_1.19.0/plugins/com.st.stm32cube.ide.mcu.externaltools.gnu-tools-for-stm32.13.3.rel1.linux64_1.0.0.202410170706/tools/bin/../lib/gcc/arm-none-eabi/13.3.1/../../../../arm-none-eabi/lib/thumb/v7e-m+dp/hard/libc_nano.a(libc_a-nano-svfprintf.o)
                0x0800a980                __ssputs_r
 *fill*         0x0800aa36        0x2 
 .text._svfprintf_r
                0x0800aa38      0x1f8 /home/jonathan/st/stm32cubeide_1.19.0/plugins/com.st.stm32cube.ide.mcu.externaltools.gnu-tools-for-stm32.13.3.rel1.linux64_1.0.0.202410170706/tools/bin/../lib/gcc/arm-none-eabi/13.3.1/../../../../arm-none-eabi/lib/thumb/v7e-m+dp/hard/libc_nano.a(libc_a-nano-svfprintf.o)
                0x0800aa38                _svfprintf_r
                0x0800aa38                _svfiprintf_r
 .text.__sfputc_r
                0x0800ac30       0x2e /home/jonathan/st/stm32cubeide_1.19.0/plugins/com.st.stm32cube.ide.mcu.externaltools.gnu-tools-for-stm32.13.3.rel1.linux64_1.0.0.202410170706/tools/bin/../lib/gcc/arm-none-eabi/13.3.1/../../../../arm-none-eabi/lib/thumb/v7e-m+dp/hard/libc_nano.a(libc_a-nano-vfprintf.o)
 .text.__sfputs_r
                0x0800ac5e       0x24 /home/jonathan/st/stm32cubeide_1.19.0/plugins/com.st.stm32cube.ide.mcu.externaltools.gnu-tools-for-stm32.13.3.rel1.linux64_1.0.0.202410170706/tools/bin/../lib/gcc/arm-none-eabi/13.3.1/../../../../arm-none-eabi/lib/thumb/v7e-m+dp/hard/libc_nano.a(libc_a-nano-vfprintf.o)
                0x0800ac5e                __sfputs_r
 *fill*         0x0800ac82        0x2 
 .text._vfprintf_r
                0x0800ac84      0x230 /home/jonathan/st/stm32cubeide_1.19.0/plugins/com.st.stm32cube.ide.mcu.externaltools.gnu-tools-for-stm32.13.3.rel1.linux64_1.0.0.202410170706/tools/bin/../lib/gcc/arm-none-eabi/13.3.1/../../../../arm-none-eabi/lib/thumb/v7e-m+dp/hard/libc_nano.a(libc_a-nano-vfprintf.o)
                0x0800ac84                _vfiprintf_r
                0x0800ac84                _vfprintf_r
 .text.__sflush_r
                0x0800aeb4      0x108 /home/jonathan/st/stm32cubeide_1.19.0/plugins/com.st.stm32cube.ide.mcu.externaltools.gnu-tools-for-stm32.13.3.rel1.linux64_1.0.0.202410170706/tools/bin/../lib/gcc/arm-none-eabi/13.3.1/../../../../arm-none-eabi/lib/thumb/v7e-m+dp/hard/libc_nano.a(libc_a-fflush.o)
                0x0800aeb4                __sflush_r
 .text._fflush_r
                0x0800afbc       0x50 /home/jonathan/st/stm32cubeide_1.19.0/plugins/com.st.stm32cube.ide.mcu.externaltools.gnu-tools-for-stm32.13.3.rel1.linux64_1.0.0.202410170706/tools/bin/../lib/gcc/arm-none-eabi/13.3.1/../../../../arm-none-eabi/lib/thumb/v7e-m+dp/hard/libc_nano.a(libc_a-fflush.o)
                0x0800afbc                _fflush_r
 .text.__swbuf_r
                0x0800b00c       0x7c /home/jonathan/st/stm32cubeide_1.19.0/plugins/com.st.stm32cube.ide.mcu.externaltools.gnu-tools-for-stm32.13.3.rel1.linux64_1.0.0.202410170706/tools/bin/../lib/gcc/arm-none-eabi/13.3.1/../../../../arm-none-eabi/lib/thumb/v7e-m+dp/hard/libc_nano.a(libc_a-wbuf.o)
                0x0800b00c                __swbuf_r
 .text.__swsetup_r
                0x0800b088       0xac /home/jonathan/st/stm32cubeide_1.19.0/plugins/com.st.stm32cube.ide.mcu.externaltools.gnu-tools-for-stm32.13.3.rel1.linux64_1.0.0.202410170706/tools/bin/../lib/gcc/arm-none-eabi/13.3.1/../../../../arm-none-eabi/lib/thumb/v7e-m+dp/hard/libc_nano.a(libc_a-wsetup.o)
                0x0800b088                __swsetup_r
 .text.memmove  0x0800b134       0x34 /home/jonathan/st/stm32cubeide_1.19.0/plugins/com.st.stm32cube.ide.mcu.externaltools.gnu-tools-for-stm32.13.3.rel1.linux64_1.0.0.202410170706/tools/bin/../lib/gcc/arm-none-eabi/13.3.1/../../../../arm-none-eabi/lib/thumb/v7e-m+dp/hard/libc_nano.a(libc_a-memmove.o)
                0x0800b134                memmove
 .text.strncmp  0x0800b168       0x24 /home/jonathan/st/stm32cubeide_1.19.0/plugins/com.st.stm32cube.ide.mcu.externaltools.gnu-tools-for-stm32.13.3.rel1.linux64_1.0.0.202410170706/tools/bin/../lib/gcc/arm-none-eabi/13.3.1/../../../../arm-none-eabi/lib/thumb/v7e-m+dp/hard/libc_nano.a(libc_a-strncmp.o)
                0x0800b168                strncmp
 .text._sbrk_r  0x0800b18c       0x20 /home/jonathan/st/stm32cubeide_1.19.0/plugins/com.st.stm32cube.ide.mcu.externaltools.gnu-tools-for-stm32.13.3.rel1.linux64_1.0.0.202410170706/tools/bin/../lib/gcc/arm-none-eabi/13.3.1/../../../../arm-none-eabi/lib/thumb/v7e-m+dp/hard/libc_nano.a(libc_a-sbrkr.o)
                0x0800b18c                _sbrk_r
 *fill*         0x0800b1ac        0x4 
 .text.nan      0x0800b1b0       0x10 /home/jonathan/st/stm32cubeide_1.19.0/plugins/com.st.stm32cube.ide.mcu.externaltools.gnu-tools-for-stm32.13.3.rel1.linux64_1.0.0.202410170706/tools/bin/../lib/gcc/arm-none-eabi/13.3.1/../../../../arm-none-eabi/lib/thumb/v7e-m+dp/hard/libc_nano.a(libm_a-s_nan.o)
                0x0800b1b0                nan
 .text.__assert_func
                0x0800b1c0       0x3c /home/jonathan/st/stm32cubeide_1.19.0/plugins/com.st.stm32cube.ide.mcu.externaltools.gnu-tools-for-stm32.13.3.rel1.linux64_1.0.0.202410170706/tools/bin/../lib/gcc/arm-none-eabi/13.3.1/../../../../arm-none-eabi/lib/thumb/v7e-m+dp/hard/libc_nano.a(libc_a-assert.o)
                0x0800b1c0                __assert_func
 .text._calloc_r
                0x0800b1fc       0x28 /home/jonathan/st/stm32cubeide_1.19.0/plugins/com.st.stm32cube.ide.mcu.externaltools.gnu-tools-for-stm32.13.3.rel1.linux64_1.0.0.202410170706/tools/bin/../lib/gcc/arm-none-eabi/13.3.1/../../../../arm-none-eabi/lib/thumb/v7e-m+dp/hard/libc_nano.a(libc_a-callocr.o)
                0x0800b1fc                _calloc_r
 .text.rshift   0x0800b224       0xa4 /home/jonathan/st/stm32cubeide_1.19.0/plugins/com.st.stm32cube.ide.mcu.externaltools.gnu-tools-for-stm32.13.3.rel1.linux64_1.0.0.202410170706/tools/bin/../lib/gcc/arm-none-eabi/13.3.1/../../../../arm-none-eabi/lib/thumb/v7e-m+dp/hard/libc_nano.a(libc_a-gdtoa-gethex.o)
 .text.__hexdig_fun
                0x0800b2c8       0x2a /home/jonathan/st/stm32cubeide_1.19.0/plugins/com.st.stm32cube.ide.mcu.externaltools.gnu-tools-for-stm32.13.3.rel1.linux64_1.0.0.202410170706/tools/bin/../lib/gcc/arm-none-eabi/13.3.1/../../../../arm-none-eabi/lib/thumb/v7e-m+dp/hard/libc_nano.a(libc_a-gdtoa-gethex.o)
                0x0800b2c8                __hexdig_fun
 *fill*         0x0800b2f2        0x2 
 .text.__gethex
                0x0800b2f4      0x420 /home/jonathan/st/stm32cubeide_1.19.0/plugins/com.st.stm32cube.ide.mcu.externaltools.gnu-tools-for-stm32.13.3.rel1.linux64_1.0.0.202410170706/tools/bin/../lib/gcc/arm-none-eabi/13.3.1/../../../../arm-none-eabi/lib/thumb/v7e-m+dp/hard/libc_nano.a(libc_a-gdtoa-gethex.o)
                0x0800b2f4                __gethex
 .text.L_shift  0x0800b714       0x24 /home/jonathan/st/stm32cubeide_1.19.0/plugins/com.st.stm32cube.ide.mcu.externaltools.gnu-tools-for-stm32.13.3.rel1.linux64_1.0.0.202410170706/tools/bin/../lib/gcc/arm-none-eabi/13.3.1/../../../../arm-none-eabi/lib/thumb/v7e-m+dp/hard/libc_nano.a(libc_a-gdtoa-hexnan.o)
 .text.__match  0x0800b738       0x28 /home/jonathan/st/stm32cubeide_1.19.0/plugins/com.st.stm32cube.ide.mcu.externaltools.gnu-tools-for-stm32.13.3.rel1.linux64_1.0.0.202410170706/tools/bin/../lib/gcc/arm-none-eabi/13.3.1/../../../../arm-none-eabi/lib/thumb/v7e-m+dp/hard/libc_nano.a(libc_a-gdtoa-hexnan.o)
                0x0800b738                __match
 .text.__hexnan
                0x0800b760      0x136 /home/jonathan/st/stm32cubeide_1.19.0/plugins/com.st.stm32cube.ide.mcu.externaltools.gnu-tools-for-stm32.13.3.rel1.linux64_1.0.0.202410170706/tools/bin/../lib/gcc/arm-none-eabi/13.3.1/../../../../arm-none-eabi/lib/thumb/v7e-m+dp/hard/libc_nano.a(libc_a-gdtoa-hexnan.o)
                0x0800b760                __hexnan
 .text.__ascii_mbtowc
                0x0800b896       0x24 /home/jonathan/st/stm32cubeide_1.19.0/plugins/com.st.stm32cube.ide.mcu.externaltools.gnu-tools-for-stm32.13.3.rel1.linux64_1.0.0.202410170706/tools/bin/../lib/gcc/arm-none-eabi/13.3.1/../../../../arm-none-eabi/lib/thumb/v7e-m+dp/hard/libc_nano.a(libc_a-mbtowc_r.o)
                0x0800b896                __ascii_mbtowc
 .text._realloc_r
                0x0800b8ba       0x5c /home/jonathan/st/stm32cubeide_1.19.0/plugins/com.st.stm32cube.ide.mcu.externaltools.gnu-tools-for-stm32.13.3.rel1.linux64_1.0.0.202410170706/tools/bin/../lib/gcc/arm-none-eabi/13.3.1/../../../../arm-none-eabi/lib/thumb/v7e-m+dp/hard/libc_nano.a(libc_a-reallocr.o)
                0x0800b8ba                _realloc_r
 .text.__ascii_wctomb
                0x0800b916       0x1a /home/jonathan/st/stm32cubeide_1.19.0/plugins/com.st.stm32cube.ide.mcu.externaltools.gnu-tools-for-stm32.13.3.rel1.linux64_1.0.0.202410170706/tools/bin/../lib/gcc/arm-none-eabi/13.3.1/../../../../arm-none-eabi/lib/thumb/v7e-m+dp/hard/libc_nano.a(libc_a-wctomb_r.o)
                0x0800b916                __ascii_wctomb
 .text.fprintf  0x0800b930       0x24 /home/jonathan/st/stm32cubeide_1.19.0/plugins/com.st.stm32cube.ide.mcu.externaltools.gnu-tools-for-stm32.13.3.rel1.linux64_1.0.0.202410170706/tools/bin/../lib/gcc/arm-none-eabi/13.3.1/../../../../arm-none-eabi/lib/thumb/v7e-m+dp/hard/libc_nano.a(libc_a-fprintf.o)
                0x0800b930                fprintf
                0x0800b930                fiprintf
 .text.__swhatbuf_r
                0x0800b954       0x4c /home/jonathan/st/stm32cubeide_1.19.0/plugins/com.st.stm32cube.ide.mcu.externaltools.gnu-tools-for-stm32.13.3.rel1.linux64_1.0.0.202410170706/tools/bin/../lib/gcc/arm-none-eabi/13.3.1/../../../../arm-none-eabi/lib/thumb/v7e-m+dp/hard/libc_nano.a(libc_a-makebuf.o)
                0x0800b954                __swhatbuf_r
 .text.__smakebuf_r
                0x0800b9a0       0x78 /home/jonathan/st/stm32cubeide_1.19.0/plugins/com.st.stm32cube.ide.mcu.externaltools.gnu-tools-for-stm32.13.3.rel1.linux64_1.0.0.202410170706/tools/bin/../lib/gcc/arm-none-eabi/13.3.1/../../../../arm-none-eabi/lib/thumb/v7e-m+dp/hard/libc_nano.a(libc_a-makebuf.o)
                0x0800b9a0                __smakebuf_r
 .text._fstat_r
                0x0800ba18       0x24 /home/jonathan/st/stm32cubeide_1.19.0/plugins/com.st.stm32cube.ide.mcu.externaltools.gnu-tools-for-stm32.13.3.rel1.linux64_1.0.0.202410170706/tools/bin/../lib/gcc/arm-none-eabi/13.3.1/../../../../arm-none-eabi/lib/thumb/v7e-m+dp/hard/libc_nano.a(libc_a-fstatr.o)
                0x0800ba18                _fstat_r
 .text._isatty_r
                0x0800ba3c       0x20 /home/jonathan/st/stm32cubeide_1.19.0/plugins/com.st.stm32cube.ide.mcu.externaltools.gnu-tools-for-stm32.13.3.rel1.linux64_1.0.0.202410170706/tools/bin/../lib/gcc/arm-none-eabi/13.3.1/../../../../arm-none-eabi/lib/thumb/v7e-m+dp/hard/libc_nano.a(libc_a-isattyr.o)
                0x0800ba3c                _isatty_r
 .text.abort    0x0800ba5c        0xe /home/jonathan/st/stm32cubeide_1.19.0/plugins/com.st.stm32cube.ide.mcu.externaltools.gnu-tools-for-stm32.13.3.rel1.linux64_1.0.0.202410170706/tools/bin/../lib/gcc/arm-none-eabi/13.3.1/../../../../arm-none-eabi/lib/thumb/v7e-m+dp/hard/libc_nano.a(libc_a-abort.o)
                0x0800ba5c                abort
 .text._malloc_usable_size_r
                0x0800ba6a       0x10 /home/jonathan/st/stm32cubeide_1.19.0/plugins/com.st.stm32cube.ide.mcu.externaltools.gnu-tools-for-stm32.13.3.rel1.linux64_1.0.0.202410170706/tools/bin/../lib/gcc/arm-none-eabi/13.3.1/../../../../arm-none-eabi/lib/thumb/v7e-m+dp/hard/libc_nano.a(libc_a-msizer.o)
                0x0800ba6a                _malloc_usable_size_r
 .text._raise_r
                0x0800ba7a       0x50 /home/jonathan/st/stm32cubeide_1.19.0/plugins/com.st.stm32cube.ide.mcu.externaltools.gnu-tools-for-stm32.13.3.rel1.linux64_1.0.0.202410170706/tools/bin/../lib/gcc/arm-none-eabi/13.3.1/../../../../arm-none-eabi/lib/thumb/v7e-m+dp/hard/libc_nano.a(libc_a-signal.o)
                0x0800ba7a                _raise_r
 *fill*         0x0800baca        0x2 
 .text.raise    0x0800bacc       0x10 /home/jonathan/st/stm32cubeide_1.19.0/plugins/com.st.stm32cube.ide.mcu.externaltools.gnu-tools-for-stm32.13.3.rel1.linux64_1.0.0.202410170706/tools/bin/../lib/gcc/arm-none-eabi/13.3.1/../../../../arm-none-eabi/lib/thumb/v7e-m+dp/hard/libc_nano.a(libc_a-signal.o)
                0x0800bacc                raise
 .text._kill_r  0x0800badc       0x24 /home/jonathan/st/stm32cubeide_1.19.0/plugins/com.st.stm32cube.ide.mcu.externaltools.gnu-tools-for-stm32.13.3.rel1.linux64_1.0.0.202410170706/tools/bin/../lib/gcc/arm-none-eabi/13.3.1/../../../../arm-none-eabi/lib/thumb/v7e-m+dp/hard/libc_nano.a(libc_a-signalr.o)
                0x0800badc                _kill_r
 .text._getpid_r
                0x0800bb00        0x4 /home/jonathan/st/stm32cubeide_1.19.0/plugins/com.st.stm32cube.ide.mcu.externaltools.gnu-tools-for-stm32.13.3.rel1.linux64_1.0.0.202410170706/tools/bin/../lib/gcc/arm-none-eabi/13.3.1/../../../../arm-none-eabi/lib/thumb/v7e-m+dp/hard/libc_nano.a(libc_a-signalr.o)
                0x0800bb00                _getpid_r
 *fill*         0x0800bb04        0x4 
 .text.sqrt     0x0800bb08       0x40 /home/jonathan/st/stm32cubeide_1.19.0/plugins/com.st.stm32cube.ide.mcu.externaltools.gnu-tools-for-stm32.13.3.rel1.linux64_1.0.0.202410170706/tools/bin/../lib/gcc/arm-none-eabi/13.3.1/../../../../arm-none-eabi/lib/thumb/v7e-m+dp/hard/libm.a(libm_a-w_sqrt.o)
                0x0800bb08                sqrt
 .text.cos      0x0800bb48       0x98 /home/jonathan/st/stm32cubeide_1.19.0/plugins/com.st.stm32cube.ide.mcu.externaltools.gnu-tools-for-stm32.13.3.rel1.linux64_1.0.0.202410170706/tools/bin/../lib/gcc/arm-none-eabi/13.3.1/../../../../arm-none-eabi/lib/thumb/v7e-m+dp/hard/libm.a(libm_a-s_cos.o)
                0x0800bb48                cos
 .text.sin      0x0800bbe0       0x98 /home/jonathan/st/stm32cubeide_1.19.0/plugins/com.st.stm32cube.ide.mcu.externaltools.gnu-tools-for-stm32.13.3.rel1.linux64_1.0.0.202410170706/tools/bin/../lib/gcc/arm-none-eabi/13.3.1/../../../../arm-none-eabi/lib/thumb/v7e-m+dp/hard/libm.a(libm_a-s_sin.o)
                0x0800bbe0                sin
 .text.atan2f   0x0800bc78        0x4 /home/jonathan/st/stm32cubeide_1.19.0/plugins/com.st.stm32cube.ide.mcu.externaltools.gnu-tools-for-stm32.13.3.rel1.linux64_1.0.0.202410170706/tools/bin/../lib/gcc/arm-none-eabi/13.3.1/../../../../arm-none-eabi/lib/thumb/v7e-m+dp/hard/libm.a(libm_a-wf_atan2.o)
                0x0800bc78                atan2f
 .text.sqrtf    0x0800bc7c       0x3c /home/jonathan/st/stm32cubeide_1.19.0/plugins/com.st.stm32cube.ide.mcu.externaltools.gnu-tools-for-stm32.13.3.rel1.linux64_1.0.0.202410170706/tools/bin/../lib/gcc/arm-none-eabi/13.3.1/../../../../arm-none-eabi/lib/thumb/v7e-m+dp/hard/libm.a(libm_a-wf_sqrt.o)
                0x0800bc7c                sqrtf
 .text.__ieee754_sqrt
                0x0800bcb8        0x6 /home/jonathan/st/stm32cubeide_1.19.0/plugins/com.st.stm32cube.ide.mcu.externaltools.gnu-tools-for-stm32.13.3.rel1.linux64_1.0.0.202410170706/tools/bin/../lib/gcc/arm-none-eabi/13.3.1/../../../../arm-none-eabi/lib/thumb/v7e-m+dp/hard/libm.a(libm_a-e_sqrt.o)
                0x0800bcb8                __ieee754_sqrt
 .text.__ieee754_sqrtf
                0x0800bcbe        0x6 /home/jonathan/st/stm32cubeide_1.19.0/plugins/com.st.stm32cube.ide.mcu.externaltools.gnu-tools-for-stm32.13.3.rel1.linux64_1.0.0.202410170706/tools/bin/../lib/gcc/arm-none-eabi/13.3.1/../../../../arm-none-eabi/lib/thumb/v7e-m+dp/hard/libm.a(libm_a-ef_sqrt.o)
                0x0800bcbe                __ieee754_sqrtf
 *fill*         0x0800bcc4        0x4 
 .text.__kernel_cos
                0x0800bcc8       0xd0 /home/jonathan/st/stm32cubeide_1.19.0/plugins/com.st.stm32cube.ide.mcu.externaltools.gnu-tools-for-stm32.13.3.rel1.linux64_1.0.0.202410170706/tools/bin/../lib/gcc/arm-none-eabi/13.3.1/../../../../arm-none-eabi/lib/thumb/v7e-m+dp/hard/libm.a(libm_a-k_cos.o)
                0x0800bcc8                __kernel_cos
 .text.__kernel_sin
                0x0800bd98       0xb0 /home/jonathan/st/stm32cubeide_1.19.0/plugins/com.st.stm32cube.ide.mcu.externaltools.gnu-tools-for-stm32.13.3.rel1.linux64_1.0.0.202410170706/tools/bin/../lib/gcc/arm-none-eabi/13.3.1/../../../../arm-none-eabi/lib/thumb/v7e-m+dp/hard/libm.a(libm_a-k_sin.o)
                0x0800bd98                __kernel_sin
 .text.__ieee754_rem_pio2
                0x0800be48      0x288 /home/jonathan/st/stm32cubeide_1.19.0/plugins/com.st.stm32cube.ide.mcu.externaltools.gnu-tools-for-stm32.13.3.rel1.linux64_1.0.0.202410170706/tools/bin/../lib/gcc/arm-none-eabi/13.3.1/../../../../arm-none-eabi/lib/thumb/v7e-m+dp/hard/libm.a(libm_a-e_rem_pio2.o)
                0x0800be48                __ieee754_rem_pio2
 .text.fabs     0x0800c0d0       0x10 /home/jonathan/st/stm32cubeide_1.19.0/plugins/com.st.stm32cube.ide.mcu.externaltools.gnu-tools-for-stm32.13.3.rel1.linux64_1.0.0.202410170706/tools/bin/../lib/gcc/arm-none-eabi/13.3.1/../../../../arm-none-eabi/lib/thumb/v7e-m+dp/hard/libm.a(libm_a-s_fabs.o)
                0x0800c0d0                fabs
 .text.__ieee754_atan2f
                0x0800c0e0      0x13c /home/jonathan/st/stm32cubeide_1.19.0/plugins/com.st.stm32cube.ide.mcu.externaltools.gnu-tools-for-stm32.13.3.rel1.linux64_1.0.0.202410170706/tools/bin/../lib/gcc/arm-none-eabi/13.3.1/../../../../arm-none-eabi/lib/thumb/v7e-m+dp/hard/libm.a(libm_a-ef_atan2.o)
                0x0800c0e0                __ieee754_atan2f
 .text.atanf    0x0800c21c      0x1a8 /home/jonathan/st/stm32cubeide_1.19.0/plugins/com.st.stm32cube.ide.mcu.externaltools.gnu-tools-for-stm32.13.3.rel1.linux64_1.0.0.202410170706/tools/bin/../lib/gcc/arm-none-eabi/13.3.1/../../../../arm-none-eabi/lib/thumb/v7e-m+dp/hard/libm.a(libm_a-sf_atan.o)
                0x0800c21c                atanf