Archive member included to satisfy reference by file (symbol)

/home/jonathan/st/stm32cubeide_1.17.0/plugins/com.st.stm32cube.ide.mcu.externaltools.gnu-tools-for-stm32.12.3.rel1.linux64_1.1.0.202410170702/tools/bin/../lib/gcc/arm-none-eabi/12.3.1/../../../../arm-none-eabi/lib/thumb/v7e-m+dp/hard/libc_nano.a(libc_a-exit.o)
                              /home/jonathan/st/stm32cubeide_1.17.0/plugins/com.st.stm32cube.ide.mcu.externaltools.gnu-tools-for-stm32.12.3.rel1.linux64_1.1.0.202410170702/tools/bin/../lib/gcc/arm-none-eabi/12.3.1/../../../../arm-none-eabi/lib/thumb/v7e-m+dp/hard/crt0.o (exit)
/home/jonathan/st/stm32cubeide_1.17.0/plugins/com.st.stm32cube.ide.mcu.externaltools.gnu-tools-for-stm32.12.3.rel1.linux64_1.1.0.202410170702/tools/bin/../lib/gcc/arm-none-eabi/12.3.1/../../../../arm-none-eabi/lib/thumb/v7e-m+dp/hard/libc_nano.a(libc_a-nano-vfprintf_float.o)
                              (_printf_float)
/home/jonathan/st/stm32cubeide_1.17.0/plugins/com.st.stm32cube.ide.mcu.externaltools.gnu-tools-for-stm32.12.3.rel1.linux64_1.1.0.202410170702/tools/bin/../lib/gcc/arm-none-eabi/12.3.1/../../../../arm-none-eabi/lib/thumb/v7e-m+dp/hard/libc_nano.a(libc_a-nano-vfprintf_i.o)
                              /home/jonathan/st/stm32cubeide_1.17.0/plugins/com.st.stm32cube.ide.mcu.externaltools.gnu-tools-for-stm32.12.3.rel1.linux64_1.1.0.202410170702/tools/bin/../lib/gcc/arm-none-eabi/12.3.1/../../../../arm-none-eabi/lib/thumb/v7e-m+dp/hard/libc_nano.a(libc_a-nano-vfprintf_float.o) (_printf_common)
/home/jonathan/st/stm32cubeide_1.17.0/plugins/com.st.stm32cube.ide.mcu.externaltools.gnu-tools-for-stm32.12.3.rel1.linux64_1.1.0.202410170702/tools/bin/../lib/gcc/arm-none-eabi/12.3.1/../../../../arm-none-eabi/lib/thumb/v7e-m+dp/hard/libc_nano.a(libc_a-nano-vfscanf_float.o)
                              (_scanf_float)
/home/jonathan/st/stm32cubeide_1.17.0/plugins/com.st.stm32cube.ide.mcu.externaltools.gnu-tools-for-stm32.12.3.rel1.linux64_1.1.0.202410170702/tools/bin/../lib/gcc/arm-none-eabi/12.3.1/../../../../arm-none-eabi/lib/thumb/v7e-m+dp/hard/libc_nano.a(libc_a-findfp.o)
                              ./Middlewares/Third_Party/FreeRTOS/Source/tasks.o (__sf)
/home/jonathan/st/stm32cubeide_1.17.0/plugins/com.st.stm32cube.ide.mcu.externaltools.gnu-tools-for-stm32.12.3.rel1.linux64_1.1.0.202410170702/tools/bin/../lib/gcc/arm-none-eabi/12.3.1/../../../../arm-none-eabi/lib/thumb/v7e-m+dp/hard/libc_nano.a(libc_a-fwalk.o)
                              /home/jonathan/st/stm32cubeide_1.17.0/plugins/com.st.stm32cube.ide.mcu.externaltools.gnu-tools-for-stm32.12.3.rel1.linux64_1.1.0.202410170702/tools/bin/../lib/gcc/arm-none-eabi/12.3.1/../../../../arm-none-eabi/lib/thumb/v7e-m+dp/hard/libc_nano.a(libc_a-findfp.o) (_fwalk_sglue)
/home/jonathan/st/stm32cubeide_1.17.0/plugins/com.st.stm32cube.ide.mcu.externaltools.gnu-tools-for-stm32.12.3.rel1.linux64_1.1.0.202410170702/tools/bin/../lib/gcc/arm-none-eabi/12.3.1/../../../../arm-none-eabi/lib/thumb/v7e-m+dp/hard/libc_nano.a(libc_a-sprintf.o)
                              /home/jonathan/st/stm32cubeide_1.17.0/plugins/com.st.stm32cube.ide.mcu.externaltools.gnu-tools-for-stm32.12.3.rel1.linux64_1.1.0.202410170702/tools/bin/../lib/gcc/arm-none-eabi/12.3.1/../../../../arm-none-eabi/lib/thumb/v7e-m+dp/hard/libc_nano.a(libc_a-nano-vfscanf_float.o) (sprintf)
/home/jonathan/st/stm32cubeide_1.17.0/plugins/com.st.stm32cube.ide.mcu.externaltools.gnu-tools-for-stm32.12.3.rel1.linux64_1.1.0.202410170702/tools/bin/../lib/gcc/arm-none-eabi/12.3.1/../../../../arm-none-eabi/lib/thumb/v7e-m+dp/hard/libc_nano.a(libc_a-stdio.o)
                              /home/jonathan/st/stm32cubeide_1.17.0/plugins/com.st.stm32cube.ide.mcu.externaltools.gnu-tools-for-stm32.12.3.rel1.linux64_1.1.0.202410170702/tools/bin/../lib/gcc/arm-none-eabi/12.3.1/../../../../arm-none-eabi/lib/thumb/v7e-m+dp/hard/libc_nano.a(libc_a-findfp.o) (__sread)
/home/jonathan/st/stm32cubeide_1.17.0/plugins/com.st.stm32cube.ide.mcu.externaltools.gnu-tools-for-stm32.12.3.rel1.linux64_1.1.0.202410170702/tools/bin/../lib/gcc/arm-none-eabi/12.3.1/../../../../arm-none-eabi/lib/thumb/v7e-m+dp/hard/libc_nano.a(libc_a-memset.o)
                              /home/jonathan/st/stm32cubeide_1.17.0/plugins/com.st.stm32cube.ide.mcu.externaltools.gnu-tools-for-stm32.12.3.rel1.linux64_1.1.0.202410170702/tools/bin/../lib/gcc/arm-none-eabi/12.3.1/../../../../arm-none-eabi/lib/thumb/v7e-m+dp/hard/crt0.o (memset)
/home/jonathan/st/stm32cubeide_1.17.0/plugins/com.st.stm32cube.ide.mcu.externaltools.gnu-tools-for-stm32.12.3.rel1.linux64_1.1.0.202410170702/tools/bin/../lib/gcc/arm-none-eabi/12.3.1/../../../../arm-none-eabi/lib/thumb/v7e-m+dp/hard/libc_nano.a(libc_a-localeconv.o)
[...]
Memory Configuration

Name             Origin             Length             Attributes
FLASH            0x08000000         0x00200000         xr
DTCMRAM          0x20000000         0x00020000         xrw
RAM_D1           0x24000000         0x00080000         xrw
RAM_D2           0x30000000         0x00048000         xrw
RAM_D3           0x38000000         0x00010000         xrw
ITCMRAM          0x00000000         0x00010000         xrw
*default*        0x00000000         0xffffffff

Linker script and memory map

LOAD /home/jonathan/st/stm32cubeide_1.17.0/plugins/com.st.stm32cube.ide.mcu.externaltools.gnu-tools-for-stm32.12.3.rel1.linux64_1.1.0.202410170702/tools/bin/../lib/gcc/arm-none-eabi/12.3.1/thumb/v7e-m+dp/hard/crti.o
LOAD /home/jonathan/st/stm32cubeide_1.17.0/plugins/com.st.stm32cube.ide.mcu.externaltools.gnu-tools-for-stm32.12.3.rel1.linux64_1.1.0.202410170702/tools/bin/../lib/gcc/arm-none-eabi/12.3.1/thumb/v7e-m+dp/hard/crtbegin.o
LOAD /home/jonathan/st/stm32cubeide_1.17.0/plugins/com.st.stm32cube.ide.mcu.externaltools.gnu-tools-for-stm32.12.3.rel1.linux64_1.1.0.202410170702/tools/bin/../lib/gcc/arm-none-eabi/12.3.1/../../../../arm-none-eabi/lib/thumb/v7e-m+dp/hard/crt0.o
LOAD ./Core/Src/bno055.o
LOAD ./Core/Src/freertos.o
LOAD ./Core/Src/kalman.o
LOAD ./Core/Src/main.o
LOAD ./Core/Src/mpu6050.o
LOAD ./Core/Src/stm32h7xx_hal_msp.o
LOAD ./Core/Src/stm32h7xx_hal_timebase_tim.o
LOAD ./Core/Src/stm32h7xx_it.o
LOAD ./Core/Src/syscalls.o
LOAD ./Core/Src/sysmem.o
LOAD ./Core/Src/system_stm32h7xx.o
LOAD ./Core/Startup/startup_stm32h743iitx.o
LOAD ./Drivers/STM32H7xx_HAL_Driver/Src/stm32h7xx_hal.o
LOAD ./Drivers/STM32H7xx_HAL_Driver/Src/stm32h7xx_hal_cortex.o
LOAD ./Drivers/STM32H7xx_HAL_Driver/Src/stm32h7xx_hal_dma.o
LOAD ./Drivers/STM32H7xx_HAL_Driver/Src/stm32h7xx_hal_dma_ex.o
LOAD ./Drivers/STM32H7xx_HAL_Driver/Src/stm32h7xx_hal_exti.o
LOAD ./Drivers/STM32H7xx_HAL_Driver/Src/stm32h7xx_hal_flash.o
LOAD ./Drivers/STM32H7xx_HAL_Driver/Src/stm32h7xx_hal_flash_ex.o
LOAD ./Drivers/STM32H7xx_HAL_Driver/Src/stm32h7xx_hal_gpio.o
LOAD ./Drivers/STM32H7xx_HAL_Driver/Src/stm32h7xx_hal_hsem.o
LOAD ./Drivers/STM32H7xx_HAL_Driver/Src/stm32h7xx_hal_i2c.o
LOAD ./Drivers/STM32H7xx_HAL_Driver/Src/stm32h7xx_hal_i2c_ex.o
LOAD ./Drivers/STM32H7xx_HAL_Driver/Src/stm32h7xx_hal_mdma.o
LOAD ./Drivers/STM32H7xx_HAL_Driver/Src/stm32h7xx_hal_pwr.o
LOAD ./Drivers/STM32H7xx_HAL_Driver/Src/stm32h7xx_hal_pwr_ex.o
LOAD ./Drivers/STM32H7xx_HAL_Driver/Src/stm32h7xx_hal_rcc.o
LOAD ./Drivers/STM32H7xx_HAL_Driver/Src/stm32h7xx_hal_rcc_ex.o
LOAD ./Drivers/STM32H7xx_HAL_Driver/Src/stm32h7xx_hal_tim.o
LOAD ./Drivers/STM32H7xx_HAL_Driver/Src/stm32h7xx_hal_tim_ex.o
LOAD ./Drivers/STM32H7xx_HAL_Driver/Src/stm32h7xx_hal_uart.o
LOAD ./Drivers/STM32H7xx_HAL_Driver/Src/stm32h7xx_hal_uart_ex.o
LOAD ./FATFS/App/fatfs.o
LOAD ./FATFS/Target/user_diskio.o
LOAD ./Middlewares/Third_Party/FatFs/src/diskio.o
LOAD ./Middlewares/Third_Party/FatFs/src/ff.o
LOAD ./Middlewares/Third_Party/FatFs/src/ff_gen_drv.o
LOAD ./Middlewares/Third_Party/FatFs/src/option/syscall.o
LOAD ./Middlewares/Third_Party/FreeRTOS/Source/CMSIS_RTOS_V2/cmsis_os2.o
LOAD ./Middlewares/Third_Party/FreeRTOS/Source/croutine.o
LOAD ./Middlewares/Third_Party/FreeRTOS/Source/event_groups.o
LOAD ./Middlewares/Third_Party/FreeRTOS/Source/list.o
LOAD ./Middlewares/Third_Party/FreeRTOS/Source/queue.o
LOAD ./Middlewares/Third_Party/FreeRTOS/Source/stream_buffer.o
LOAD ./Middlewares/Third_Party/FreeRTOS/Source/tasks.o
LOAD ./Middlewares/Third_Party/FreeRTOS/Source/timers.o
LOAD ./Middlewares/Third_Party/FreeRTOS/Source/portable/GCC/ARM_CM4F/port.o
LOAD ./Middlewares/Third_Party/FreeRTOS/Source/portable/MemMang/heap_4.o
START GROUP
LOAD /home/jonathan/st/stm32cubeide_1.17.0/plugins/com.st.stm32cube.ide.mcu.externaltools.gnu-tools-for-stm32.12.3.rel1.linux64_1.1.0.202410170702/tools/bin/../lib/gcc/arm-none-eabi/12.3.1/../../../../arm-none-eabi/lib/thumb/v7e-m+dp/hard/libc_nano.a
LOAD /home/jonathan/st/stm32cubeide_1.17.0/plugins/com.st.stm32cube.ide.mcu.externaltools.gnu-tools-for-stm32.12.3.rel1.linux64_1.1.0.202410170702/tools/bin/../lib/gcc/arm-none-eabi/12.3.1/../../../../arm-none-eabi/lib/thumb/v7e-m+dp/hard/libm.a
END GROUP
START GROUP
LOAD /home/jonathan/st/stm32cubeide_1.17.0/plugins/com.st.stm32cube.ide.mcu.externaltools.gnu-tools-for-stm32.12.3.rel1.linux64_1.1.0.202410170702/tools/bin/../lib/gcc/arm-none-eabi/12.3.1/thumb/v7e-m+dp/hard/libgcc.a
LOAD /home/jonathan/st/stm32cubeide_1.17.0/plugins/com.st.stm32cube.ide.mcu.externaltools.gnu-tools-for-stm32.12.3.rel1.linux64_1.1.0.202410170702/tools/bin/../lib/gcc/arm-none-eabi/12.3.1/../../../../arm-none-eabi/lib/thumb/v7e-m+dp/hard/libc_nano.a
END GROUP
START GROUP
LOAD /home/jonathan/st/stm32cubeide_1.17.0/plugins/com.st.stm32cube.ide.mcu.externaltools.gnu-tools-for-stm32.12.3.rel1.linux64_1.1.0.202410170702/tools/bin/../lib/gcc/arm-none-eabi/12.3.1/thumb/v7e-m+dp/hard/libgcc.a
LOAD /home/jonathan/st/stm32cubeide_1.17.0/plugins/com.st.stm32cube.ide.mcu.externaltools.gnu-tools-for-stm32.12.3.rel1.linux64_1.1.0.202410170702/tools/bin/../lib/gcc/arm-none-eabi/12.3.1/../../../../arm-none-eabi/lib/thumb/v7e-m+dp/hard/libc_nano.a
LOAD /home/jonathan/st/stm32cubeide_1.17.0/plugins/com.st.stm32cube.ide.mcu.externaltools.gnu-tools-for-stm32.12.3.rel1.linux64_1.1.0.202410170702/tools/bin/../lib/gcc/arm-none-eabi/12.3.1/../../../../arm-none-eabi/lib/thumb/v7e-m+dp/hard/libnosys.a
END GROUP
START GROUP
LOAD /home/jonathan/st/stm32cubeide_1.17.0/plugins/com.st.stm32cube.ide.mcu.externaltools.gnu-tools-for-stm32.12.3.rel1.linux64_1.1.0.202410170702/tools/bin/../lib/gcc/arm-none-eabi/12.3.1/thumb/v7e-m+dp/hard/libgcc.a
LOAD /home/jonathan/st/stm32cubeide_1.17.0/plugins/com.st.stm32cube.ide.mcu.externaltools.gnu-tools-for-stm32.12.3.rel1.linux64_1.1.0.202410170702/tools/bin/../lib/gcc/arm-none-eabi/12.3.1/../../../../arm-none-eabi/lib/thumb/v7e-m+dp/hard/libc_nano.a
LOAD /home/jonathan/st/stm32cubeide_1.17.0/plugins/com.st.stm32cube.ide.mcu.externaltools.gnu-tools-for-stm32.12.3.rel1.linux64_1.1.0.202410170702/tools/bin/../lib/gcc/arm-none-eabi/12.3.1/../../../../arm-none-eabi/lib/thumb/v7e-m+dp/hard/libnosys.a
END GROUP
LOAD /home/jonathan/st/stm32cubeide_1.17.0/plugins/com.st.stm32cube.ide.mcu.externaltools.gnu-tools-for-stm32.12.3.rel1.linux64_1.1.0.202410170702/tools/bin/../lib/gcc/arm-none-eabi/12.3.1/thumb/v7e-m+dp/hard/crtend.o
LOAD /home/jonathan/st/stm32cubeide_1.17.0/plugins/com.st.stm32cube.ide.mcu.externaltools.gnu-tools-for-stm32.12.3.rel1.linux64_1.1.0.202410170702/tools/bin/../lib/gcc/arm-none-eabi/12.3.1/thumb/v7e-m+dp/hard/crtn.o
                0x24080000                        _estack = (ORIGIN (RAM_D1) + LENGTH (RAM_D1))
                0x00000200                        _Min_Heap_Size = 0x200
                0x00000400                        _Min_Stack_Size = 0x400

.isr_vector     0x08000000      0x298
                0x08000000                        . = ALIGN (0x4)
 *(.isr_vector)
 .isr_vector    0x08000000      0x298 ./Core/Startup/startup_stm32h743iitx.o
                0x08000000                g_pfnVectors
                0x08000298                        . = ALIGN (0x4)

.text           0x080002a0     0xb598
                0x080002a0                        . = ALIGN (0x4)
 *(.text)
 .text          0x080002a0       0x40 /home/jonathan/st/stm32cubeide_1.17.0/plugins/com.st.stm32cube.ide.mcu.externaltools.gnu-tools-for-stm32.12.3.rel1.linux64_1.1.0.202410170702/tools/bin/../lib/gcc/arm-none-eabi/12.3.1/thumb/v7e-m+dp/hard/crtbegin.o
 .text          0x080002e0       0xa0 /home/jonathan/st/stm32cubeide_1.17.0/plugins/com.st.stm32cube.ide.mcu.externaltools.gnu-tools-for-stm32.12.3.rel1.linux64_1.1.0.202410170702/tools/bin/../lib/gcc/arm-none-eabi/12.3.1/../../../../arm-none-eabi/lib/thumb/v7e-m+dp/hard/libc_nano.a(libc_a-memchr.o)
                0x080002e0                memchr
 .text          0x08000380       0x10 /home/jonathan/st/stm32cubeide_1.17.0/plugins/com.st.stm32cube.ide.mcu.externaltools.gnu-tools-for-stm32.12.3.rel1.linux64_1.1.0.202410170702/tools/bin/../lib/gcc/arm-none-eabi/12.3.1/../../../../arm-none-eabi/lib/thumb/v7e-m+dp/hard/libc_nano.a(libc_a-strlen.o)
                0x08000380                strlen
 .text          0x08000390      0x378 /home/jonathan/st/stm32cubeide_1.17.0/plugins/com.st.stm32cube.ide.mcu.externaltools.gnu-tools-for-stm32.12.3.rel1.linux64_1.1.0.202410170702/tools/bin/../lib/gcc/arm-none-eabi/12.3.1/thumb/v7e-m+dp/hard/libgcc.a(_arm_addsubdf3.o)
                0x08000390                __aeabi_drsub
                0x08000398                __aeabi_dsub
                0x08000398                __subdf3
                0x0800039c                __adddf3
                0x0800039c                __aeabi_dadd
                0x08000614                __aeabi_ui2d
                0x08000614                __floatunsidf
                0x08000634                __floatsidf
                0x08000634                __aeabi_i2d
                0x08000658                __extendsfdf2
                0x08000658                __aeabi_f2d
                0x0800069c                __aeabi_ul2d
                0x0800069c                __floatundidf
                0x080006ac                __floatdidf
                0x080006ac                __aeabi_l2d
 .text          0x08000708       0x30 /home/jonathan/st/stm32cubeide_1.17.0/plugins/com.st.stm32cube.ide.mcu.externaltools.gnu-tools-for-stm32.12.3.rel1.linux64_1.1.0.202410170702/tools/bin/../lib/gcc/arm-none-eabi/12.3.1/thumb/v7e-m+dp/hard/libgcc.a(_aeabi_uldivmod.o)
                0x08000708                __aeabi_uldivmod
 .text          0x08000738       0x30 /home/jonathan/st/stm32cubeide_1.17.0/plugins/com.st.stm32cube.ide.mcu.externaltools.gnu-tools-for-stm32.12.3.rel1.linux64_1.1.0.202410170702/tools/bin/../lib/gcc/arm-none-eabi/12.3.1/thumb/v7e-m+dp/hard/libgcc.a(_fixdfdi.o)
                0x08000738                __aeabi_d2lz
                0x08000738                __fixdfdi
 .text          0x08000768       0x40 /home/jonathan/st/stm32cubeide_1.17.0/plugins/com.st.stm32cube.ide.mcu.externaltools.gnu-tools-for-stm32.12.3.rel1.linux64_1.1.0.202410170702/tools/bin/../lib/gcc/arm-none-eabi/12.3.1/thumb/v7e-m+dp/hard/libgcc.a(_fixunsdfdi.o)
                0x08000768                __aeabi_d2ulz
                0x08000768                __fixunsdfdi
 .text          0x080007a8      0x2bc /home/jonathan/st/stm32cubeide_1.17.0/plugins/com.st.stm32cube.ide.mcu.externaltools.gnu-tools-for-stm32.12.3.rel1.linux64_1.1.0.202410170702/tools/bin/../lib/gcc/arm-none-eabi/12.3.1/thumb/v7e-m+dp/hard/libgcc.a(_udivmoddi4.o)
                0x080007a8                __udivmoddi4
 .text          0x08000a64        0x4 /home/jonathan/st/stm32cubeide_1.17.0/plugins/com.st.stm32cube.ide.mcu.externaltools.gnu-tools-for-stm32.12.3.rel1.linux64_1.1.0.202410170702/tools/bin/../lib/gcc/arm-none-eabi/12.3.1/thumb/v7e-m+dp/hard/libgcc.a(_dvmd_tls.o)
                0x08000a64                __aeabi_ldiv0
                0x08000a64                __aeabi_idiv0
 *(.text*)
 .text.bno055_init
                0x08000a68       0xe4 ./Core/Src/bno055.o
                0x08000a68                bno055_init
 .text.bno055_write_register
                0x08000b4c       0x24 ./Core/Src/bno055.o
                0x08000b4c                bno055_write_register
 .text.bno055_write_page_id
                0x08000b70       0x50 ./Core/Src/bno055.o
                0x08000b70                bno055_write_page_id
 .text.bno055_read_quaternion_wxyz
                0x08000bc0       0x6c ./Core/Src/bno055.o
                0x08000bc0                bno055_read_quaternion_wxyz
 .text.bno055_get_operation_mode
                0x08000c2c       0x54 ./Core/Src/bno055.o
                0x08000c2c                bno055_get_operation_mode
 .text.bno055_set_operation_mode
                0x08000c80       0xc4 ./Core/Src/bno055.o
                0x08000c80                bno055_set_operation_mode
 .text.getYaw   0x08000d44       0x78 ./Core/Src/kalman.o
                0x08000d44                getYaw
 .text.getPitch
                0x08000dbc       0x98 ./Core/Src/kalman.o
                0x08000dbc                getPitch
 .text.getRoll  0x08000e54       0x78 ./Core/Src/kalman.o
                0x08000e54                getRoll
 .text.bno055_i2c_write
                0x08000ecc       0x28 ./Core/Src/main.o
 .text.bno055_i2c_read
                0x08000ef4       0x28 ./Core/Src/main.o
 .text.tca_ch   0x08000f1c       0x24 ./Core/Src/main.o
 .text.StartDefaultTask
                0x08000f40      0x120 ./Core/Src/main.o
                0x08000f40                StartDefaultTask
 .text.SystemClock_Config
                0x08001060       0x9c ./Core/Src/main.o
                0x08001060                SystemClock_Config
 .text.startup.main
                0x080010fc      0x314 ./Core/Src/main.o
                0x080010fc                main
 .text.HAL_TIM_PeriodElapsedCallback
                0x08001410       0x14 ./Core/Src/main.o
                0x08001410                HAL_TIM_PeriodElapsedCallback
 .text.Error_Handler
                0x08001424        0x4 ./Core/Src/main.o
                0x08001424                Error_Handler
 .text.setMPUFilterBandwidth
                0x08001428       0x2c ./Core/Src/mpu6050.o
                0x08001428                setMPUFilterBandwidth
 .text.setMPUAccelRange
                0x08001454       0x64 ./Core/Src/mpu6050.o
                0x08001454                setMPUAccelRange
 .text.setMPUGyroRange
                0x080014b8       0x6c ./Core/Src/mpu6050.o
                0x080014b8                setMPUGyroRange
 .text.mpuBegin
                0x08001524       0x80 ./Core/Src/mpu6050.o
                0x08001524                mpuBegin
 .text.readMPURawAccel
                0x080015a4       0x48 ./Core/Src/mpu6050.o
                0x080015a4                readMPURawAccel
 .text.readMPURawGyro
                0x080015ec       0x48 ./Core/Src/mpu6050.o
                0x080015ec                readMPURawGyro
 .text.readMPUAccel
                0x08001634       0x68 ./Core/Src/mpu6050.o
                0x08001634                readMPUAccel
 *fill*         0x0800169c        0x4 
 .text.readMPUGyro
                0x080016a0       0x9c ./Core/Src/mpu6050.o
                0x080016a0                readMPUGyro
 .text.HAL_MspInit
                0x0800173c       0x30 ./Core/Src/stm32h7xx_hal_msp.o
                0x0800173c                HAL_MspInit
 .text.HAL_I2C_MspInit
                0x0800176c       0x98 ./Core/Src/stm32h7xx_hal_msp.o
                0x0800176c                HAL_I2C_MspInit
 .text.HAL_TIM_Base_MspInit
                0x08001804       0x30 ./Core/Src/stm32h7xx_hal_msp.o
                0x08001804                HAL_TIM_Base_MspInit
 .text.HAL_TIM_MspPostInit
                0x08001834       0x58 ./Core/Src/stm32h7xx_hal_msp.o
                0x08001834                HAL_TIM_MspPostInit
 .text.HAL_UART_MspInit
                0x0800188c       0x94 ./Core/Src/stm32h7xx_hal_msp.o
                0x0800188c                HAL_UART_MspInit
 .text.HAL_InitTick
                0x08001920       0x98 ./Core/Src/stm32h7xx_hal_timebase_tim.o
                0x08001920                HAL_InitTick
 .text.NMI_Handler
                0x080019b8        0x2 ./Core/Src/stm32h7xx_it.o
                0x080019b8                NMI_Handler
 .text.HardFault_Handler
                0x080019ba        0x2 ./Core/Src/stm32h7xx_it.o
                0x080019ba                HardFault_Handler
 .text.MemManage_Handler
                0x080019bc        0x2 ./Core/Src/stm32h7xx_it.o
                0x080019bc                MemManage_Handler
 .text.BusFault_Handler
                0x080019be        0x2 ./Core/Src/stm32h7xx_it.o
                0x080019be                BusFault_Handler
 .text.UsageFault_Handler
                0x080019c0        0x2 ./Core/Src/stm32h7xx_it.o
                0x080019c0                UsageFault_Handler
 .text.DebugMon_Handler
                0x080019c2        0x2 ./Core/Src/stm32h7xx_it.o
                0x080019c2                DebugMon_Handler
 .text.TIM7_IRQHandler
                0x080019c4        0xc ./Core/Src/stm32h7xx_it.o
                0x080019c4                TIM7_IRQHandler
 .text._getpid  0x080019d0        0x4 ./Core/Src/syscalls.o
                0x080019d0                _getpid
 .text._kill    0x080019d4       0x10 ./Core/Src/syscalls.o
                0x080019d4                _kill
 .text._exit    0x080019e4        0xc ./Core/Src/syscalls.o
                0x080019e4                _exit
 .text._read    0x080019f0       0x1c ./Core/Src/syscalls.o
                0x080019f0                _read
 .text._write   0x08001a0c       0x1c ./Core/Src/syscalls.o
                0x08001a0c                _write
 .text._close   0x08001a28        0x6 ./Core/Src/syscalls.o
                0x08001a28                _close
 .text._fstat   0x08001a2e        0xa ./Core/Src/syscalls.o
                0x08001a2e                _fstat
 .text._isatty  0x08001a38        0x4 ./Core/Src/syscalls.o
                0x08001a38                _isatty
 .text._lseek   0x08001a3c        0x4 ./Core/Src/syscalls.o
                0x08001a3c                _lseek
 .text._sbrk    0x08001a40       0x40 ./Core/Src/sysmem.o
                0x08001a40                _sbrk
 .text.SystemInit
                0x08001a80       0xe4 ./Core/Src/system_stm32h7xx.o
                0x08001a80                SystemInit
 .text.ExitRun0Mode
                0x08001b64       0x18 ./Core/Src/system_stm32h7xx.o
                0x08001b64                ExitRun0Mode
 .text.Reset_Handler
                0x08001b7c       0x54 ./Core/Startup/startup_stm32h743iitx.o
                0x08001b7c                Reset_Handler
 .text.Default_Handler
                0x08001bd0        0x2 ./Core/Startup/startup_stm32h743iitx.o
                0x08001bd0                RTC_Alarm_IRQHandler
                0x08001bd0                EXTI2_IRQHandler
                0x08001bd0                TIM8_CC_IRQHandler
                0x08001bd0                HRTIM1_Master_IRQHandler
                0x08001bd0                UART8_IRQHandler
                0x08001bd0                SPI4_IRQHandler
                0x08001bd0                TIM1_CC_IRQHandler
                0x08001bd0                BDMA_Channel6_IRQHandler
                0x08001bd0                DMA2_Stream5_IRQHandler
                0x08001bd0                HRTIM1_FLT_IRQHandler
                0x08001bd0                JPEG_IRQHandler
                0x08001bd0                DMA1_Stream5_IRQHandler
                0x08001bd0                BDMA_Channel1_IRQHandler
                0x08001bd0                HRTIM1_TIMD_IRQHandler
                0x08001bd0                TAMP_STAMP_IRQHandler
                0x08001bd0                EXTI3_IRQHandler
                0x08001bd0                LPTIM4_IRQHandler
                0x08001bd0                TIM8_TRG_COM_TIM14_IRQHandler
                0x08001bd0                LPTIM2_IRQHandler
                0x08001bd0                DFSDM1_FLT1_IRQHandler
                0x08001bd0                DMAMUX2_OVR_IRQHandler
                0x08001bd0                TIM8_UP_TIM13_IRQHandler
                0x08001bd0                I2C3_ER_IRQHandler
                0x08001bd0                DFSDM1_FLT2_IRQHandler
                0x08001bd0                MDMA_IRQHandler
                0x08001bd0                LPTIM3_IRQHandler
                0x08001bd0                HSEM1_IRQHandler
                0x08001bd0                EXTI0_IRQHandler
                0x08001bd0                I2C2_EV_IRQHandler
                0x08001bd0                DMA1_Stream2_IRQHandler
                0x08001bd0                FPU_IRQHandler
                0x08001bd0                OTG_HS_WKUP_IRQHandler
                0x08001bd0                FDCAN1_IT1_IRQHandler
                0x08001bd0                LTDC_ER_IRQHandler
                0x08001bd0                DMA2_Stream2_IRQHandler
                0x08001bd0                HRTIM1_TIME_IRQHandler
                0x08001bd0                SPI1_IRQHandler
                0x08001bd0                TIM6_DAC_IRQHandler
                0x08001bd0                DCMI_IRQHandler
                0x08001bd0                HRTIM1_TIMC_IRQHandler
                0x08001bd0                DMA2_Stream3_IRQHandler
                0x08001bd0                SAI2_IRQHandler
                0x08001bd0                DFSDM1_FLT3_IRQHandler
                0x08001bd0                USART6_IRQHandler
                0x08001bd0                TIM17_IRQHandler
                0x08001bd0                USART3_IRQHandler
                0x08001bd0                BDMA_Channel7_IRQHandler
                0x08001bd0                LPTIM5_IRQHandler
                0x08001bd0                UART5_IRQHandler
                0x08001bd0                ADC3_IRQHandler
                0x08001bd0                DMA2_Stream0_IRQHandler
                0x08001bd0                TIM4_IRQHandler
                0x08001bd0                BDMA_Channel2_IRQHandler
                0x08001bd0                QUADSPI_IRQHandler
                0x08001bd0                I2C1_EV_IRQHandler
                0x08001bd0                DMA1_Stream6_IRQHandler
                0x08001bd0                DMAMUX1_OVR_IRQHandler
                0x08001bd0                DMA1_Stream1_IRQHandler
                0x08001bd0                TIM16_IRQHandler
                0x08001bd0                UART4_IRQHandler
                0x08001bd0                BDMA_Channel5_IRQHandler
                0x08001bd0                TIM3_IRQHandler
                0x08001bd0                RCC_IRQHandler
                0x08001bd0                TIM8_BRK_TIM12_IRQHandler
                0x08001bd0                TIM1_TRG_COM_IRQHandler
                0x08001bd0                Default_Handler
                0x08001bd0                ECC_IRQHandler
                0x08001bd0                CEC_IRQHandler
                0x08001bd0                EXTI15_10_IRQHandler
                0x08001bd0                BDMA_Channel0_IRQHandler
                0x08001bd0                ADC_IRQHandler
                0x08001bd0                DMA1_Stream7_IRQHandler
                0x08001bd0                HRTIM1_TIMA_IRQHandler
                0x08001bd0                SPI5_IRQHandler
                0x08001bd0                SDMMC1_IRQHandler
                0x08001bd0                TIM5_IRQHandler
                0x08001bd0                DMA2_Stream7_IRQHandler
                0x08001bd0                TIM15_IRQHandler
                0x08001bd0                PVD_AVD_IRQHandler
                0x08001bd0                I2C3_EV_IRQHandler
                0x08001bd0                EXTI9_5_IRQHandler
                0x08001bd0                RTC_WKUP_IRQHandler
                0x08001bd0                LTDC_IRQHandler
                0x08001bd0                SAI3_IRQHandler
                0x08001bd0                ETH_WKUP_IRQHandler
                0x08001bd0                SPDIF_RX_IRQHandler
                0x08001bd0                SPI2_IRQHandler
                0x08001bd0                OTG_HS_EP1_IN_IRQHandler
                0x08001bd0                DMA1_Stream0_IRQHandler
                0x08001bd0                CRS_IRQHandler
                0x08001bd0                EXTI4_IRQHandler
                0x08001bd0                RNG_IRQHandler
                0x08001bd0                HRTIM1_TIMB_IRQHandler
                0x08001bd0                FDCAN2_IT1_IRQHandler
                0x08001bd0                ETH_IRQHandler
                0x08001bd0                TIM1_UP_IRQHandler
                0x08001bd0                BDMA_Channel4_IRQHandler
                0x08001bd0                OTG_HS_EP1_OUT_IRQHandler
                0x08001bd0                WWDG_IRQHandler
                0x08001bd0                SPI6_IRQHandler
                0x08001bd0                MDIOS_IRQHandler
                0x08001bd0                I2C4_EV_IRQHandler
                0x08001bd0                FDCAN2_IT0_IRQHandler
                0x08001bd0                LPUART1_IRQHandler
                0x08001bd0                FDCAN1_IT0_IRQHandler
                0x08001bd0                TIM2_IRQHandler
                0x08001bd0                OTG_FS_WKUP_IRQHandler
                0x08001bd0                OTG_HS_IRQHandler
                0x08001bd0                DMA2D_IRQHandler
                0x08001bd0                TIM1_BRK_IRQHandler
                0x08001bd0                EXTI1_IRQHandler
                0x08001bd0                SDMMC2_IRQHandler
                0x08001bd0                OTG_FS_EP1_OUT_IRQHandler
                0x08001bd0                BDMA_Channel3_IRQHandler
                0x08001bd0                UART7_IRQHandler
                0x08001bd0                MDIOS_WKUP_IRQHandler
                0x08001bd0                USART2_IRQHandler
                0x08001bd0                DFSDM1_FLT0_IRQHandler
                0x08001bd0                SAI4_IRQHandler
                0x08001bd0                I2C2_ER_IRQHandler
                0x08001bd0                DMA2_Stream1_IRQHandler
                0x08001bd0                FLASH_IRQHandler
                0x08001bd0                DMA2_Stream4_IRQHandler
                0x08001bd0                USART1_IRQHandler
                0x08001bd0                OTG_FS_IRQHandler
                0x08001bd0                SPI3_IRQHandler
                0x08001bd0                WAKEUP_PIN_IRQHandler
                0x08001bd0                DMA1_Stream4_IRQHandler
                0x08001bd0                OTG_FS_EP1_IN_IRQHandler
                0x08001bd0                I2C1_ER_IRQHandler
                0x08001bd0                FMC_IRQHandler
                0x08001bd0                FDCAN_CAL_IRQHandler
                0x08001bd0                SWPMI1_IRQHandler
                0x08001bd0                COMP1_IRQHandler
                0x08001bd0                LPTIM1_IRQHandler
                0x08001bd0                I2C4_ER_IRQHandler
                0x08001bd0                DMA2_Stream6_IRQHandler
                0x08001bd0                SAI1_IRQHandler
                0x08001bd0                DMA1_Stream3_IRQHandler
 *fill*         0x08001bd2        0x2 
 .text.HAL_Init
                0x08001bd4       0x5c ./Drivers/STM32H7xx_HAL_Driver/Src/stm32h7xx_hal.o
                0x08001bd4                HAL_Init
 .text.HAL_IncTick
                0x08001c30       0x18 ./Drivers/STM32H7xx_HAL_Driver/Src/stm32h7xx_hal.o
                0x08001c30                HAL_IncTick
 .text.HAL_GetTick
                0x08001c48        0xc ./Drivers/STM32H7xx_HAL_Driver/Src/stm32h7xx_hal.o
                0x08001c48                HAL_GetTick
 .text.HAL_Delay
                0x08001c54       0x24 ./Drivers/STM32H7xx_HAL_Driver/Src/stm32h7xx_hal.o
                0x08001c54                HAL_Delay
 .text.HAL_GetREVID
                0x08001c78        0xc ./Drivers/STM32H7xx_HAL_Driver/Src/stm32h7xx_hal.o
                0x08001c78                HAL_GetREVID
 .text.HAL_NVIC_SetPriorityGrouping
                0x08001c84       0x24 ./Drivers/STM32H7xx_HAL_Driver/Src/stm32h7xx_hal_cortex.o
                0x08001c84                HAL_NVIC_SetPriorityGrouping
 .text.HAL_NVIC_SetPriority
                0x08001ca8       0x64 ./Drivers/STM32H7xx_HAL_Driver/Src/stm32h7xx_hal_cortex.o
                0x08001ca8                HAL_NVIC_SetPriority
 .text.HAL_NVIC_EnableIRQ
                0x08001d0c       0x1c ./Drivers/STM32H7xx_HAL_Driver/Src/stm32h7xx_hal_cortex.o
                0x08001d0c                HAL_NVIC_EnableIRQ
 .text.HAL_MPU_Disable
                0x08001d28       0x1c ./Drivers/STM32H7xx_HAL_Driver/Src/stm32h7xx_hal_cortex.o
                0x08001d28                HAL_MPU_Disable
 .text.HAL_MPU_Enable
                0x08001d44       0x20 ./Drivers/STM32H7xx_HAL_Driver/Src/stm32h7xx_hal_cortex.o
                0x08001d44                HAL_MPU_Enable
 .text.HAL_MPU_ConfigRegion
                0x08001d64       0x58 ./Drivers/STM32H7xx_HAL_Driver/Src/stm32h7xx_hal_cortex.o
                0x08001d64                HAL_MPU_ConfigRegion
 .text.HAL_GPIO_Init
                0x08001dbc      0x1d0 ./Drivers/STM32H7xx_HAL_Driver/Src/stm32h7xx_hal_gpio.o
                0x08001dbc                HAL_GPIO_Init
 .text.HAL_GPIO_WritePin
                0x08001f8c        0xa ./Drivers/STM32H7xx_HAL_Driver/Src/stm32h7xx_hal_gpio.o
                0x08001f8c                HAL_GPIO_WritePin
 .text.I2C_Flush_TXDR
                0x08001f96       0x1c ./Drivers/STM32H7xx_HAL_Driver/Src/stm32h7xx_hal_i2c.o
 *fill*         0x08001fb2        0x2 
 .text.I2C_TransferConfig
                0x08001fb4       0x2c ./Drivers/STM32H7xx_HAL_Driver/Src/stm32h7xx_hal_i2c.o
 .text.I2C_IsErrorOccurred
                0x08001fe0      0x100 ./Drivers/STM32H7xx_HAL_Driver/Src/stm32h7xx_hal_i2c.o
 .text.I2C_WaitOnTXISFlagUntilTimeout
                0x080020e0       0x56 ./Drivers/STM32H7xx_HAL_Driver/Src/stm32h7xx_hal_i2c.o
 .text.I2C_WaitOnFlagUntilTimeout
                0x08002136       0x76 ./Drivers/STM32H7xx_HAL_Driver/Src/stm32h7xx_hal_i2c.o
 .text.I2C_WaitOnSTOPFlagUntilTimeout
                0x080021ac       0x52 ./Drivers/STM32H7xx_HAL_Driver/Src/stm32h7xx_hal_i2c.o
 .text.HAL_I2C_Init
                0x080021fe       0xaa ./Drivers/STM32H7xx_HAL_Driver/Src/stm32h7xx_hal_i2c.o
                0x080021fe                HAL_I2C_Init
 .text.HAL_I2C_Master_Transmit
                0x080022a8      0x158 ./Drivers/STM32H7xx_HAL_Driver/Src/stm32h7xx_hal_i2c.o
                0x080022a8                HAL_I2C_Master_Transmit
 .text.HAL_I2C_Mem_Write
                0x08002400      0x1b4 ./Drivers/STM32H7xx_HAL_Driver/Src/stm32h7xx_hal_i2c.o
                0x08002400                HAL_I2C_Mem_Write
 .text.HAL_I2C_Mem_Read
                0x080025b4      0x1bc ./Drivers/STM32H7xx_HAL_Driver/Src/stm32h7xx_hal_i2c.o
                0x080025b4                HAL_I2C_Mem_Read
 .text.HAL_I2CEx_ConfigAnalogFilter
                0x08002770       0x4c ./Drivers/STM32H7xx_HAL_Driver/Src/stm32h7xx_hal_i2c_ex.o
                0x08002770                HAL_I2CEx_ConfigAnalogFilter
 .text.HAL_I2CEx_ConfigDigitalFilter
                0x080027bc       0x4a ./Drivers/STM32H7xx_HAL_Driver/Src/stm32h7xx_hal_i2c_ex.o
                0x080027bc                HAL_I2CEx_ConfigDigitalFilter
 *fill*         0x08002806        0x2 
 .text.HAL_PWREx_ConfigSupply
                0x08002808       0x48 ./Drivers/STM32H7xx_HAL_Driver/Src/stm32h7xx_hal_pwr_ex.o
                0x08002808                HAL_PWREx_ConfigSupply
 .text.HAL_RCC_OscConfig
                0x08002850      0x558 ./Drivers/STM32H7xx_HAL_Driver/Src/stm32h7xx_hal_rcc.o
                0x08002850                HAL_RCC_OscConfig
 .text.HAL_RCC_GetSysClockFreq
                0x08002da8      0x144 ./Drivers/STM32H7xx_HAL_Driver/Src/stm32h7xx_hal_rcc.o
                0x08002da8                HAL_RCC_GetSysClockFreq
 .text.HAL_RCC_ClockConfig
                0x08002eec      0x24c ./Drivers/STM32H7xx_HAL_Driver/Src/stm32h7xx_hal_rcc.o
                0x08002eec                HAL_RCC_ClockConfig
 .text.HAL_RCC_GetHCLKFreq
                0x08003138       0x44 ./Drivers/STM32H7xx_HAL_Driver/Src/stm32h7xx_hal_rcc.o
                0x08003138                HAL_RCC_GetHCLKFreq
 .text.HAL_RCC_GetPCLK1Freq
                0x0800317c       0x24 ./Drivers/STM32H7xx_HAL_Driver/Src/stm32h7xx_hal_rcc.o
                0x0800317c                HAL_RCC_GetPCLK1Freq
 .text.HAL_RCC_GetPCLK2Freq
                0x080031a0       0x24 ./Drivers/STM32H7xx_HAL_Driver/Src/stm32h7xx_hal_rcc.o
                0x080031a0                HAL_RCC_GetPCLK2Freq
 .text.HAL_RCC_GetClockConfig
                0x080031c4       0x54 ./Drivers/STM32H7xx_HAL_Driver/Src/stm32h7xx_hal_rcc.o
                0x080031c4                HAL_RCC_GetClockConfig
 .text.RCCEx_PLL2_Config
                0x08003218       0xf0 ./Drivers/STM32H7xx_HAL_Driver/Src/stm32h7xx_hal_rcc_ex.o
 .text.RCCEx_PLL3_Config
                0x08003308       0xf0 ./Drivers/STM32H7xx_HAL_Driver/Src/stm32h7xx_hal_rcc_ex.o
 .text.HAL_RCCEx_PeriphCLKConfig
                0x080033f8      0x9d0 ./Drivers/STM32H7xx_HAL_Driver/Src/stm32h7xx_hal_rcc_ex.o
                0x080033f8                HAL_RCCEx_PeriphCLKConfig
 .text.HAL_RCCEx_GetD3PCLK1Freq
                0x08003dc8       0x24 ./Drivers/STM32H7xx_HAL_Driver/Src/stm32h7xx_hal_rcc_ex.o
                0x08003dc8                HAL_RCCEx_GetD3PCLK1Freq
 .text.HAL_RCCEx_GetPLL2ClockFreq
                0x08003dec      0x154 ./Drivers/STM32H7xx_HAL_Driver/Src/stm32h7xx_hal_rcc_ex.o
                0x08003dec                HAL_RCCEx_GetPLL2ClockFreq
 .text.HAL_RCCEx_GetPLL3ClockFreq
                0x08003f40      0x154 ./Drivers/STM32H7xx_HAL_Driver/Src/stm32h7xx_hal_rcc_ex.o
                0x08003f40                HAL_RCCEx_GetPLL3ClockFreq
 .text.TIM_OC1_SetConfig
                0x08004094       0x98 ./Drivers/STM32H7xx_HAL_Driver/Src/stm32h7xx_hal_tim.o
 .text.TIM_OC3_SetConfig
                0x0800412c       0x88 ./Drivers/STM32H7xx_HAL_Driver/Src/stm32h7xx_hal_tim.o
 .text.TIM_OC4_SetConfig
                0x080041b4       0x68 ./Drivers/STM32H7xx_HAL_Driver/Src/stm32h7xx_hal_tim.o
 .text.TIM_OC5_SetConfig
                0x0800421c       0x68 ./Drivers/STM32H7xx_HAL_Driver/Src/stm32h7xx_hal_tim.o
 .text.TIM_OC6_SetConfig
                0x08004284       0x68 ./Drivers/STM32H7xx_HAL_Driver/Src/stm32h7xx_hal_tim.o
 .text.HAL_TIM_Base_Start_IT
                0x080042ec       0x7c ./Drivers/STM32H7xx_HAL_Driver/Src/stm32h7xx_hal_tim.o
                0x080042ec                HAL_TIM_Base_Start_IT
 .text.HAL_TIM_PWM_MspInit
                0x08004368        0x2 ./Drivers/STM32H7xx_HAL_Driver/Src/stm32h7xx_hal_tim.o
                0x08004368                HAL_TIM_PWM_MspInit
 .text.HAL_TIM_OC_DelayElapsedCallback
                0x0800436a        0x2 ./Drivers/STM32H7xx_HAL_Driver/Src/stm32h7xx_hal_tim.o
                0x0800436a                HAL_TIM_OC_DelayElapsedCallback
 .text.HAL_TIM_IC_CaptureCallback
                0x0800436c        0x2 ./Drivers/STM32H7xx_HAL_Driver/Src/stm32h7xx_hal_tim.o
                0x0800436c                HAL_TIM_IC_CaptureCallback
 .text.HAL_TIM_PWM_PulseFinishedCallback
                0x0800436e        0x2 ./Drivers/STM32H7xx_HAL_Driver/Src/stm32h7xx_hal_tim.o
                0x0800436e                HAL_TIM_PWM_PulseFinishedCallback
 .text.HAL_TIM_TriggerCallback
                0x08004370        0x2 ./Drivers/STM32H7xx_HAL_Driver/Src/stm32h7xx_hal_tim.o
                0x08004370                HAL_TIM_TriggerCallback
 .text.HAL_TIM_IRQHandler
                0x08004372      0x140 ./Drivers/STM32H7xx_HAL_Driver/Src/stm32h7xx_hal_tim.o
                0x08004372                HAL_TIM_IRQHandler
 *fill*         0x080044b2        0x2 
 .text.TIM_Base_SetConfig
                0x080044b4       0xd4 ./Drivers/STM32H7xx_HAL_Driver/Src/stm32h7xx_hal_tim.o
                0x080044b4                TIM_Base_SetConfig
 .text.HAL_TIM_Base_Init
                0x08004588       0x60 ./Drivers/STM32H7xx_HAL_Driver/Src/stm32h7xx_hal_tim.o
                0x08004588                HAL_TIM_Base_Init
 .text.HAL_TIM_PWM_Init
                0x080045e8       0x60 ./Drivers/STM32H7xx_HAL_Driver/Src/stm32h7xx_hal_tim.o
                0x080045e8                HAL_TIM_PWM_Init
 .text.TIM_OC2_SetConfig
                0x08004648       0x8c ./Drivers/STM32H7xx_HAL_Driver/Src/stm32h7xx_hal_tim.o
                0x08004648                TIM_OC2_SetConfig
 .text.HAL_TIM_PWM_ConfigChannel
                0x080046d4       0xf8 ./Drivers/STM32H7xx_HAL_Driver/Src/stm32h7xx_hal_tim.o
                0x080046d4                HAL_TIM_PWM_ConfigChannel
 .text.TIM_ETR_SetConfig
                0x080047cc       0x14 ./Drivers/STM32H7xx_HAL_Driver/Src/stm32h7xx_hal_tim.o
                0x080047cc                TIM_ETR_SetConfig
 .text.HAL_TIM_ConfigClockSource
                0x080047e0      0x174 ./Drivers/STM32H7xx_HAL_Driver/Src/stm32h7xx_hal_tim.o
                0x080047e0                HAL_TIM_ConfigClockSource
 .text.TIM_CCxChannelCmd
                0x08004954       0x1c ./Drivers/STM32H7xx_HAL_Driver/Src/stm32h7xx_hal_tim.o
                0x08004954                TIM_CCxChannelCmd
 .text.HAL_TIM_OC_Start
                0x08004970      0x120 ./Drivers/STM32H7xx_HAL_Driver/Src/stm32h7xx_hal_tim.o
                0x08004970                HAL_TIM_OC_Start
 .text.HAL_TIM_PWM_Start
                0x08004a90        0x4 ./Drivers/STM32H7xx_HAL_Driver/Src/stm32h7xx_hal_tim.o
                0x08004a90                HAL_TIM_PWM_Start
 .text.HAL_TIMEx_MasterConfigSynchronization
                0x08004a94       0x94 ./Drivers/STM32H7xx_HAL_Driver/Src/stm32h7xx_hal_tim_ex.o
                0x08004a94                HAL_TIMEx_MasterConfigSynchronization
 .text.HAL_TIMEx_ConfigBreakDeadTime
                0x08004b28       0x84 ./Drivers/STM32H7xx_HAL_Driver/Src/stm32h7xx_hal_tim_ex.o
                0x08004b28                HAL_TIMEx_ConfigBreakDeadTime
 .text.HAL_TIMEx_CommutCallback
                0x08004bac        0x2 ./Drivers/STM32H7xx_HAL_Driver/Src/stm32h7xx_hal_tim_ex.o
                0x08004bac                HAL_TIMEx_CommutCallback
 .text.HAL_TIMEx_BreakCallback
                0x08004bae        0x2 ./Drivers/STM32H7xx_HAL_Driver/Src/stm32h7xx_hal_tim_ex.o
                0x08004bae                HAL_TIMEx_BreakCallback
 .text.HAL_TIMEx_Break2Callback
                0x08004bb0        0x2 ./Drivers/STM32H7xx_HAL_Driver/Src/stm32h7xx_hal_tim_ex.o
                0x08004bb0                HAL_TIMEx_Break2Callback
 *fill*         0x08004bb2        0x2 
 .text.UART_EndRxTransfer
                0x08004bb4       0x58 ./Drivers/STM32H7xx_HAL_Driver/Src/stm32h7xx_hal_uart.o
 .text.UART_SetConfig
                0x08004c0c      0x32c ./Drivers/STM32H7xx_HAL_Driver/Src/stm32h7xx_hal_uart.o
                0x08004c0c                UART_SetConfig
 .text.UART_AdvFeatureConfig
                0x08004f38       0xaa ./Drivers/STM32H7xx_HAL_Driver/Src/stm32h7xx_hal_uart.o
                0x08004f38                UART_AdvFeatureConfig
 .text.UART_WaitOnFlagUntilTimeout
                0x08004fe2       0x90 ./Drivers/STM32H7xx_HAL_Driver/Src/stm32h7xx_hal_uart.o
                0x08004fe2                UART_WaitOnFlagUntilTimeout
 .text.UART_CheckIdleState
                0x08005072       0xb6 ./Drivers/STM32H7xx_HAL_Driver/Src/stm32h7xx_hal_uart.o
                0x08005072                UART_CheckIdleState
 .text.HAL_UART_Init
                0x08005128       0x60 ./Drivers/STM32H7xx_HAL_Driver/Src/stm32h7xx_hal_uart.o
                0x08005128                HAL_UART_Init
 .text.UARTEx_SetNbDataToProcess
                0x08005188       0x44 ./Drivers/STM32H7xx_HAL_Driver/Src/stm32h7xx_hal_uart_ex.o
 .text.HAL_UARTEx_DisableFifoMode
                0x080051cc       0x36 ./Drivers/STM32H7xx_HAL_Driver/Src/stm32h7xx_hal_uart_ex.o
                0x080051cc                HAL_UARTEx_DisableFifoMode
 .text.HAL_UARTEx_SetTxFifoThreshold
                0x08005202       0x40 ./Drivers/STM32H7xx_HAL_Driver/Src/stm32h7xx_hal_uart_ex.o
                0x08005202                HAL_UARTEx_SetTxFifoThreshold
 .text.HAL_UARTEx_SetRxFifoThreshold
                0x08005242       0x40 ./Drivers/STM32H7xx_HAL_Driver/Src/stm32h7xx_hal_uart_ex.o
                0x08005242                HAL_UARTEx_SetRxFifoThreshold
 *fill*         0x08005282        0x2 
 .text.MX_FATFS_Init
                0x08005284       0x1c ./FATFS/App/fatfs.o
                0x08005284                MX_FATFS_Init
 .text.USER_initialize
                0x080052a0       0x10 ./FATFS/Target/user_diskio.o
                0x080052a0                USER_initialize
 .text.USER_read
                0x080052b0        0x4 ./FATFS/Target/user_diskio.o
                0x080052b0                USER_read
 .text.USER_ioctl
                0x080052b4        0x4 ./FATFS/Target/user_diskio.o
                0x080052b4                USER_ioctl
 .text.USER_write
                0x080052b8        0x4 ./FATFS/Target/user_diskio.o
                0x080052b8                USER_write
 .text.USER_status
                0x080052bc       0x10 ./FATFS/Target/user_diskio.o
                0x080052bc                USER_status
 .text.FATFS_LinkDriverEx
                0x080052cc       0x40 ./Middlewares/Third_Party/FatFs/src/ff_gen_drv.o
                0x080052cc                FATFS_LinkDriverEx
 .text.FATFS_LinkDriver
                0x0800530c        0x6 ./Middlewares/Third_Party/FatFs/src/ff_gen_drv.o
                0x0800530c                FATFS_LinkDriver
 .text.SysTick_Handler
                0x08005312       0x1a ./Middlewares/Third_Party/FreeRTOS/Source/CMSIS_RTOS_V2/cmsis_os2.o
                0x08005312                SysTick_Handler
 .text.osKernelInitialize
                0x0800532c       0x24 ./Middlewares/Third_Party/FreeRTOS/Source/CMSIS_RTOS_V2/cmsis_os2.o
                0x0800532c                osKernelInitialize
 .text.osKernelStart
                0x08005350       0x34 ./Middlewares/Third_Party/FreeRTOS/Source/CMSIS_RTOS_V2/cmsis_os2.o
                0x08005350                osKernelStart
 .text.osThreadNew
                0x08005384       0x8e ./Middlewares/Third_Party/FreeRTOS/Source/CMSIS_RTOS_V2/cmsis_os2.o
                0x08005384                osThreadNew
 .text.osDelay  0x08005412       0x18 ./Middlewares/Third_Party/FreeRTOS/Source/CMSIS_RTOS_V2/cmsis_os2.o
                0x08005412                osDelay
 *fill*         0x0800542a        0x2 
 .text.vApplicationGetIdleTaskMemory
                0x0800542c       0x18 ./Middlewares/Third_Party/FreeRTOS/Source/CMSIS_RTOS_V2/cmsis_os2.o
                0x0800542c                vApplicationGetIdleTaskMemory
 .text.vApplicationGetTimerTaskMemory
                0x08005444       0x18 ./Middlewares/Third_Party/FreeRTOS/Source/CMSIS_RTOS_V2/cmsis_os2.o
                0x08005444                vApplicationGetTimerTaskMemory
 .text.vListInitialise
                0x0800545c       0x16 ./Middlewares/Third_Party/FreeRTOS/Source/list.o
                0x0800545c                vListInitialise
 .text.vListInitialiseItem
                0x08005472        0x6 ./Middlewares/Third_Party/FreeRTOS/Source/list.o
                0x08005472                vListInitialiseItem
 .text.vListInsertEnd
                0x08005478       0x16 ./Middlewares/Third_Party/FreeRTOS/Source/list.o
                0x08005478                vListInsertEnd
 .text.vListInsert
                0x0800548e       0x2e ./Middlewares/Third_Party/FreeRTOS/Source/list.o
                0x0800548e                vListInsert
 .text.uxListRemove
                0x080054bc       0x20 ./Middlewares/Third_Party/FreeRTOS/Source/list.o
                0x080054bc                uxListRemove
 .text.prvIsQueueEmpty
                0x080054dc       0x16 ./Middlewares/Third_Party/FreeRTOS/Source/queue.o
 .text.prvCopyDataToQueue
                0x080054f2       0x66 ./Middlewares/Third_Party/FreeRTOS/Source/queue.o
 .text.prvCopyDataFromQueue
                0x08005558       0x2a ./Middlewares/Third_Party/FreeRTOS/Source/queue.o
 .text.prvUnlockQueue
                0x08005582       0x70 ./Middlewares/Third_Party/FreeRTOS/Source/queue.o
 .text.xQueueGenericReset
                0x080055f2       0x7e ./Middlewares/Third_Party/FreeRTOS/Source/queue.o
                0x080055f2                xQueueGenericReset
 .text.xQueueGenericCreateStatic
                0x08005670       0x9c ./Middlewares/Third_Party/FreeRTOS/Source/queue.o
                0x08005670                xQueueGenericCreateStatic
 .text.xQueueGenericSend
                0x0800570c      0x164 ./Middlewares/Third_Party/FreeRTOS/Source/queue.o
                0x0800570c                xQueueGenericSend
 .text.xQueueGenericSendFromISR
                0x08005870       0xba ./Middlewares/Third_Party/FreeRTOS/Source/queue.o
                0x08005870                xQueueGenericSendFromISR
 .text.xQueueReceive
                0x0800592a      0x13c ./Middlewares/Third_Party/FreeRTOS/Source/queue.o
                0x0800592a                xQueueReceive
 *fill*         0x08005a66        0x2 
 .text.vQueueAddToRegistry
                0x08005a68       0x24 ./Middlewares/Third_Party/FreeRTOS/Source/queue.o
                0x08005a68                vQueueAddToRegistry
 .text.vQueueWaitForMessageRestricted
                0x08005a8c       0x46 ./Middlewares/Third_Party/FreeRTOS/Source/queue.o
                0x08005a8c                vQueueWaitForMessageRestricted
 *fill*         0x08005ad2        0x2 
 .text.prvAddNewTaskToReadyList
                0x08005ad4       0xfc ./Middlewares/Third_Party/FreeRTOS/Source/tasks.o
 .text.prvAddCurrentTaskToDelayedList
                0x08005bd0       0x70 ./Middlewares/Third_Party/FreeRTOS/Source/tasks.o
 .text.prvResetNextTaskUnblockTime
                0x08005c40       0x24 ./Middlewares/Third_Party/FreeRTOS/Source/tasks.o
 .text.prvDeleteTCB
                0x08005c64       0x3c ./Middlewares/Third_Party/FreeRTOS/Source/tasks.o
 .text.prvIdleTask
                0x08005ca0       0x60 ./Middlewares/Third_Party/FreeRTOS/Source/tasks.o
 .text.prvInitialiseNewTask.constprop.0
                0x08005d00       0xb8 ./Middlewares/Third_Party/FreeRTOS/Source/tasks.o
 .text.xTaskCreateStatic
                0x08005db8       0x70 ./Middlewares/Third_Party/FreeRTOS/Source/tasks.o
                0x08005db8                xTaskCreateStatic
 .text.xTaskCreate
                0x08005e28       0x5c ./Middlewares/Third_Party/FreeRTOS/Source/tasks.o
                0x08005e28                xTaskCreate
 .text.vTaskStartScheduler
                0x08005e84       0xa0 ./Middlewares/Third_Party/FreeRTOS/Source/tasks.o
                0x08005e84                vTaskStartScheduler
 .text.vTaskSuspendAll
                0x08005f24       0x10 ./Middlewares/Third_Party/FreeRTOS/Source/tasks.o
                0x08005f24                vTaskSuspendAll
 .text.xTaskGetTickCount
                0x08005f34        0xc ./Middlewares/Third_Party/FreeRTOS/Source/tasks.o
                0x08005f34                xTaskGetTickCount
 .text.xTaskIncrementTick
                0x08005f40      0x12c ./Middlewares/Third_Party/FreeRTOS/Source/tasks.o
                0x08005f40                xTaskIncrementTick
 .text.xTaskResumeAll
                0x0800606c       0xe8 ./Middlewares/Third_Party/FreeRTOS/Source/tasks.o
                0x0800606c                xTaskResumeAll
 .text.vTaskDelay
                0x08006154       0x48 ./Middlewares/Third_Party/FreeRTOS/Source/tasks.o
                0x08006154                vTaskDelay
 .text.vTaskSwitchContext
                0x0800619c       0x80 ./Middlewares/Third_Party/FreeRTOS/Source/tasks.o
                0x0800619c                vTaskSwitchContext
 .text.vTaskPlaceOnEventList
                0x0800621c       0x34 ./Middlewares/Third_Party/FreeRTOS/Source/tasks.o
                0x0800621c                vTaskPlaceOnEventList
 .text.vTaskPlaceOnEventListRestricted
                0x08006250       0x3c ./Middlewares/Third_Party/FreeRTOS/Source/tasks.o
                0x08006250                vTaskPlaceOnEventListRestricted
 .text.xTaskRemoveFromEventList
                0x0800628c       0x84 ./Middlewares/Third_Party/FreeRTOS/Source/tasks.o
                0x0800628c                xTaskRemoveFromEventList
 .text.vTaskInternalSetTimeOutState
                0x08006310       0x18 ./Middlewares/Third_Party/FreeRTOS/Source/tasks.o
                0x08006310                vTaskInternalSetTimeOutState
 .text.xTaskCheckForTimeOut
                0x08006328       0x78 ./Middlewares/Third_Party/FreeRTOS/Source/tasks.o
                0x08006328                xTaskCheckForTimeOut
 .text.vTaskMissedYield
                0x080063a0        0xc ./Middlewares/Third_Party/FreeRTOS/Source/tasks.o
                0x080063a0                vTaskMissedYield
 .text.xTaskGetSchedulerState
                0x080063ac       0x20 ./Middlewares/Third_Party/FreeRTOS/Source/tasks.o
                0x080063ac                xTaskGetSchedulerState
 .text.xTaskPriorityDisinherit
                0x080063cc       0x84 ./Middlewares/Third_Party/FreeRTOS/Source/tasks.o
                0x080063cc                xTaskPriorityDisinherit
 .text.prvInsertTimerInActiveList
                0x08006450       0x3c ./Middlewares/Third_Party/FreeRTOS/Source/timers.o
 .text.prvCheckForValidListAndQueue
                0x0800648c       0x68 ./Middlewares/Third_Party/FreeRTOS/Source/timers.o
 .text.xTimerCreateTimerTask
                0x080064f4       0x64 ./Middlewares/Third_Party/FreeRTOS/Source/timers.o
                0x080064f4                xTimerCreateTimerTask
 .text.xTimerGenericCommand
                0x08006558       0x54 ./Middlewares/Third_Party/FreeRTOS/Source/timers.o
                0x08006558                xTimerGenericCommand
 .text.prvSampleTimeNow
                0x080065ac       0xa4 ./Middlewares/Third_Party/FreeRTOS/Source/timers.o
 .text.prvTimerTask
                0x08006650      0x1cc ./Middlewares/Third_Party/FreeRTOS/Source/timers.o
 .text.prvPortStartFirstTask
                0x0800681c       0x28 ./Middlewares/Third_Party/FreeRTOS/Source/portable/GCC/ARM_CM4F/port.o
 .text.vPortEnableVFP
                0x08006844       0x14 ./Middlewares/Third_Party/FreeRTOS/Source/portable/GCC/ARM_CM4F/port.o
 .text.prvTaskExitError
                0x08006858       0x40 ./Middlewares/Third_Party/FreeRTOS/Source/portable/GCC/ARM_CM4F/port.o
 .text.pxPortInitialiseStack
                0x08006898       0x24 ./Middlewares/Third_Party/FreeRTOS/Source/portable/GCC/ARM_CM4F/port.o
                0x08006898                pxPortInitialiseStack
 *fill*         0x080068bc        0x4 
 .text.SVC_Handler
                0x080068c0       0x24 ./Middlewares/Third_Party/FreeRTOS/Source/portable/GCC/ARM_CM4F/port.o
                0x080068c0                SVC_Handler
 .text.vPortEnterCritical
                0x080068e4       0x40 ./Middlewares/Third_Party/FreeRTOS/Source/portable/GCC/ARM_CM4F/port.o
                0x080068e4                vPortEnterCritical
 .text.vPortExitCritical
                0x08006924       0x28 ./Middlewares/Third_Party/FreeRTOS/Source/portable/GCC/ARM_CM4F/port.o
                0x08006924                vPortExitCritical
 *fill*         0x0800694c        0x4 
 .text.PendSV_Handler
                0x08006950       0x64 ./Middlewares/Third_Party/FreeRTOS/Source/portable/GCC/ARM_CM4F/port.o
                0x08006950                PendSV_Handler
 .text.xPortSysTickHandler
                0x080069b4       0x2c ./Middlewares/Third_Party/FreeRTOS/Source/portable/GCC/ARM_CM4F/port.o
                0x080069b4                xPortSysTickHandler
 .text.vPortSetupTimerInterrupt
                0x080069e0       0x24 ./Middlewares/Third_Party/FreeRTOS/Source/portable/GCC/ARM_CM4F/port.o
                0x080069e0                vPortSetupTimerInterrupt
 .text.xPortStartScheduler
                0x08006a04      0x104 ./Middlewares/Third_Party/FreeRTOS/Source/portable/GCC/ARM_CM4F/port.o
                0x08006a04                xPortStartScheduler
 .text.vPortValidateInterruptPriority
                0x08006b08       0x5c ./Middlewares/Third_Party/FreeRTOS/Source/portable/GCC/ARM_CM4F/port.o
                0x08006b08                vPortValidateInterruptPriority
 .text.prvInsertBlockIntoFreeList
                0x08006b64       0x4c ./Middlewares/Third_Party/FreeRTOS/Source/portable/MemMang/heap_4.o
 .text.pvPortMalloc
                0x08006bb0      0x130 ./Middlewares/Third_Party/FreeRTOS/Source/portable/MemMang/heap_4.o
                0x08006bb0                pvPortMalloc
 .text.vPortFree
                0x08006ce0       0x7c ./Middlewares/Third_Party/FreeRTOS/Source/portable/MemMang/heap_4.o
                0x08006ce0                vPortFree
 .text.__cvt    0x08006d5c       0xa8 /home/jonathan/st/stm32cubeide_1.17.0/plugins/com.st.stm32cube.ide.mcu.externaltools.gnu-tools-for-stm32.12.3.rel1.linux64_1.1.0.202410170702/tools/bin/../lib/gcc/arm-none-eabi/12.3.1/../../../../arm-none-eabi/lib/thumb/v7e-m+dp/hard/libc_nano.a(libc_a-nano-vfprintf_float.o)
                0x08006d5c                __cvt
 .text.__exponent
                0x08006e04       0x74 /home/jonathan/st/stm32cubeide_1.17.0/plugins/com.st.stm32cube.ide.mcu.externaltools.gnu-tools-for-stm32.12.3.rel1.linux64_1.1.0.202410170702/tools/bin/../lib/gcc/arm-none-eabi/12.3.1/../../../../arm-none-eabi/lib/thumb/v7e-m+dp/hard/libc_nano.a(libc_a-nano-vfprintf_float.o)
                0x08006e04                __exponent
 .text._printf_float
                0x08006e78      0x434 /home/jonathan/st/stm32cubeide_1.17.0/plugins/com.st.stm32cube.ide.mcu.externaltools.gnu-tools-for-stm32.12.3.rel1.linux64_1.1.0.202410170702/tools/bin/../lib/gcc/arm-none-eabi/12.3.1/../../../../arm-none-eabi/lib/thumb/v7e-m+dp/hard/libc_nano.a(libc_a-nano-vfprintf_float.o)
                0x08006e78                _printf_float
 .text._printf_common
                0x080072ac       0xda /home/jonathan/st/stm32cubeide_1.17.0/plugins/com.st.stm32cube.ide.mcu.externaltools.gnu-tools-for-stm32.12.3.rel1.linux64_1.1.0.202410170702/tools/bin/../lib/gcc/arm-none-eabi/12.3.1/../../../../arm-none-eabi/lib/thumb/v7e-m+dp/hard/libc_nano.a(libc_a-nano-vfprintf_i.o)
                0x080072ac                _printf_common
 *fill*         0x08007386        0x2 
 .text._printf_i
                0x08007388      0x240 /home/jonathan/st/stm32cubeide_1.17.0/plugins/com.st.stm32cube.ide.mcu.externaltools.gnu-tools-for-stm32.12.3.rel1.linux64_1.1.0.202410170702/tools/bin/../lib/gcc/arm-none-eabi/12.3.1/../../../../arm-none-eabi/lib/thumb/v7e-m+dp/hard/libc_nano.a(libc_a-nano-vfprintf_i.o)
                0x08007388                _printf_i
 .text._scanf_float
                0x080075c8      0x418 /home/jonathan/st/stm32cubeide_1.17.0/plugins/com.st.stm32cube.ide.mcu.externaltools.gnu-tools-for-stm32.12.3.rel1.linux64_1.1.0.202410170702/tools/bin/../lib/gcc/arm-none-eabi/12.3.1/../../../../arm-none-eabi/lib/thumb/v7e-m+dp/hard/libc_nano.a(libc_a-nano-vfscanf_float.o)
                0x080075c8                _scanf_float
 .text.std      0x080079e0       0x6c /home/jonathan/st/stm32cubeide_1.17.0/plugins/com.st.stm32cube.ide.mcu.externaltools.gnu-tools-for-stm32.12.3.rel1.linux64_1.1.0.202410170702/tools/bin/../lib/gcc/arm-none-eabi/12.3.1/../../../../arm-none-eabi/lib/thumb/v7e-m+dp/hard/libc_nano.a(libc_a-findfp.o)
 .text.stdio_exit_handler
                0x08007a4c       0x18 /home/jonathan/st/stm32cubeide_1.17.0/plugins/com.st.stm32cube.ide.mcu.externaltools.gnu-tools-for-stm32.12.3.rel1.linux64_1.1.0.202410170702/tools/bin/../lib/gcc/arm-none-eabi/12.3.1/../../../../arm-none-eabi/lib/thumb/v7e-m+dp/hard/libc_nano.a(libc_a-findfp.o)
 .text.cleanup_stdio
                0x08007a64       0x40 /home/jonathan/st/stm32cubeide_1.17.0/plugins/com.st.stm32cube.ide.mcu.externaltools.gnu-tools-for-stm32.12.3.rel1.linux64_1.1.0.202410170702/tools/bin/../lib/gcc/arm-none-eabi/12.3.1/../../../../arm-none-eabi/lib/thumb/v7e-m+dp/hard/libc_nano.a(libc_a-findfp.o)
 .text.global_stdio_init.part.0
                0x08007aa4       0x3c /home/jonathan/st/stm32cubeide_1.17.0/plugins/com.st.stm32cube.ide.mcu.externaltools.gnu-tools-for-stm32.12.3.rel1.linux64_1.1.0.202410170702/tools/bin/../lib/gcc/arm-none-eabi/12.3.1/../../../../arm-none-eabi/lib/thumb/v7e-m+dp/hard/libc_nano.a(libc_a-findfp.o)
 .text.__sfp_lock_acquire
                0x08007ae0        0xc /home/jonathan/st/stm32cubeide_1.17.0/plugins/com.st.stm32cube.ide.mcu.externaltools.gnu-tools-for-stm32.12.3.rel1.linux64_1.1.0.202410170702/tools/bin/../lib/gcc/arm-none-eabi/12.3.1/../../../../arm-none-eabi/lib/thumb/v7e-m+dp/hard/libc_nano.a(libc_a-findfp.o)
                0x08007ae0                __sfp_lock_acquire
 .text.__sfp_lock_release
                0x08007aec        0xc /home/jonathan/st/stm32cubeide_1.17.0/plugins/com.st.stm32cube.ide.mcu.externaltools.gnu-tools-for-stm32.12.3.rel1.linux64_1.1.0.202410170702/tools/bin/../lib/gcc/arm-none-eabi/12.3.1/../../../../arm-none-eabi/lib/thumb/v7e-m+dp/hard/libc_nano.a(libc_a-findfp.o)
                0x08007aec                __sfp_lock_release
 .text.__sinit  0x08007af8       0x30 /home/jonathan/st/stm32cubeide_1.17.0/plugins/com.st.stm32cube.ide.mcu.externaltools.gnu-tools-for-stm32.12.3.rel1.linux64_1.1.0.202410170702/tools/bin/../lib/gcc/arm-none-eabi/12.3.1/../../../../arm-none-eabi/lib/thumb/v7e-m+dp/hard/libc_nano.a(libc_a-findfp.o)
                0x08007af8                __sinit
 .text._fwalk_sglue
                0x08007b28       0x3c /home/jonathan/st/stm32cubeide_1.17.0/plugins/com.st.stm32cube.ide.mcu.externaltools.gnu-tools-for-stm32.12.3.rel1.linux64_1.1.0.202410170702/tools/bin/../lib/gcc/arm-none-eabi/12.3.1/../../../../arm-none-eabi/lib/thumb/v7e-m+dp/hard/libc_nano.a(libc_a-fwalk.o)
                0x08007b28                _fwalk_sglue
 .text.sprintf  0x08007b64       0x40 /home/jonathan/st/stm32cubeide_1.17.0/plugins/com.st.stm32cube.ide.mcu.externaltools.gnu-tools-for-stm32.12.3.rel1.linux64_1.1.0.202410170702/tools/bin/../lib/gcc/arm-none-eabi/12.3.1/../../../../arm-none-eabi/lib/thumb/v7e-m+dp/hard/libc_nano.a(libc_a-sprintf.o)
                0x08007b64                sprintf
                0x08007b64                siprintf
 .text.__sread  0x08007ba4       0x22 /home/jonathan/st/stm32cubeide_1.17.0/plugins/com.st.stm32cube.ide.mcu.externaltools.gnu-tools-for-stm32.12.3.rel1.linux64_1.1.0.202410170702/tools/bin/../lib/gcc/arm-none-eabi/12.3.1/../../../../arm-none-eabi/lib/thumb/v7e-m+dp/hard/libc_nano.a(libc_a-stdio.o)
                0x08007ba4                __sread
 .text.__swrite
                0x08007bc6       0x38 /home/jonathan/st/stm32cubeide_1.17.0/plugins/com.st.stm32cube.ide.mcu.externaltools.gnu-tools-for-stm32.12.3.rel1.linux64_1.1.0.202410170702/tools/bin/../lib/gcc/arm-none-eabi/12.3.1/../../../../arm-none-eabi/lib/thumb/v7e-m+dp/hard/libc_nano.a(libc_a-stdio.o)
                0x08007bc6                __swrite
 .text.__sseek  0x08007bfe       0x24 /home/jonathan/st/stm32cubeide_1.17.0/plugins/com.st.stm32cube.ide.mcu.externaltools.gnu-tools-for-stm32.12.3.rel1.linux64_1.1.0.202410170702/tools/bin/../lib/gcc/arm-none-eabi/12.3.1/../../../../arm-none-eabi/lib/thumb/v7e-m+dp/hard/libc_nano.a(libc_a-stdio.o)
                0x08007bfe                __sseek
 .text.__sclose
                0x08007c22        0x8 /home/jonathan/st/stm32cubeide_1.17.0/plugins/com.st.stm32cube.ide.mcu.externaltools.gnu-tools-for-stm32.12.3.rel1.linux64_1.1.0.202410170702/tools/bin/../lib/gcc/arm-none-eabi/12.3.1/../../../../arm-none-eabi/lib/thumb/v7e-m+dp/hard/libc_nano.a(libc_a-stdio.o)
                0x08007c22                __sclose
 .text.memset   0x08007c2a       0x10 /home/jonathan/st/stm32cubeide_1.17.0/plugins/com.st.stm32cube.ide.mcu.externaltools.gnu-tools-for-stm32.12.3.rel1.linux64_1.1.0.202410170702/tools/bin/../lib/gcc/arm-none-eabi/12.3.1/../../../../arm-none-eabi/lib/thumb/v7e-m+dp/hard/libc_nano.a(libc_a-memset.o)
                0x08007c2a                memset
 *fill*         0x08007c3a        0x2 
 .text._localeconv_r
                0x08007c3c        0x8 /home/jonathan/st/stm32cubeide_1.17.0/plugins/com.st.stm32cube.ide.mcu.externaltools.gnu-tools-for-stm32.12.3.rel1.linux64_1.1.0.202410170702/tools/bin/../lib/gcc/arm-none-eabi/12.3.1/../../../../arm-none-eabi/lib/thumb/v7e-m+dp/hard/libc_nano.a(libc_a-localeconv.o)
                0x08007c3c                _localeconv_r
 .text._close_r
                0x08007c44       0x20 /home/jonathan/st/stm32cubeide_1.17.0/plugins/com.st.stm32cube.ide.mcu.externaltools.gnu-tools-for-stm32.12.3.rel1.linux64_1.1.0.202410170702/tools/bin/../lib/gcc/arm-none-eabi/12.3.1/../../../../arm-none-eabi/lib/thumb/v7e-m+dp/hard/libc_nano.a(libc_a-closer.o)
                0x08007c44                _close_r
 .text._reclaim_reent
                0x08007c64       0xac /home/jonathan/st/stm32cubeide_1.17.0/plugins/com.st.stm32cube.ide.mcu.externaltools.gnu-tools-for-stm32.12.3.rel1.linux64_1.1.0.202410170702/tools/bin/../lib/gcc/arm-none-eabi/12.3.1/../../../../arm-none-eabi/lib/thumb/v7e-m+dp/hard/libc_nano.a(libc_a-reent.o)
                0x08007c64                _reclaim_reent
 .text._lseek_r
                0x08007d10       0x24 /home/jonathan/st/stm32cubeide_1.17.0/plugins/com.st.stm32cube.ide.mcu.externaltools.gnu-tools-for-stm32.12.3.rel1.linux64_1.1.0.202410170702/tools/bin/../lib/gcc/arm-none-eabi/12.3.1/../../../../arm-none-eabi/lib/thumb/v7e-m+dp/hard/libc_nano.a(libc_a-lseekr.o)
                0x08007d10                _lseek_r
 .text._read_r  0x08007d34       0x24 /home/jonathan/st/stm32cubeide_1.17.0/plugins/com.st.stm32cube.ide.mcu.externaltools.gnu-tools-for-stm32.12.3.rel1.linux64_1.1.0.202410170702/tools/bin/../lib/gcc/arm-none-eabi/12.3.1/../../../../arm-none-eabi/lib/thumb/v7e-m+dp/hard/libc_nano.a(libc_a-readr.o)
                0x08007d34                _read_r
 .text._write_r
                0x08007d58       0x24 /home/jonathan/st/stm32cubeide_1.17.0/plugins/com.st.stm32cube.ide.mcu.externaltools.gnu-tools-for-stm32.12.3.rel1.linux64_1.1.0.202410170702/tools/bin/../lib/gcc/arm-none-eabi/12.3.1/../../../../arm-none-eabi/lib/thumb/v7e-m+dp/hard/libc_nano.a(libc_a-writer.o)
                0x08007d58                _write_r
 .text.__errno  0x08007d7c        0xc /home/jonathan/st/stm32cubeide_1.17.0/plugins/com.st.stm32cube.ide.mcu.externaltools.gnu-tools-for-stm32.12.3.rel1.linux64_1.1.0.202410170702/tools/bin/../lib/gcc/arm-none-eabi/12.3.1/../../../../arm-none-eabi/lib/thumb/v7e-m+dp/hard/libc_nano.a(libc_a-errno.o)
                0x08007d7c                __errno
 .text.__libc_init_array
                0x08007d88       0x48 /home/jonathan/st/stm32cubeide_1.17.0/plugins/com.st.stm32cube.ide.mcu.externaltools.gnu-tools-for-stm32.12.3.rel1.linux64_1.1.0.202410170702/tools/bin/../lib/gcc/arm-none-eabi/12.3.1/../../../../arm-none-eabi/lib/thumb/v7e-m+dp/hard/libc_nano.a(libc_a-init.o)
                0x08007d88                __libc_init_array
 .text.__retarget_lock_init_recursive
                0x08007dd0        0x2 /home/jonathan/st/stm32cubeide_1.17.0/plugins/com.st.stm32cube.ide.mcu.externaltools.gnu-tools-for-stm32.12.3.rel1.linux64_1.1.0.202410170702/tools/bin/../lib/gcc/arm-none-eabi/12.3.1/../../../../arm-none-eabi/lib/thumb/v7e-m+dp/hard/libc_nano.a(libc_a-lock.o)
                0x08007dd0                __retarget_lock_init_recursive
 .text.__retarget_lock_acquire_recursive
                0x08007dd2        0x2 /home/jonathan/st/stm32cubeide_1.17.0/plugins/com.st.stm32cube.ide.mcu.externaltools.gnu-tools-for-stm32.12.3.rel1.linux64_1.1.0.202410170702/tools/bin/../lib/gcc/arm-none-eabi/12.3.1/../../../../arm-none-eabi/lib/thumb/v7e-m+dp/hard/libc_nano.a(libc_a-lock.o)
                0x08007dd2                __retarget_lock_acquire_recursive
 .text.__retarget_lock_release_recursive
                0x08007dd4        0x2 /home/jonathan/st/stm32cubeide_1.17.0/plugins/com.st.stm32cube.ide.mcu.externaltools.gnu-tools-for-stm32.12.3.rel1.linux64_1.1.0.202410170702/tools/bin/../lib/gcc/arm-none-eabi/12.3.1/../../../../arm-none-eabi/lib/thumb/v7e-m+dp/hard/libc_nano.a(libc_a-lock.o)
                0x08007dd4                __retarget_lock_release_recursive
 .text.memcpy   0x08007dd6       0x1c /home/jonathan/st/stm32cubeide_1.17.0/plugins/com.st.stm32cube.ide.mcu.externaltools.gnu-tools-for-stm32.12.3.rel1.linux64_1.1.0.202410170702/tools/bin/../lib/gcc/arm-none-eabi/12.3.1/../../../../arm-none-eabi/lib/thumb/v7e-m+dp/hard/libc_nano.a(libc_a-memcpy-stub.o)
                0x08007dd6                memcpy
 *fill*         0x08007df2        0x2 
 .text.nanf     0x08007df4        0xc /home/jonathan/st/stm32cubeide_1.17.0/plugins/com.st.stm32cube.ide.mcu.externaltools.gnu-tools-for-stm32.12.3.rel1.linux64_1.1.0.202410170702/tools/bin/../lib/gcc/arm-none-eabi/12.3.1/../../../../arm-none-eabi/lib/thumb/v7e-m+dp/hard/libc_nano.a(libm_a-sf_nan.o)
                0x08007df4                nanf
 .text.quorem   0x08007e00      0x110 /home/jonathan/st/stm32cubeide_1.17.0/plugins/com.st.stm32cube.ide.mcu.externaltools.gnu-tools-for-stm32.12.3.rel1.linux64_1.1.0.202410170702/tools/bin/../lib/gcc/arm-none-eabi/12.3.1/../../../../arm-none-eabi/lib/thumb/v7e-m+dp/hard/libc_nano.a(libc_a-dtoa.o)
 .text._dtoa_r  0x08007f10      0xaac /home/jonathan/st/stm32cubeide_1.17.0/plugins/com.st.stm32cube.ide.mcu.externaltools.gnu-tools-for-stm32.12.3.rel1.linux64_1.1.0.202410170702/tools/bin/../lib/gcc/arm-none-eabi/12.3.1/../../../../arm-none-eabi/lib/thumb/v7e-m+dp/hard/libc_nano.a(libc_a-dtoa.o)
                0x08007f10                _dtoa_r
 .text._free_r  0x080089bc       0x94 /home/jonathan/st/stm32cubeide_1.17.0/plugins/com.st.stm32cube.ide.mcu.externaltools.gnu-tools-for-stm32.12.3.rel1.linux64_1.1.0.202410170702/tools/bin/../lib/gcc/arm-none-eabi/12.3.1/../../../../arm-none-eabi/lib/thumb/v7e-m+dp/hard/libc_nano.a(libc_a-freer.o)
                0x080089bc                _free_r
 .text.malloc   0x08008a50       0x10 /home/jonathan/st/stm32cubeide_1.17.0/plugins/com.st.stm32cube.ide.mcu.externaltools.gnu-tools-for-stm32.12.3.rel1.linux64_1.1.0.202410170702/tools/bin/../lib/gcc/arm-none-eabi/12.3.1/../../../../arm-none-eabi/lib/thumb/v7e-m+dp/hard/libc_nano.a(libc_a-malloc.o)
                0x08008a50                malloc
 .text.sbrk_aligned
                0x08008a60       0x44 /home/jonathan/st/stm32cubeide_1.17.0/plugins/com.st.stm32cube.ide.mcu.externaltools.gnu-tools-for-stm32.12.3.rel1.linux64_1.1.0.202410170702/tools/bin/../lib/gcc/arm-none-eabi/12.3.1/../../../../arm-none-eabi/lib/thumb/v7e-m+dp/hard/libc_nano.a(libc_a-mallocr.o)
 .text._malloc_r
                0x08008aa4      0x100 /home/jonathan/st/stm32cubeide_1.17.0/plugins/com.st.stm32cube.ide.mcu.externaltools.gnu-tools-for-stm32.12.3.rel1.linux64_1.1.0.202410170702/tools/bin/../lib/gcc/arm-none-eabi/12.3.1/../../../../arm-none-eabi/lib/thumb/v7e-m+dp/hard/libc_nano.a(libc_a-mallocr.o)
                0x08008aa4                _malloc_r
 .text.__malloc_lock
                0x08008ba4        0xc /home/jonathan/st/stm32cubeide_1.17.0/plugins/com.st.stm32cube.ide.mcu.externaltools.gnu-tools-for-stm32.12.3.rel1.linux64_1.1.0.202410170702/tools/bin/../lib/gcc/arm-none-eabi/12.3.1/../../../../arm-none-eabi/lib/thumb/v7e-m+dp/hard/libc_nano.a(libc_a-mlock.o)
                0x08008ba4                __malloc_lock
 .text.__malloc_unlock
                0x08008bb0        0xc /home/jonathan/st/stm32cubeide_1.17.0/plugins/com.st.stm32cube.ide.mcu.externaltools.gnu-tools-for-stm32.12.3.rel1.linux64_1.1.0.202410170702/tools/bin/../lib/gcc/arm-none-eabi/12.3.1/../../../../arm-none-eabi/lib/thumb/v7e-m+dp/hard/libc_nano.a(libc_a-mlock.o)
                0x08008bb0                __malloc_unlock
 .text._Balloc  0x08008bbc       0x80 /home/jonathan/st/stm32cubeide_1.17.0/plugins/com.st.stm32cube.ide.mcu.externaltools.gnu-tools-for-stm32.12.3.rel1.linux64_1.1.0.202410170702/tools/bin/../lib/gcc/arm-none-eabi/12.3.1/../../../../arm-none-eabi/lib/thumb/v7e-m+dp/hard/libc_nano.a(libc_a-mprec.o)
                0x08008bbc                _Balloc
 .text._Bfree   0x08008c3c       0x44 /home/jonathan/st/stm32cubeide_1.17.0/plugins/com.st.stm32cube.ide.mcu.externaltools.gnu-tools-for-stm32.12.3.rel1.linux64_1.1.0.202410170702/tools/bin/../lib/gcc/arm-none-eabi/12.3.1/../../../../arm-none-eabi/lib/thumb/v7e-m+dp/hard/libc_nano.a(libc_a-mprec.o)
                0x08008c3c                _Bfree
 .text.__multadd
                0x08008c80       0x8c /home/jonathan/st/stm32cubeide_1.17.0/plugins/com.st.stm32cube.ide.mcu.externaltools.gnu-tools-for-stm32.12.3.rel1.linux64_1.1.0.202410170702/tools/bin/../lib/gcc/arm-none-eabi/12.3.1/../../../../arm-none-eabi/lib/thumb/v7e-m+dp/hard/libc_nano.a(libc_a-mprec.o)
                0x08008c80                __multadd
 .text.__s2b    0x08008d0c       0x94 /home/jonathan/st/stm32cubeide_1.17.0/plugins/com.st.stm32cube.ide.mcu.externaltools.gnu-tools-for-stm32.12.3.rel1.linux64_1.1.0.202410170702/tools/bin/../lib/gcc/arm-none-eabi/12.3.1/../../../../arm-none-eabi/lib/thumb/v7e-m+dp/hard/libc_nano.a(libc_a-mprec.o)
                0x08008d0c                __s2b
 .text.__hi0bits
                0x08008da0       0x3e /home/jonathan/st/stm32cubeide_1.17.0/plugins/com.st.stm32cube.ide.mcu.externaltools.gnu-tools-for-stm32.12.3.rel1.linux64_1.1.0.202410170702/tools/bin/../lib/gcc/arm-none-eabi/12.3.1/../../../../arm-none-eabi/lib/thumb/v7e-m+dp/hard/libc_nano.a(libc_a-mprec.o)
                0x08008da0                __hi0bits
 .text.__lo0bits
                0x08008dde       0x5a /home/jonathan/st/stm32cubeide_1.17.0/plugins/com.st.stm32cube.ide.mcu.externaltools.gnu-tools-for-stm32.12.3.rel1.linux64_1.1.0.202410170702/tools/bin/../lib/gcc/arm-none-eabi/12.3.1/../../../../arm-none-eabi/lib/thumb/v7e-m+dp/hard/libc_nano.a(libc_a-mprec.o)
                0x08008dde                __lo0bits
 .text.__i2b    0x08008e38       0x2c /home/jonathan/st/stm32cubeide_1.17.0/plugins/com.st.stm32cube.ide.mcu.externaltools.gnu-tools-for-stm32.12.3.rel1.linux64_1.1.0.202410170702/tools/bin/../lib/gcc/arm-none-eabi/12.3.1/../../../../arm-none-eabi/lib/thumb/v7e-m+dp/hard/libc_nano.a(libc_a-mprec.o)
                0x08008e38                __i2b
 .text.__multiply
                0x08008e64      0x154 /home/jonathan/st/stm32cubeide_1.17.0/plugins/com.st.stm32cube.ide.mcu.externaltools.gnu-tools-for-stm32.12.3.rel1.linux64_1.1.0.202410170702/tools/bin/../lib/gcc/arm-none-eabi/12.3.1/../../../../arm-none-eabi/lib/thumb/v7e-m+dp/hard/libc_nano.a(libc_a-mprec.o)
                0x08008e64                __multiply
 .text.__pow5mult
                0x08008fb8       0xb4 /home/jonathan/st/stm32cubeide_1.17.0/plugins/com.st.stm32cube.ide.mcu.externaltools.gnu-tools-for-stm32.12.3.rel1.linux64_1.1.0.202410170702/tools/bin/../lib/gcc/arm-none-eabi/12.3.1/../../../../arm-none-eabi/lib/thumb/v7e-m+dp/hard/libc_nano.a(libc_a-mprec.o)
                0x08008fb8                __pow5mult
 .text.__lshift
                0x0800906c       0xd8 /home/jonathan/st/stm32cubeide_1.17.0/plugins/com.st.stm32cube.ide.mcu.externaltools.gnu-tools-for-stm32.12.3.rel1.linux64_1.1.0.202410170702/tools/bin/../lib/gcc/arm-none-eabi/12.3.1/../../../../arm-none-eabi/lib/thumb/v7e-m+dp/hard/libc_nano.a(libc_a-mprec.o)
                0x0800906c                __lshift
 .text.__mcmp   0x08009144       0x36 /home/jonathan/st/stm32cubeide_1.17.0/plugins/com.st.stm32cube.ide.mcu.externaltools.gnu-tools-for-stm32.12.3.rel1.linux64_1.1.0.202410170702/tools/bin/../lib/gcc/arm-none-eabi/12.3.1/../../../../arm-none-eabi/lib/thumb/v7e-m+dp/hard/libc_nano.a(libc_a-mprec.o)
                0x08009144                __mcmp
 *fill*         0x0800917a        0x2 
 .text.__mdiff  0x0800917c      0x128 /home/jonathan/st/stm32cubeide_1.17.0/plugins/com.st.stm32cube.ide.mcu.externaltools.gnu-tools-for-stm32.12.3.rel1.linux64_1.1.0.202410170702/tools/bin/../lib/gcc/arm-none-eabi/12.3.1/../../../../arm-none-eabi/lib/thumb/v7e-m+dp/hard/libc_nano.a(libc_a-mprec.o)
                0x0800917c                __mdiff
 .text.__ulp    0x080092a4       0x4c /home/jonathan/st/stm32cubeide_1.17.0/plugins/com.st.stm32cube.ide.mcu.externaltools.gnu-tools-for-stm32.12.3.rel1.linux64_1.1.0.202410170702/tools/bin/../lib/gcc/arm-none-eabi/12.3.1/../../../../arm-none-eabi/lib/thumb/v7e-m+dp/hard/libc_nano.a(libc_a-mprec.o)
                0x080092a4                __ulp
 .text.__b2d    0x080092f0       0x94 /home/jonathan/st/stm32cubeide_1.17.0/plugins/com.st.stm32cube.ide.mcu.externaltools.gnu-tools-for-stm32.12.3.rel1.linux64_1.1.0.202410170702/tools/bin/../lib/gcc/arm-none-eabi/12.3.1/../../../../arm-none-eabi/lib/thumb/v7e-m+dp/hard/libc_nano.a(libc_a-mprec.o)
                0x080092f0                __b2d
 .text.__d2b    0x08009384       0xb0 /home/jonathan/st/stm32cubeide_1.17.0/plugins/com.st.stm32cube.ide.mcu.externaltools.gnu-tools-for-stm32.12.3.rel1.linux64_1.1.0.202410170702/tools/bin/../lib/gcc/arm-none-eabi/12.3.1/../../../../arm-none-eabi/lib/thumb/v7e-m+dp/hard/libc_nano.a(libc_a-mprec.o)
                0x08009384                __d2b
 .text.__ratio  0x08009434       0x5e /home/jonathan/st/stm32cubeide_1.17.0/plugins/com.st.stm32cube.ide.mcu.externaltools.gnu-tools-for-stm32.12.3.rel1.linux64_1.1.0.202410170702/tools/bin/../lib/gcc/arm-none-eabi/12.3.1/../../../../arm-none-eabi/lib/thumb/v7e-m+dp/hard/libc_nano.a(libc_a-mprec.o)
                0x08009434                __ratio
 .text.__copybits
                0x08009492       0x46 /home/jonathan/st/stm32cubeide_1.17.0/plugins/com.st.stm32cube.ide.mcu.externaltools.gnu-tools-for-stm32.12.3.rel1.linux64_1.1.0.202410170702/tools/bin/../lib/gcc/arm-none-eabi/12.3.1/../../../../arm-none-eabi/lib/thumb/v7e-m+dp/hard/libc_nano.a(libc_a-mprec.o)
                0x08009492                __copybits
 .text.__any_on
                0x080094d8       0x42 /home/jonathan/st/stm32cubeide_1.17.0/plugins/com.st.stm32cube.ide.mcu.externaltools.gnu-tools-for-stm32.12.3.rel1.linux64_1.1.0.202410170702/tools/bin/../lib/gcc/arm-none-eabi/12.3.1/../../../../arm-none-eabi/lib/thumb/v7e-m+dp/hard/libc_nano.a(libc_a-mprec.o)
                0x080094d8                __any_on
 .text.sulp     0x0800951a       0x34 /home/jonathan/st/stm32cubeide_1.17.0/plugins/com.st.stm32cube.ide.mcu.externaltools.gnu-tools-for-stm32.12.3.rel1.linux64_1.1.0.202410170702/tools/bin/../lib/gcc/arm-none-eabi/12.3.1/../../../../arm-none-eabi/lib/thumb/v7e-m+dp/hard/libc_nano.a(libc_a-strtod.o)
 *fill*         0x0800954e        0x2 
 .text._strtod_l
                0x08009550      0xb2c /home/jonathan/st/stm32cubeide_1.17.0/plugins/com.st.stm32cube.ide.mcu.externaltools.gnu-tools-for-stm32.12.3.rel1.linux64_1.1.0.202410170702/tools/bin/../lib/gcc/arm-none-eabi/12.3.1/../../../../arm-none-eabi/lib/thumb/v7e-m+dp/hard/libc_nano.a(libc_a-strtod.o)
                0x08009550                _strtod_l
 .text._strtod_r
                0x0800a07c        0xc /home/jonathan/st/stm32cubeide_1.17.0/plugins/com.st.stm32cube.ide.mcu.externaltools.gnu-tools-for-stm32.12.3.rel1.linux64_1.1.0.202410170702/tools/bin/../lib/gcc/arm-none-eabi/12.3.1/../../../../arm-none-eabi/lib/thumb/v7e-m+dp/hard/libc_nano.a(libc_a-strtod.o)
                0x0800a07c                _strtod_r
 .text._strtol_l.constprop.0
                0x0800a088       0xf4 /home/jonathan/st/stm32cubeide_1.17.0/plugins/com.st.stm32cube.ide.mcu.externaltools.gnu-tools-for-stm32.12.3.rel1.linux64_1.1.0.202410170702/tools/bin/../lib/gcc/arm-none-eabi/12.3.1/../../../../arm-none-eabi/lib/thumb/v7e-m+dp/hard/libc_nano.a(libc_a-strtol.o)
 .text._strtol_r
                0x0800a17c        0x4 /home/jonathan/st/stm32cubeide_1.17.0/plugins/com.st.stm32cube.ide.mcu.externaltools.gnu-tools-for-stm32.12.3.rel1.linux64_1.1.0.202410170702/tools/bin/../lib/gcc/arm-none-eabi/12.3.1/../../../../arm-none-eabi/lib/thumb/v7e-m+dp/hard/libc_nano.a(libc_a-strtol.o)
                0x0800a17c                _strtol_r
 .text.__ssputs_r
                0x0800a180       0xb6 /home/jonathan/st/stm32cubeide_1.17.0/plugins/com.st.stm32cube.ide.mcu.externaltools.gnu-tools-for-stm32.12.3.rel1.linux64_1.1.0.202410170702/tools/bin/../lib/gcc/arm-none-eabi/12.3.1/../../../../arm-none-eabi/lib/thumb/v7e-m+dp/hard/libc_nano.a(libc_a-nano-svfprintf.o)
                0x0800a180                __ssputs_r
 *fill*         0x0800a236        0x2 
 .text._svfprintf_r
                0x0800a238      0x1f8 /home/jonathan/st/stm32cubeide_1.17.0/plugins/com.st.stm32cube.ide.mcu.externaltools.gnu-tools-for-stm32.12.3.rel1.linux64_1.1.0.202410170702/tools/bin/../lib/gcc/arm-none-eabi/12.3.1/../../../../arm-none-eabi/lib/thumb/v7e-m+dp/hard/libc_nano.a(libc_a-nano-svfprintf.o)
                0x0800a238                _svfprintf_r
                0x0800a238                _svfiprintf_r
 .text.__sflush_r
                0x0800a430      0x108 /home/jonathan/st/stm32cubeide_1.17.0/plugins/com.st.stm32cube.ide.mcu.externaltools.gnu-tools-for-stm32.12.3.rel1.linux64_1.1.0.202410170702/tools/bin/../lib/gcc/arm-none-eabi/12.3.1/../../../../arm-none-eabi/lib/thumb/v7e-m+dp/hard/libc_nano.a(libc_a-fflush.o)
                0x0800a430                __sflush_r
 .text._fflush_r
                0x0800a538       0x50 /home/jonathan/st/stm32cubeide_1.17.0/plugins/com.st.stm32cube.ide.mcu.externaltools.gnu-tools-for-stm32.12.3.rel1.linux64_1.1.0.202410170702/tools/bin/../lib/gcc/arm-none-eabi/12.3.1/../../../../arm-none-eabi/lib/thumb/v7e-m+dp/hard/libc_nano.a(libc_a-fflush.o)
                0x0800a538                _fflush_r
 .text.memmove  0x0800a588       0x34 /home/jonathan/st/stm32cubeide_1.17.0/plugins/com.st.stm32cube.ide.mcu.externaltools.gnu-tools-for-stm32.12.3.rel1.linux64_1.1.0.202410170702/tools/bin/../lib/gcc/arm-none-eabi/12.3.1/../../../../arm-none-eabi/lib/thumb/v7e-m+dp/hard/libc_nano.a(libc_a-memmove.o)
                0x0800a588                memmove
 .text.strncmp  0x0800a5bc       0x24 /home/jonathan/st/stm32cubeide_1.17.0/plugins/com.st.stm32cube.ide.mcu.externaltools.gnu-tools-for-stm32.12.3.rel1.linux64_1.1.0.202410170702/tools/bin/../lib/gcc/arm-none-eabi/12.3.1/../../../../arm-none-eabi/lib/thumb/v7e-m+dp/hard/libc_nano.a(libc_a-strncmp.o)
                0x0800a5bc                strncmp
 .text._sbrk_r  0x0800a5e0       0x20 /home/jonathan/st/stm32cubeide_1.17.0/plugins/com.st.stm32cube.ide.mcu.externaltools.gnu-tools-for-stm32.12.3.rel1.linux64_1.1.0.202410170702/tools/bin/../lib/gcc/arm-none-eabi/12.3.1/../../../../arm-none-eabi/lib/thumb/v7e-m+dp/hard/libc_nano.a(libc_a-sbrkr.o)
                0x0800a5e0                _sbrk_r
 .text.nan      0x0800a600       0x10 /home/jonathan/st/stm32cubeide_1.17.0/plugins/com.st.stm32cube.ide.mcu.externaltools.gnu-tools-for-stm32.12.3.rel1.linux64_1.1.0.202410170702/tools/bin/../lib/gcc/arm-none-eabi/12.3.1/../../../../arm-none-eabi/lib/thumb/v7e-m+dp/hard/libc_nano.a(libm_a-s_nan.o)
                0x0800a600                nan
 .text.__assert_func
                0x0800a610       0x3c /home/jonathan/st/stm32cubeide_1.17.0/plugins/com.st.stm32cube.ide.mcu.externaltools.gnu-tools-for-stm32.12.3.rel1.linux64_1.1.0.202410170702/tools/bin/../lib/gcc/arm-none-eabi/12.3.1/../../../../arm-none-eabi/lib/thumb/v7e-m+dp/hard/libc_nano.a(libc_a-assert.o)
                0x0800a610                __assert_func
 .text._calloc_r
                0x0800a64c       0x28 /home/jonathan/st/stm32cubeide_1.17.0/plugins/com.st.stm32cube.ide.mcu.externaltools.gnu-tools-for-stm32.12.3.rel1.linux64_1.1.0.202410170702/tools/bin/../lib/gcc/arm-none-eabi/12.3.1/../../../../arm-none-eabi/lib/thumb/v7e-m+dp/hard/libc_nano.a(libc_a-callocr.o)
                0x0800a64c                _calloc_r
 .text.rshift   0x0800a674       0xa4 /home/jonathan/st/stm32cubeide_1.17.0/plugins/com.st.stm32cube.ide.mcu.externaltools.gnu-tools-for-stm32.12.3.rel1.linux64_1.1.0.202410170702/tools/bin/../lib/gcc/arm-none-eabi/12.3.1/../../../../arm-none-eabi/lib/thumb/v7e-m+dp/hard/libc_nano.a(libc_a-gdtoa-gethex.o)
 .text.__hexdig_fun
                0x0800a718       0x2a /home/jonathan/st/stm32cubeide_1.17.0/plugins/com.st.stm32cube.ide.mcu.externaltools.gnu-tools-for-stm32.12.3.rel1.linux64_1.1.0.202410170702/tools/bin/../lib/gcc/arm-none-eabi/12.3.1/../../../../arm-none-eabi/lib/thumb/v7e-m+dp/hard/libc_nano.a(libc_a-gdtoa-gethex.o)
                0x0800a718                __hexdig_fun
 *fill*         0x0800a742        0x2 
 .text.__gethex
                0x0800a744      0x420 /home/jonathan/st/stm32cubeide_1.17.0/plugins/com.st.stm32cube.ide.mcu.externaltools.gnu-tools-for-stm32.12.3.rel1.linux64_1.1.0.202410170702/tools/bin/../lib/gcc/arm-none-eabi/12.3.1/../../../../arm-none-eabi/lib/thumb/v7e-m+dp/hard/libc_nano.a(libc_a-gdtoa-gethex.o)
                0x0800a744                __gethex
 .text.L_shift  0x0800ab64       0x24 /home/jonathan/st/stm32cubeide_1.17.0/plugins/com.st.stm32cube.ide.mcu.externaltools.gnu-tools-for-stm32.12.3.rel1.linux64_1.1.0.202410170702/tools/bin/../lib/gcc/arm-none-eabi/12.3.1/../../../../arm-none-eabi/lib/thumb/v7e-m+dp/hard/libc_nano.a(libc_a-gdtoa-hexnan.o)
 .text.__match  0x0800ab88       0x28 /home/jonathan/st/stm32cubeide_1.17.0/plugins/com.st.stm32cube.ide.mcu.externaltools.gnu-tools-for-stm32.12.3.rel1.linux64_1.1.0.202410170702/tools/bin/../lib/gcc/arm-none-eabi/12.3.1/../../../../arm-none-eabi/lib/thumb/v7e-m+dp/hard/libc_nano.a(libc_a-gdtoa-hexnan.o)
                0x0800ab88                __match
 .text.__hexnan
                0x0800abb0      0x136 /home/jonathan/st/stm32cubeide_1.17.0/plugins/com.st.stm32cube.ide.mcu.externaltools.gnu-tools-for-stm32.12.3.rel1.linux64_1.1.0.202410170702/tools/bin/../lib/gcc/arm-none-eabi/12.3.1/../../../../arm-none-eabi/lib/thumb/v7e-m+dp/hard/libc_nano.a(libc_a-gdtoa-hexnan.o)
                0x0800abb0                __hexnan
 .text.__ascii_mbtowc
                0x0800ace6       0x24 /home/jonathan/st/stm32cubeide_1.17.0/plugins/com.st.stm32cube.ide.mcu.externaltools.gnu-tools-for-stm32.12.3.rel1.linux64_1.1.0.202410170702/tools/bin/../lib/gcc/arm-none-eabi/12.3.1/../../../../arm-none-eabi/lib/thumb/v7e-m+dp/hard/libc_nano.a(libc_a-mbtowc_r.o)
                0x0800ace6                __ascii_mbtowc
 .text._realloc_r
                0x0800ad0a       0x5c /home/jonathan/st/stm32cubeide_1.17.0/plugins/com.st.stm32cube.ide.mcu.externaltools.gnu-tools-for-stm32.12.3.rel1.linux64_1.1.0.202410170702/tools/bin/../lib/gcc/arm-none-eabi/12.3.1/../../../../arm-none-eabi/lib/thumb/v7e-m+dp/hard/libc_nano.a(libc_a-reallocr.o)
                0x0800ad0a                _realloc_r
 .text.__ascii_wctomb
                0x0800ad66       0x1a /home/jonathan/st/stm32cubeide_1.17.0/plugins/com.st.stm32cube.ide.mcu.externaltools.gnu-tools-for-stm32.12.3.rel1.linux64_1.1.0.202410170702/tools/bin/../lib/gcc/arm-none-eabi/12.3.1/../../../../arm-none-eabi/lib/thumb/v7e-m+dp/hard/libc_nano.a(libc_a-wctomb_r.o)
                0x0800ad66                __ascii_wctomb
 .text.fprintf  0x0800ad80       0x24 /home/jonathan/st/stm32cubeide_1.17.0/plugins/com.st.stm32cube.ide.mcu.externaltools.gnu-tools-for-stm32.12.3.rel1.linux64_1.1.0.202410170702/tools/bin/../lib/gcc/arm-none-eabi/12.3.1/../../../../arm-none-eabi/lib/thumb/v7e-m+dp/hard/libc_nano.a(libc_a-fprintf.o)
                0x0800ad80                fprintf
                0x0800ad80                fiprintf
 .text.abort    0x0800ada4        0xe /home/jonathan/st/stm32cubeide_1.17.0/plugins/com.st.stm32cube.ide.mcu.externaltools.gnu-tools-for-stm32.12.3.rel1.linux64_1.1.0.202410170702/tools/bin/../lib/gcc/arm-none-eabi/12.3.1/../../../../arm-none-eabi/lib/thumb/v7e-m+dp/hard/libc_nano.a(libc_a-abort.o)
                0x0800ada4                abort
 .text._malloc_usable_size_r
                0x0800adb2       0x10 /home/jonathan/st/stm32cubeide_1.17.0/plugins/com.st.stm32cube.ide.mcu.externaltools.gnu-tools-for-stm32.12.3.rel1.linux64_1.1.0.202410170702/tools/bin/../lib/gcc/arm-none-eabi/12.3.1/../../../../arm-none-eabi/lib/thumb/v7e-m+dp/hard/libc_nano.a(libc_a-msizer.o)
                0x0800adb2                _malloc_usable_size_r
 .text.__sfputc_r
                0x0800adc2       0x2e /home/jonathan/st/stm32cubeide_1.17.0/plugins/com.st.stm32cube.ide.mcu.externaltools.gnu-tools-for-stm32.12.3.rel1.linux64_1.1.0.202410170702/tools/bin/../lib/gcc/arm-none-eabi/12.3.1/../../../../arm-none-eabi/lib/thumb/v7e-m+dp/hard/libc_nano.a(libc_a-nano-vfprintf.o)
 .text.__sfputs_r
                0x0800adf0       0x24 /home/jonathan/st/stm32cubeide_1.17.0/plugins/com.st.stm32cube.ide.mcu.externaltools.gnu-tools-for-stm32.12.3.rel1.linux64_1.1.0.202410170702/tools/bin/../lib/gcc/arm-none-eabi/12.3.1/../../../../arm-none-eabi/lib/thumb/v7e-m+dp/hard/libc_nano.a(libc_a-nano-vfprintf.o)
                0x0800adf0                __sfputs_r
 .text._vfprintf_r
                0x0800ae14      0x230 /home/jonathan/st/stm32cubeide_1.17.0/plugins/com.st.stm32cube.ide.mcu.externaltools.gnu-tools-for-stm32.12.3.rel1.linux64_1.1.0.202410170702/tools/bin/../lib/gcc/arm-none-eabi/12.3.1/../../../../arm-none-eabi/lib/thumb/v7e-m+dp/hard/libc_nano.a(libc_a-nano-vfprintf.o)
                0x0800ae14                _vfiprintf_r
                0x0800ae14                _vfprintf_r
 .text.__swbuf_r
                0x0800b044       0x7c /home/jonathan/st/stm32cubeide_1.17.0/plugins/com.st.stm32cube.ide.mcu.externaltools.gnu-tools-for-stm32.12.3.rel1.linux64_1.1.0.202410170702/tools/bin/../lib/gcc/arm-none-eabi/12.3.1/../../../../arm-none-eabi/lib/thumb/v7e-m+dp/hard/libc_nano.a(libc_a-wbuf.o)
                0x0800b044                __swbuf_r
 .text.__swsetup_r
                0x0800b0c0       0xac /home/jonathan/st/stm32cubeide_1.17.0/plugins/com.st.stm32cube.ide.mcu.externaltools.gnu-tools-for-stm32.12.3.rel1.linux64_1.1.0.202410170702/tools/bin/../lib/gcc/arm-none-eabi/12.3.1/../../../../arm-none-eabi/lib/thumb/v7e-m+dp/hard/libc_nano.a(libc_a-wsetup.o)
                0x0800b0c0                __swsetup_r
 .text._raise_r
                0x0800b16c       0x50 /home/jonathan/st/stm32cubeide_1.17.0/plugins/com.st.stm32cube.ide.mcu.externaltools.gnu-tools-for-stm32.12.3.rel1.linux64_1.1.0.202410170702/tools/bin/../lib/gcc/arm-none-eabi/12.3.1/../../../../arm-none-eabi/lib/thumb/v7e-m+dp/hard/libc_nano.a(libc_a-signal.o)
                0x0800b16c                _raise_r
 .text.raise    0x0800b1bc       0x10 /home/jonathan/st/stm32cubeide_1.17.0/plugins/com.st.stm32cube.ide.mcu.externaltools.gnu-tools-for-stm32.12.3.rel1.linux64_1.1.0.202410170702/tools/bin/../lib/gcc/arm-none-eabi/12.3.1/../../../../arm-none-eabi/lib/thumb/v7e-m+dp/hard/libc_nano.a(libc_a-signal.o)
                0x0800b1bc                raise
 .text._kill_r  0x0800b1cc       0x24 /home/jonathan/st/stm32cubeide_1.17.0/plugins/com.st.stm32cube.ide.mcu.externaltools.gnu-tools-for-stm32.12.3.rel1.linux64_1.1.0.202410170702/tools/bin/../lib/gcc/arm-none-eabi/12.3.1/../../../../arm-none-eabi/lib/thumb/v7e-m+dp/hard/libc_nano.a(libc_a-signalr.o)
                0x0800b1cc                _kill_r
 .text._getpid_r
                0x0800b1f0        0x4 /home/jonathan/st/stm32cubeide_1.17.0/plugins/com.st.stm32cube.ide.mcu.externaltools.gnu-tools-for-stm32.12.3.rel1.linux64_1.1.0.202410170702/tools/bin/../lib/gcc/arm-none-eabi/12.3.1/../../../../arm-none-eabi/lib/thumb/v7e-m+dp/hard/libc_nano.a(libc_a-signalr.o)
                0x0800b1f0                _getpid_r
 .text.__swhatbuf_r
                0x0800b1f4       0x4c /home/jonathan/st/stm32cubeide_1.17.0/plugins/com.st.stm32cube.ide.mcu.externaltools.gnu-tools-for-stm32.12.3.rel1.linux64_1.1.0.202410170702/tools/bin/../lib/gcc/arm-none-eabi/12.3.1/../../../../arm-none-eabi/lib/thumb/v7e-m+dp/hard/libc_nano.a(libc_a-makebuf.o)
                0x0800b1f4                __swhatbuf_r
 .text.__smakebuf_r
                0x0800b240       0x78 /home/jonathan/st/stm32cubeide_1.17.0/plugins/com.st.stm32cube.ide.mcu.externaltools.gnu-tools-for-stm32.12.3.rel1.linux64_1.1.0.202410170702/tools/bin/../lib/gcc/arm-none-eabi/12.3.1/../../../../arm-none-eabi/lib/thumb/v7e-m+dp/hard/libc_nano.a(libc_a-makebuf.o)
                0x0800b240                __smakebuf_r
 .text._fstat_r
                0x0800b2b8       0x24 /home/jonathan/st/stm32cubeide_1.17.0/plugins/com.st.stm32cube.ide.mcu.externaltools.gnu-tools-for-stm32.12.3.rel1.linux64_1.1.0.202410170702/tools/bin/../lib/gcc/arm-none-eabi/12.3.1/../../../../arm-none-eabi/lib/thumb/v7e-m+dp/hard/libc_nano.a(libc_a-fstatr.o)
                0x0800b2b8                _fstat_r
 .text._isatty_r
                0x0800b2dc       0x20 /home/jonathan/st/stm32cubeide_1.17.0/plugins/com.st.stm32cube.ide.mcu.externaltools.gnu-tools-for-stm32.12.3.rel1.linux64_1.1.0.202410170702/tools/bin/../lib/gcc/arm-none-eabi/12.3.1/../../../../arm-none-eabi/lib/thumb/v7e-m+dp/hard/libc_nano.a(libc_a-isattyr.o)
                0x0800b2dc                _isatty_r
 .text.asinf    0x0800b2fc       0x58 /home/jonathan/st/stm32cubeide_1.17.0/plugins/com.st.stm32cube.ide.mcu.externaltools.gnu-tools-for-stm32.12.3.rel1.linux64_1.1.0.202410170702/tools/bin/../lib/gcc/arm-none-eabi/12.3.1/../../../../arm-none-eabi/lib/thumb/v7e-m+dp/hard/libm.a(libm_a-wf_asin.o)
                0x0800b2fc                asinf
 .text.atan2f   0x0800b354        0x4 /home/jonathan/st/stm32cubeide_1.17.0/plugins/com.st.stm32cube.ide.mcu.externaltools.gnu-tools-for-stm32.12.3.rel1.linux64_1.1.0.202410170702/tools/bin/../lib/gcc/arm-none-eabi/12.3.1/../../../../arm-none-eabi/lib/thumb/v7e-m+dp/hard/libm.a(libm_a-wf_atan2.o)
                0x0800b354                atan2f
 .text.fabsf    0x0800b358        0xe /home/jonathan/st/stm32cubeide_1.17.0/plugins/com.st.stm32cube.ide.mcu.externaltools.gnu-tools-for-stm32.12.3.rel1.linux64_1.1.0.202410170702/tools/bin/../lib/gcc/arm-none-eabi/12.3.1/../../../../arm-none-eabi/lib/thumb/v7e-m+dp/hard/libm.a(libm_a-sf_fabs.o)
                0x0800b358                fabsf
 *fill*         0x0800b366        0x2 
 .text.__ieee754_asinf
                0x0800b368      0x1cc /home/jonathan/st/stm32cubeide_1.17.0/plugins/com.st.stm32cube.ide.mcu.externaltools.gnu-tools-for-stm32.12.3.rel1.linux64_1.1.0.202410170702/tools/bin/../lib/gcc/arm-none-eabi/12.3.1/../../../../arm-none-eabi/lib/thumb/v7e-m+dp/hard/libm.a(libm_a-ef_asin.o)
                0x0800b368                __ieee754_asinf
 .text.__ieee754_atan2f
                0x0800b534      0x13c /home/jonathan/st/stm32cubeide_1.17.0/plugins/com.st.stm32cube.ide.mcu.externaltools.gnu-tools-for-stm32.12.3.rel1.linux64_1.1.0.202410170702/tools/bin/../lib/gcc/arm-none-eabi/12.3.1/../../../../arm-none-eabi/lib/thumb/v7e-m+dp/hard/libm.a(libm_a-ef_atan2.o)
                0x0800b534                __ieee754_atan2f
 .text.atanf    0x0800b670      0x1a8 /home/jonathan/st/stm32cubeide_1.17.0/plugins/com.st.stm32cube.ide.mcu.externaltools.gnu-tools-for-stm32.12.3.rel1.linux64_1.1.0.202410170702/tools/bin/../lib/gcc/arm-none-eabi/12.3.1/../../../../arm-none-eabi/lib/thumb/v7e-m+dp/hard/libm.a(libm_a-sf_atan.o)
                0x0800b670                atanf
 .text.__ieee754_sqrtf
                0x0800b818        0x6 /home/jonathan/st/stm32cubeide_1.17.0/plugins/com.st.stm32cube.ide.mcu.externaltools.gnu-tools-for-stm32.12.3.rel1.linux64_1.1.0.202410170702/tools/bin/../lib/gcc/arm-none-eabi/12.3.1/../../../../arm-none-eabi/lib/thumb/v7e-m+dp/hard/libm.a(libm_a-ef_sqrt.o)
                0x0800b818                __ieee754_sqrtf
 *(.glue_7)
 .glue_7        0x0800b81e        0x0 linker stubs
 *(.glue_7t)
 .glue_7t       0x0800b81e        0x0 linker stubs
 *(.eh_frame)
 *fill*         0x0800b81e        0x2 
 .eh_frame      0x0800b820        0x0 /home/jonathan/st/stm32cubeide_1.17.0/plugins/com.st.stm32cube.ide.mcu.externaltools.gnu-tools-for-stm32.12.3.rel1.linux64_1.1.0.202410170702/tools/bin/../lib/gcc/arm-none-eabi/12.3.1/thumb/v7e-m+dp/hard/crtbegin.o
 *(.init)
 .init          0x0800b820        0x4 /home/jonathan/st/stm32cubeide_1.17.0/plugins/com.st.stm32cube.ide.mcu.externaltools.gnu-tools-for-stm32.12.3.rel1.linux64_1.1.0.202410170702/tools/bin/../lib/gcc/arm-none-eabi/12.3.1/thumb/v7e-m+dp/hard/crti.o
                0x0800b820                _init
 .init          0x0800b824        0x8 /home/jonathan/st/stm32cubeide_1.17.0/plugins/com.st.stm32cube.ide.mcu.externaltools.gnu-tools-for-stm32.12.3.rel1.linux64_1.1.0.202410170702/tools/bin/../lib/gcc/arm-none-eabi/12.3.1/thumb/v7e-m+dp/hard/crtn.o
 *(.fini)
 .fini          0x0800b82c        0x4 /home/jonathan/st/stm32cubeide_1.17.0/plugins/com.st.stm32cube.ide.mcu.externaltools.gnu-tools-for-stm32.12.3.rel1.linux64_1.1.0.202410170702/tools/bin/../lib/gcc/arm-none-eabi/12.3.1/thumb/v7e-m+dp/hard/crti.o
                0x0800b82c                _fini
 .fini          0x0800b830        0x8 /home/jonathan/st/stm32cubeide_1.17.0/plugins/com.st.stm32cube.ide.mcu.externaltools.gnu-tools-for-stm32.12.3.rel1.linux64_1.1.0.202410170702/tools/bin/../lib/gcc/arm-none-eabi/12.3.1/thumb/v7e-m+dp/hard/crtn.o
                0x0800b838                        . = ALIGN (0x4)
                0x0800b838                        _etext = .

.vfp11_veneer   0x0800b838        0x0
 .vfp11_veneer  0x0800b838        0x0 linker stubs

.v4_bx          0x0800b838        0x0
 .v4_bx         0x0800b838        0x0 linker stubs

.iplt           0x0800b838        0x0
 .iplt          0x0800b838        0x0 /home/jonathan/st/stm32cubeide_1.17.0/plugins/com.st.stm32cube.ide.mcu.externaltools.gnu-tools-for-stm32.12.3.rel1.linux64_1.1.0.202410170702/tools/bin/../lib/gcc/arm-none-eabi/12.3.1/thumb/v7e-m+dp/hard/crtbegin.o

.rodata         0x0800b838      0x500
                0x0800b838                        . = ALIGN (0x4)
 *(.rodata)
 .rodata        0x0800b838       0x20 ./Core/Src/bno055.o
 *(.rodata*)
 .rodata.str1.1
                0x0800b858        0xc ./Core/Src/main.o
 .rodata.defaultTask_attributes
                0x0800b864       0x24 ./Core/Src/main.o
                0x0800b864                defaultTask_attributes
 .rodata.D1CorePrescTable
                0x0800b888       0x10 ./Core/Src/system_stm32h7xx.o
                0x0800b888                D1CorePrescTable
 .rodata.UARTPrescTable
                0x0800b898       0x18 ./Drivers/STM32H7xx_HAL_Driver/Src/stm32h7xx_hal_uart.o
                0x0800b898                UARTPrescTable
 .rodata.denominator.0
                0x0800b8b0        0x8 ./Drivers/STM32H7xx_HAL_Driver/Src/stm32h7xx_hal_uart_ex.o
 .rodata.numerator.1
                0x0800b8b8        0x8 ./Drivers/STM32H7xx_HAL_Driver/Src/stm32h7xx_hal_uart_ex.o
 .rodata.vTaskStartScheduler.str1.1
                0x0800b8c0        0x5 ./Middlewares/Third_Party/FreeRTOS/Source/tasks.o
 .rodata.prvCheckForValidListAndQueue.str1.1
                0x0800b8c5        0x5 ./Middlewares/Third_Party/FreeRTOS/Source/timers.o
 .rodata.xTimerCreateTimerTask.str1.1
                0x0800b8ca        0x8 ./Middlewares/Third_Party/FreeRTOS/Source/timers.o
 .rodata._printf_float.str1.1